Archive member included because of file (symbol)

.\CortexM3\ARM_GCC_484\Debug\Bootloader550M.a(cyfitter_cfg.o)
                              .\CortexM3\ARM_GCC_484\Debug\Cm3Start.o (cyfitter_cfg)
.\CortexM3\ARM_GCC_484\Debug\Bootloader550M.a(Bootloader_1.o)
                              .\CortexM3\ARM_GCC_484\Debug\main.o (Bootloader_1_Start)
.\CortexM3\ARM_GCC_484\Debug\Bootloader550M.a(UART_1_BOOT.o)
                              .\CortexM3\ARM_GCC_484\Debug\Bootloader550M.a(Bootloader_1.o) (UART_1_CyBtldrCommStart)
.\CortexM3\ARM_GCC_484\Debug\Bootloader550M.a(CyBootAsmGnu.o)
                              .\CortexM3\ARM_GCC_484\Debug\Bootloader550M.a(cyfitter_cfg.o) (CyDelayCycles)
.\CortexM3\ARM_GCC_484\Debug\Bootloader550M.a(CyFlash.o)
                              .\CortexM3\ARM_GCC_484\Debug\Bootloader550M.a(Bootloader_1.o) (CySetTemp)
.\CortexM3\ARM_GCC_484\Debug\Bootloader550M.a(CyLib.o)
                              .\CortexM3\ARM_GCC_484\Debug\Cm3Start.o (CyResetStatus)
.\CortexM3\ARM_GCC_484\Debug\Bootloader550M.a(cyPm.o)
                              .\CortexM3\ARM_GCC_484\Debug\Bootloader550M.a(CyLib.o) (CyPmReadStatus)
.\CortexM3\ARM_GCC_484\Debug\Bootloader550M.a(CySpc.o)
                              .\CortexM3\ARM_GCC_484\Debug\Bootloader550M.a(CyFlash.o) (CySpcStart)
.\CortexM3\ARM_GCC_484\Debug\Bootloader550M.a(UART_1.o)
                              .\CortexM3\ARM_GCC_484\Debug\Bootloader550M.a(UART_1_BOOT.o) (UART_1_Start)
.\CortexM3\ARM_GCC_484\Debug\Bootloader550M.a(UART_1_INT.o)
                              .\CortexM3\ARM_GCC_484\Debug\Bootloader550M.a(UART_1.o) (UART_1_RXISR)
.\CortexM3\ARM_GCC_484\Debug\Bootloader550M.a(UART_1_IntClock.o)
                              .\CortexM3\ARM_GCC_484\Debug\Bootloader550M.a(UART_1.o) (UART_1_IntClock_Start)
c:/program files (x86)/cypress/psoc creator/3.2/psoc creator/import/gnu/arm/4.8.4/bin/../lib/gcc/arm-none-eabi/4.8.4/../../../../arm-none-eabi/lib/armv7-m\libg_s.a(lib_a-errno.o)
                              .\CortexM3\ARM_GCC_484\Debug\Cm3Start.o (__errno)
c:/program files (x86)/cypress/psoc creator/3.2/psoc creator/import/gnu/arm/4.8.4/bin/../lib/gcc/arm-none-eabi/4.8.4/../../../../arm-none-eabi/lib/armv7-m\libg_s.a(lib_a-exit.o)
                              c:/program files (x86)/cypress/psoc creator/3.2/psoc creator/import/gnu/arm/4.8.4/bin/../lib/gcc/arm-none-eabi/4.8.4/../../../../arm-none-eabi/lib/armv7-m/crt0.o (exit)
c:/program files (x86)/cypress/psoc creator/3.2/psoc creator/import/gnu/arm/4.8.4/bin/../lib/gcc/arm-none-eabi/4.8.4/../../../../arm-none-eabi/lib/armv7-m\libg_s.a(lib_a-impure.o)
                              c:/program files (x86)/cypress/psoc creator/3.2/psoc creator/import/gnu/arm/4.8.4/bin/../lib/gcc/arm-none-eabi/4.8.4/../../../../arm-none-eabi/lib/armv7-m\libg_s.a(lib_a-exit.o) (_global_impure_ptr)
c:/program files (x86)/cypress/psoc creator/3.2/psoc creator/import/gnu/arm/4.8.4/bin/../lib/gcc/arm-none-eabi/4.8.4/../../../../arm-none-eabi/lib/armv7-m\libg_s.a(lib_a-init.o)
                              c:/program files (x86)/cypress/psoc creator/3.2/psoc creator/import/gnu/arm/4.8.4/bin/../lib/gcc/arm-none-eabi/4.8.4/../../../../arm-none-eabi/lib/armv7-m/crt0.o (__libc_init_array)
c:/program files (x86)/cypress/psoc creator/3.2/psoc creator/import/gnu/arm/4.8.4/bin/../lib/gcc/arm-none-eabi/4.8.4/../../../../arm-none-eabi/lib/armv7-m\libg_s.a(lib_a-memcpy-stub.o)
                              .\CortexM3\ARM_GCC_484\Debug\Bootloader550M.a(cyfitter_cfg.o) (memcpy)
c:/program files (x86)/cypress/psoc creator/3.2/psoc creator/import/gnu/arm/4.8.4/bin/../lib/gcc/arm-none-eabi/4.8.4/../../../../arm-none-eabi/lib/armv7-m\libg_s.a(lib_a-memset.o)
                              c:/program files (x86)/cypress/psoc creator/3.2/psoc creator/import/gnu/arm/4.8.4/bin/../lib/gcc/arm-none-eabi/4.8.4/../../../../arm-none-eabi/lib/armv7-m/crt0.o (memset)

Allocating common symbols
Common symbol       size              file

UART_1_rxBuffer     0x80              .\CortexM3\ARM_GCC_484\Debug\Bootloader550M.a(UART_1.o)
dieTemperature      0x2               .\CortexM3\ARM_GCC_484\Debug\Bootloader550M.a(CyFlash.o)

Discarded input sections

 .text          0x00000000        0x0 c:/program files (x86)/cypress/psoc creator/3.2/psoc creator/import/gnu/arm/4.8.4/bin/../lib/gcc/arm-none-eabi/4.8.4/armv7-m/crti.o
 .data          0x00000000        0x0 c:/program files (x86)/cypress/psoc creator/3.2/psoc creator/import/gnu/arm/4.8.4/bin/../lib/gcc/arm-none-eabi/4.8.4/armv7-m/crti.o
 .bss           0x00000000        0x0 c:/program files (x86)/cypress/psoc creator/3.2/psoc creator/import/gnu/arm/4.8.4/bin/../lib/gcc/arm-none-eabi/4.8.4/armv7-m/crti.o
 .data          0x00000000        0x4 c:/program files (x86)/cypress/psoc creator/3.2/psoc creator/import/gnu/arm/4.8.4/bin/../lib/gcc/arm-none-eabi/4.8.4/armv7-m/crtbegin.o
 .text          0x00000000       0x74 c:/program files (x86)/cypress/psoc creator/3.2/psoc creator/import/gnu/arm/4.8.4/bin/../lib/gcc/arm-none-eabi/4.8.4/../../../../arm-none-eabi/lib/armv7-m/crt0.o
 .data          0x00000000        0x0 c:/program files (x86)/cypress/psoc creator/3.2/psoc creator/import/gnu/arm/4.8.4/bin/../lib/gcc/arm-none-eabi/4.8.4/../../../../arm-none-eabi/lib/armv7-m/crt0.o
 .bss           0x00000000        0x0 c:/program files (x86)/cypress/psoc creator/3.2/psoc creator/import/gnu/arm/4.8.4/bin/../lib/gcc/arm-none-eabi/4.8.4/../../../../arm-none-eabi/lib/armv7-m/crt0.o
 .ARM.extab     0x00000000        0x0 c:/program files (x86)/cypress/psoc creator/3.2/psoc creator/import/gnu/arm/4.8.4/bin/../lib/gcc/arm-none-eabi/4.8.4/../../../../arm-none-eabi/lib/armv7-m/crt0.o
 .ARM.exidx     0x00000000        0x8 c:/program files (x86)/cypress/psoc creator/3.2/psoc creator/import/gnu/arm/4.8.4/bin/../lib/gcc/arm-none-eabi/4.8.4/../../../../arm-none-eabi/lib/armv7-m/crt0.o
 .text          0x00000000        0x0 .\CortexM3\ARM_GCC_484\Debug\main.o
 .data          0x00000000        0x0 .\CortexM3\ARM_GCC_484\Debug\main.o
 .bss           0x00000000        0x0 .\CortexM3\ARM_GCC_484\Debug\main.o
 .text          0x00000000        0x0 .\CortexM3\ARM_GCC_484\Debug\cymetadata.o
 .data          0x00000000        0x0 .\CortexM3\ARM_GCC_484\Debug\cymetadata.o
 .bss           0x00000000        0x0 .\CortexM3\ARM_GCC_484\Debug\cymetadata.o
 .text          0x00000000        0x0 .\CortexM3\ARM_GCC_484\Debug\Cm3Start.o
 .data          0x00000000        0x4 .\CortexM3\ARM_GCC_484\Debug\Cm3Start.o
 .bss           0x00000000        0x0 .\CortexM3\ARM_GCC_484\Debug\Cm3Start.o
 .text._exit    0x00000000       0x14 .\CortexM3\ARM_GCC_484\Debug\Cm3Start.o
 .text._sbrk    0x00000000       0x54 .\CortexM3\ARM_GCC_484\Debug\Cm3Start.o
 .text          0x00000000        0x0 .\CortexM3\ARM_GCC_484\Debug\Bootloader550M.a(cyfitter_cfg.o)
 .data          0x00000000        0x0 .\CortexM3\ARM_GCC_484\Debug\Bootloader550M.a(cyfitter_cfg.o)
 .bss           0x00000000        0x0 .\CortexM3\ARM_GCC_484\Debug\Bootloader550M.a(cyfitter_cfg.o)
 .text.SetAnalogRoutingPumps
                0x00000000       0x28 .\CortexM3\ARM_GCC_484\Debug\Bootloader550M.a(cyfitter_cfg.o)
 .text          0x00000000        0x0 .\CortexM3\ARM_GCC_484\Debug\Bootloader550M.a(Bootloader_1.o)
 .bss           0x00000000        0x0 .\CortexM3\ARM_GCC_484\Debug\Bootloader550M.a(Bootloader_1.o)
 .text.Bootloader_1_Exit
                0x00000000       0x7c .\CortexM3\ARM_GCC_484\Debug\Bootloader550M.a(Bootloader_1.o)
 .text.Bootloader_1_SetFlashByte
                0x00000000       0x9c .\CortexM3\ARM_GCC_484\Debug\Bootloader550M.a(Bootloader_1.o)
 .text          0x00000000        0x0 .\CortexM3\ARM_GCC_484\Debug\Bootloader550M.a(UART_1_BOOT.o)
 .data          0x00000000        0x0 .\CortexM3\ARM_GCC_484\Debug\Bootloader550M.a(UART_1_BOOT.o)
 .bss           0x00000000        0x0 .\CortexM3\ARM_GCC_484\Debug\Bootloader550M.a(UART_1_BOOT.o)
 .text.UART_1_CyBtldrCommStop
                0x00000000        0xc .\CortexM3\ARM_GCC_484\Debug\Bootloader550M.a(UART_1_BOOT.o)
 .text.UART_1_CyBtldrCommReset
                0x00000000       0x10 .\CortexM3\ARM_GCC_484\Debug\Bootloader550M.a(UART_1_BOOT.o)
 .data          0x00000000        0x0 .\CortexM3\ARM_GCC_484\Debug\Bootloader550M.a(CyBootAsmGnu.o)
 .bss           0x00000000        0x0 .\CortexM3\ARM_GCC_484\Debug\Bootloader550M.a(CyBootAsmGnu.o)
 .text          0x00000000        0x0 .\CortexM3\ARM_GCC_484\Debug\Bootloader550M.a(CyFlash.o)
 .data          0x00000000        0x0 .\CortexM3\ARM_GCC_484\Debug\Bootloader550M.a(CyFlash.o)
 .bss           0x00000000        0x4 .\CortexM3\ARM_GCC_484\Debug\Bootloader550M.a(CyFlash.o)
 .text.CyFlash_Start
                0x00000000       0x8c .\CortexM3\ARM_GCC_484\Debug\Bootloader550M.a(CyFlash.o)
 .text.CyFlash_Stop
                0x00000000       0x44 .\CortexM3\ARM_GCC_484\Debug\Bootloader550M.a(CyFlash.o)
 .text.CySetFlashEEBuffer
                0x00000000       0x54 .\CortexM3\ARM_GCC_484\Debug\Bootloader550M.a(CyFlash.o)
 .text.CyWriteRowData
                0x00000000       0x3c .\CortexM3\ARM_GCC_484\Debug\Bootloader550M.a(CyFlash.o)
 .text.CyFlash_SetWaitCycles
                0x00000000       0xbc .\CortexM3\ARM_GCC_484\Debug\Bootloader550M.a(CyFlash.o)
 .text.CyEEPROM_Stop
                0x00000000       0x44 .\CortexM3\ARM_GCC_484\Debug\Bootloader550M.a(CyFlash.o)
 .text.CyEEPROM_ReadReserve
                0x00000000       0x30 .\CortexM3\ARM_GCC_484\Debug\Bootloader550M.a(CyFlash.o)
 .text.CyEEPROM_ReadRelease
                0x00000000       0x20 .\CortexM3\ARM_GCC_484\Debug\Bootloader550M.a(CyFlash.o)
 .text          0x00000000        0x0 .\CortexM3\ARM_GCC_484\Debug\Bootloader550M.a(CyLib.o)
 .bss           0x00000000       0x1c .\CortexM3\ARM_GCC_484\Debug\Bootloader550M.a(CyLib.o)
 .text.CyPLL_OUT_Start
                0x00000000       0xb0 .\CortexM3\ARM_GCC_484\Debug\Bootloader550M.a(CyLib.o)
 .text.CyPLL_OUT_Stop
                0x00000000       0x20 .\CortexM3\ARM_GCC_484\Debug\Bootloader550M.a(CyLib.o)
 .text.CyPLL_OUT_SetPQ
                0x00000000       0x90 .\CortexM3\ARM_GCC_484\Debug\Bootloader550M.a(CyLib.o)
 .text.CyPLL_OUT_SetSource
                0x00000000       0x54 .\CortexM3\ARM_GCC_484\Debug\Bootloader550M.a(CyLib.o)
 .text.CyIMO_Start
                0x00000000       0x94 .\CortexM3\ARM_GCC_484\Debug\Bootloader550M.a(CyLib.o)
 .text.CyIMO_Stop
                0x00000000       0x34 .\CortexM3\ARM_GCC_484\Debug\Bootloader550M.a(CyLib.o)
 .text.CyUSB_PowerOnCheck
                0x00000000       0x60 .\CortexM3\ARM_GCC_484\Debug\Bootloader550M.a(CyLib.o)
 .text.CyIMO_SetTrimValue
                0x00000000      0x108 .\CortexM3\ARM_GCC_484\Debug\Bootloader550M.a(CyLib.o)
 .text.CyIMO_SetFreq
                0x00000000      0x1ac .\CortexM3\ARM_GCC_484\Debug\Bootloader550M.a(CyLib.o)
 .text.CyIMO_SetSource
                0x00000000       0x8c .\CortexM3\ARM_GCC_484\Debug\Bootloader550M.a(CyLib.o)
 .text.CyIMO_EnableDoubler
                0x00000000       0x20 .\CortexM3\ARM_GCC_484\Debug\Bootloader550M.a(CyLib.o)
 .text.CyIMO_DisableDoubler
                0x00000000       0x20 .\CortexM3\ARM_GCC_484\Debug\Bootloader550M.a(CyLib.o)
 .text.CyMasterClk_SetSource
                0x00000000       0x34 .\CortexM3\ARM_GCC_484\Debug\Bootloader550M.a(CyLib.o)
 .text.CyMasterClk_SetDivider
                0x00000000       0x20 .\CortexM3\ARM_GCC_484\Debug\Bootloader550M.a(CyLib.o)
 .text.CyBusClk_Internal_SetDivider
                0x00000000       0x78 .\CortexM3\ARM_GCC_484\Debug\Bootloader550M.a(CyLib.o)
 .text.CyBusClk_SetDivider
                0x00000000       0xb0 .\CortexM3\ARM_GCC_484\Debug\Bootloader550M.a(CyLib.o)
 .text.CyUsbClk_SetSource
                0x00000000       0x34 .\CortexM3\ARM_GCC_484\Debug\Bootloader550M.a(CyLib.o)
 .text.CyILO_Start1K
                0x00000000       0x20 .\CortexM3\ARM_GCC_484\Debug\Bootloader550M.a(CyLib.o)
 .text.CyILO_Stop1K
                0x00000000       0x20 .\CortexM3\ARM_GCC_484\Debug\Bootloader550M.a(CyLib.o)
 .text.CyILO_Start100K
                0x00000000       0x20 .\CortexM3\ARM_GCC_484\Debug\Bootloader550M.a(CyLib.o)
 .text.CyILO_Stop100K
                0x00000000       0x20 .\CortexM3\ARM_GCC_484\Debug\Bootloader550M.a(CyLib.o)
 .text.CyILO_Enable33K
                0x00000000       0x20 .\CortexM3\ARM_GCC_484\Debug\Bootloader550M.a(CyLib.o)
 .text.CyILO_Disable33K
                0x00000000       0x20 .\CortexM3\ARM_GCC_484\Debug\Bootloader550M.a(CyLib.o)
 .text.CyILO_SetSource
                0x00000000       0x38 .\CortexM3\ARM_GCC_484\Debug\Bootloader550M.a(CyLib.o)
 .text.CyILO_SetPowerMode
                0x00000000       0x4c .\CortexM3\ARM_GCC_484\Debug\Bootloader550M.a(CyLib.o)
 .text.CyXTAL_32KHZ_Start
                0x00000000       0x84 .\CortexM3\ARM_GCC_484\Debug\Bootloader550M.a(CyLib.o)
 .text.CyXTAL_32KHZ_Stop
                0x00000000       0x50 .\CortexM3\ARM_GCC_484\Debug\Bootloader550M.a(CyLib.o)
 .text.CyXTAL_32KHZ_ReadStatus
                0x00000000       0x20 .\CortexM3\ARM_GCC_484\Debug\Bootloader550M.a(CyLib.o)
 .text.CyXTAL_32KHZ_SetPowerMode
                0x00000000       0xb4 .\CortexM3\ARM_GCC_484\Debug\Bootloader550M.a(CyLib.o)
 .text.CyXTAL_Start
                0x00000000       0xd0 .\CortexM3\ARM_GCC_484\Debug\Bootloader550M.a(CyLib.o)
 .text.CyXTAL_Stop
                0x00000000       0x20 .\CortexM3\ARM_GCC_484\Debug\Bootloader550M.a(CyLib.o)
 .text.CyXTAL_EnableErrStatus
                0x00000000       0x20 .\CortexM3\ARM_GCC_484\Debug\Bootloader550M.a(CyLib.o)
 .text.CyXTAL_DisableErrStatus
                0x00000000       0x20 .\CortexM3\ARM_GCC_484\Debug\Bootloader550M.a(CyLib.o)
 .text.CyXTAL_ReadStatus
                0x00000000       0x28 .\CortexM3\ARM_GCC_484\Debug\Bootloader550M.a(CyLib.o)
 .text.CyXTAL_EnableFaultRecovery
                0x00000000       0x20 .\CortexM3\ARM_GCC_484\Debug\Bootloader550M.a(CyLib.o)
 .text.CyXTAL_DisableFaultRecovery
                0x00000000       0x20 .\CortexM3\ARM_GCC_484\Debug\Bootloader550M.a(CyLib.o)
 .text.CyXTAL_SetStartup
                0x00000000       0x34 .\CortexM3\ARM_GCC_484\Debug\Bootloader550M.a(CyLib.o)
 .text.CyXTAL_SetFbVoltage
                0x00000000       0x34 .\CortexM3\ARM_GCC_484\Debug\Bootloader550M.a(CyLib.o)
 .text.CyXTAL_SetWdVoltage
                0x00000000       0x38 .\CortexM3\ARM_GCC_484\Debug\Bootloader550M.a(CyLib.o)
 .text.CyDelayFreq
                0x00000000       0x7c .\CortexM3\ARM_GCC_484\Debug\Bootloader550M.a(CyLib.o)
 .text.CyWdtStart
                0x00000000       0x88 .\CortexM3\ARM_GCC_484\Debug\Bootloader550M.a(CyLib.o)
 .text.CyWdtClear
                0x00000000       0x18 .\CortexM3\ARM_GCC_484\Debug\Bootloader550M.a(CyLib.o)
 .text.CyVdLvDigitEnable
                0x00000000       0xc8 .\CortexM3\ARM_GCC_484\Debug\Bootloader550M.a(CyLib.o)
 .text.CyVdLvAnalogEnable
                0x00000000       0xc8 .\CortexM3\ARM_GCC_484\Debug\Bootloader550M.a(CyLib.o)
 .text.CyVdLvDigitDisable
                0x00000000       0x48 .\CortexM3\ARM_GCC_484\Debug\Bootloader550M.a(CyLib.o)
 .text.CyVdLvAnalogDisable
                0x00000000       0x40 .\CortexM3\ARM_GCC_484\Debug\Bootloader550M.a(CyLib.o)
 .text.CyVdHvAnalogEnable
                0x00000000       0x78 .\CortexM3\ARM_GCC_484\Debug\Bootloader550M.a(CyLib.o)
 .text.CyVdHvAnalogDisable
                0x00000000       0x2c .\CortexM3\ARM_GCC_484\Debug\Bootloader550M.a(CyLib.o)
 .text.CyVdStickyStatus
                0x00000000       0x5c .\CortexM3\ARM_GCC_484\Debug\Bootloader550M.a(CyLib.o)
 .text.CyVdRealTimeStatus
                0x00000000       0x30 .\CortexM3\ARM_GCC_484\Debug\Bootloader550M.a(CyLib.o)
 .text.CyDisableInts
                0x00000000       0x34 .\CortexM3\ARM_GCC_484\Debug\Bootloader550M.a(CyLib.o)
 .text.CyEnableInts
                0x00000000       0x28 .\CortexM3\ARM_GCC_484\Debug\Bootloader550M.a(CyLib.o)
 .text.CyIntSetSysVector
                0x00000000       0x4c .\CortexM3\ARM_GCC_484\Debug\Bootloader550M.a(CyLib.o)
 .text.CyIntGetSysVector
                0x00000000       0x38 .\CortexM3\ARM_GCC_484\Debug\Bootloader550M.a(CyLib.o)
 .text.CyIntGetVector
                0x00000000       0x38 .\CortexM3\ARM_GCC_484\Debug\Bootloader550M.a(CyLib.o)
 .text.CyIntGetPriority
                0x00000000       0x38 .\CortexM3\ARM_GCC_484\Debug\Bootloader550M.a(CyLib.o)
 .text.CyIntGetState
                0x00000000       0x44 .\CortexM3\ARM_GCC_484\Debug\Bootloader550M.a(CyLib.o)
 .text.CySysTickStart
                0x00000000       0x20 .\CortexM3\ARM_GCC_484\Debug\Bootloader550M.a(CyLib.o)
 .text.CySysTickInit
                0x00000000       0x68 .\CortexM3\ARM_GCC_484\Debug\Bootloader550M.a(CyLib.o)
 .text.CySysTickEnable
                0x00000000       0x1c .\CortexM3\ARM_GCC_484\Debug\Bootloader550M.a(CyLib.o)
 .text.CySysTickStop
                0x00000000       0x1c .\CortexM3\ARM_GCC_484\Debug\Bootloader550M.a(CyLib.o)
 .text.CySysTickEnableInterrupt
                0x00000000       0x1c .\CortexM3\ARM_GCC_484\Debug\Bootloader550M.a(CyLib.o)
 .text.CySysTickDisableInterrupt
                0x00000000       0x1c .\CortexM3\ARM_GCC_484\Debug\Bootloader550M.a(CyLib.o)
 .text.CySysTickSetReload
                0x00000000       0x20 .\CortexM3\ARM_GCC_484\Debug\Bootloader550M.a(CyLib.o)
 .text.CySysTickGetReload
                0x00000000       0x1c .\CortexM3\ARM_GCC_484\Debug\Bootloader550M.a(CyLib.o)
 .text.CySysTickGetValue
                0x00000000       0x1c .\CortexM3\ARM_GCC_484\Debug\Bootloader550M.a(CyLib.o)
 .text.CySysTickSetClockSource
                0x00000000       0x38 .\CortexM3\ARM_GCC_484\Debug\Bootloader550M.a(CyLib.o)
 .text.CySysTickGetCountFlag
                0x00000000       0x1c .\CortexM3\ARM_GCC_484\Debug\Bootloader550M.a(CyLib.o)
 .text.CySysTickClear
                0x00000000       0x18 .\CortexM3\ARM_GCC_484\Debug\Bootloader550M.a(CyLib.o)
 .text.CySysTickSetCallback
                0x00000000       0x30 .\CortexM3\ARM_GCC_484\Debug\Bootloader550M.a(CyLib.o)
 .text.CySysTickGetCallback
                0x00000000       0x20 .\CortexM3\ARM_GCC_484\Debug\Bootloader550M.a(CyLib.o)
 .text.CySysTickServiceCallbacks
                0x00000000       0x44 .\CortexM3\ARM_GCC_484\Debug\Bootloader550M.a(CyLib.o)
 .text.CyGetUniqueId
                0x00000000       0xc4 .\CortexM3\ARM_GCC_484\Debug\Bootloader550M.a(CyLib.o)
 .text          0x00000000        0x0 .\CortexM3\ARM_GCC_484\Debug\Bootloader550M.a(cyPm.o)
 .data          0x00000000        0x0 .\CortexM3\ARM_GCC_484\Debug\Bootloader550M.a(cyPm.o)
 .bss           0x00000000       0x44 .\CortexM3\ARM_GCC_484\Debug\Bootloader550M.a(cyPm.o)
 .rodata        0x00000000       0x10 .\CortexM3\ARM_GCC_484\Debug\Bootloader550M.a(cyPm.o)
 .text.CyPmSaveClocks
                0x00000000      0x280 .\CortexM3\ARM_GCC_484\Debug\Bootloader550M.a(cyPm.o)
 .text.CyPmRestoreClocks
                0x00000000      0x300 .\CortexM3\ARM_GCC_484\Debug\Bootloader550M.a(cyPm.o)
 .text.CyPmAltAct
                0x00000000       0xb8 .\CortexM3\ARM_GCC_484\Debug\Bootloader550M.a(cyPm.o)
 .text.CyPmSleep
                0x00000000      0x16c .\CortexM3\ARM_GCC_484\Debug\Bootloader550M.a(cyPm.o)
 .text.CyPmHibernate
                0x00000000        0xc .\CortexM3\ARM_GCC_484\Debug\Bootloader550M.a(cyPm.o)
 .text.CyPmHibernateEx
                0x00000000      0x158 .\CortexM3\ARM_GCC_484\Debug\Bootloader550M.a(cyPm.o)
 .text.CyPmReadStatus
                0x00000000       0x5c .\CortexM3\ARM_GCC_484\Debug\Bootloader550M.a(cyPm.o)
 .text.CyPmHibSaveSet
                0x00000000       0xd4 .\CortexM3\ARM_GCC_484\Debug\Bootloader550M.a(cyPm.o)
 .text.CyPmHibRestore
                0x00000000       0x68 .\CortexM3\ARM_GCC_484\Debug\Bootloader550M.a(cyPm.o)
 .text.CyPmCtwSetInterval
                0x00000000       0x90 .\CortexM3\ARM_GCC_484\Debug\Bootloader550M.a(cyPm.o)
 .text.CyPmOppsSet
                0x00000000       0x40 .\CortexM3\ARM_GCC_484\Debug\Bootloader550M.a(cyPm.o)
 .text.CyPmFtwSetInterval
                0x00000000       0x90 .\CortexM3\ARM_GCC_484\Debug\Bootloader550M.a(cyPm.o)
 .text.CyPmHibSlpSaveSet
                0x00000000      0x280 .\CortexM3\ARM_GCC_484\Debug\Bootloader550M.a(cyPm.o)
 .text.CyPmHibSlpRestore
                0x00000000      0x188 .\CortexM3\ARM_GCC_484\Debug\Bootloader550M.a(cyPm.o)
 .text.CyPmHviLviSaveDisable
                0x00000000       0xd4 .\CortexM3\ARM_GCC_484\Debug\Bootloader550M.a(cyPm.o)
 .text.CyPmHviLviRestore
                0x00000000       0x54 .\CortexM3\ARM_GCC_484\Debug\Bootloader550M.a(cyPm.o)
 .text          0x00000000        0x0 .\CortexM3\ARM_GCC_484\Debug\Bootloader550M.a(CySpc.o)
 .data          0x00000000        0x0 .\CortexM3\ARM_GCC_484\Debug\Bootloader550M.a(CySpc.o)
 .text.CySpcStop
                0x00000000       0x44 .\CortexM3\ARM_GCC_484\Debug\Bootloader550M.a(CySpc.o)
 .text.CySpcLoadMultiByte
                0x00000000       0xd0 .\CortexM3\ARM_GCC_484\Debug\Bootloader550M.a(CySpc.o)
 .text.CySpcLoadRow
                0x00000000       0x8c .\CortexM3\ARM_GCC_484\Debug\Bootloader550M.a(CySpc.o)
 .text.CySpcEraseSector
                0x00000000       0x70 .\CortexM3\ARM_GCC_484\Debug\Bootloader550M.a(CySpc.o)
 .text          0x00000000        0x0 .\CortexM3\ARM_GCC_484\Debug\Bootloader550M.a(UART_1.o)
 .data          0x00000000        0x0 .\CortexM3\ARM_GCC_484\Debug\Bootloader550M.a(UART_1.o)
 .text.UART_1_Stop
                0x00000000       0x68 .\CortexM3\ARM_GCC_484\Debug\Bootloader550M.a(UART_1.o)
 .text.UART_1_ReadControlRegister
                0x00000000       0x10 .\CortexM3\ARM_GCC_484\Debug\Bootloader550M.a(UART_1.o)
 .text.UART_1_WriteControlRegister
                0x00000000       0x14 .\CortexM3\ARM_GCC_484\Debug\Bootloader550M.a(UART_1.o)
 .text.UART_1_SetRxInterruptMode
                0x00000000       0x20 .\CortexM3\ARM_GCC_484\Debug\Bootloader550M.a(UART_1.o)
 .text.UART_1_ReadRxStatus
                0x00000000       0x40 .\CortexM3\ARM_GCC_484\Debug\Bootloader550M.a(UART_1.o)
 .text.UART_1_GetChar
                0x00000000       0xbc .\CortexM3\ARM_GCC_484\Debug\Bootloader550M.a(UART_1.o)
 .text.UART_1_GetByte
                0x00000000       0x44 .\CortexM3\ARM_GCC_484\Debug\Bootloader550M.a(UART_1.o)
 .text.UART_1_SetRxAddressMode
                0x00000000       0x14 .\CortexM3\ARM_GCC_484\Debug\Bootloader550M.a(UART_1.o)
 .text.UART_1_SetRxAddress1
                0x00000000       0x20 .\CortexM3\ARM_GCC_484\Debug\Bootloader550M.a(UART_1.o)
 .text.UART_1_SetRxAddress2
                0x00000000       0x20 .\CortexM3\ARM_GCC_484\Debug\Bootloader550M.a(UART_1.o)
 .text.UART_1_SetTxInterruptMode
                0x00000000       0x20 .\CortexM3\ARM_GCC_484\Debug\Bootloader550M.a(UART_1.o)
 .text.UART_1_WriteTxData
                0x00000000       0x2c .\CortexM3\ARM_GCC_484\Debug\Bootloader550M.a(UART_1.o)
 .text.UART_1_ReadTxStatus
                0x00000000       0x18 .\CortexM3\ARM_GCC_484\Debug\Bootloader550M.a(UART_1.o)
 .text.UART_1_PutString
                0x00000000       0x40 .\CortexM3\ARM_GCC_484\Debug\Bootloader550M.a(UART_1.o)
 .text.UART_1_PutArray
                0x00000000       0x40 .\CortexM3\ARM_GCC_484\Debug\Bootloader550M.a(UART_1.o)
 .text.UART_1_PutCRLF
                0x00000000       0x30 .\CortexM3\ARM_GCC_484\Debug\Bootloader550M.a(UART_1.o)
 .text.UART_1_GetTxBufferSize
                0x00000000       0x44 .\CortexM3\ARM_GCC_484\Debug\Bootloader550M.a(UART_1.o)
 .text.UART_1_SendBreak
                0x00000000       0x9c .\CortexM3\ARM_GCC_484\Debug\Bootloader550M.a(UART_1.o)
 .text.UART_1_SetTxAddressMode
                0x00000000       0x14 .\CortexM3\ARM_GCC_484\Debug\Bootloader550M.a(UART_1.o)
 .text          0x00000000        0x0 .\CortexM3\ARM_GCC_484\Debug\Bootloader550M.a(UART_1_INT.o)
 .data          0x00000000        0x0 .\CortexM3\ARM_GCC_484\Debug\Bootloader550M.a(UART_1_INT.o)
 .bss           0x00000000        0x0 .\CortexM3\ARM_GCC_484\Debug\Bootloader550M.a(UART_1_INT.o)
 .text          0x00000000        0x0 .\CortexM3\ARM_GCC_484\Debug\Bootloader550M.a(UART_1_IntClock.o)
 .data          0x00000000        0x0 .\CortexM3\ARM_GCC_484\Debug\Bootloader550M.a(UART_1_IntClock.o)
 .bss           0x00000000        0x0 .\CortexM3\ARM_GCC_484\Debug\Bootloader550M.a(UART_1_IntClock.o)
 .text.UART_1_IntClock_Stop
                0x00000000       0x34 .\CortexM3\ARM_GCC_484\Debug\Bootloader550M.a(UART_1_IntClock.o)
 .text.UART_1_IntClock_StopBlock
                0x00000000       0xb0 .\CortexM3\ARM_GCC_484\Debug\Bootloader550M.a(UART_1_IntClock.o)
 .text.UART_1_IntClock_StandbyPower
                0x00000000       0x40 .\CortexM3\ARM_GCC_484\Debug\Bootloader550M.a(UART_1_IntClock.o)
 .text.UART_1_IntClock_SetDividerRegister
                0x00000000      0x15c .\CortexM3\ARM_GCC_484\Debug\Bootloader550M.a(UART_1_IntClock.o)
 .text.UART_1_IntClock_GetDividerRegister
                0x00000000       0x18 .\CortexM3\ARM_GCC_484\Debug\Bootloader550M.a(UART_1_IntClock.o)
 .text.UART_1_IntClock_SetModeRegister
                0x00000000       0x34 .\CortexM3\ARM_GCC_484\Debug\Bootloader550M.a(UART_1_IntClock.o)
 .text.UART_1_IntClock_ClearModeRegister
                0x00000000       0x34 .\CortexM3\ARM_GCC_484\Debug\Bootloader550M.a(UART_1_IntClock.o)
 .text.UART_1_IntClock_GetModeRegister
                0x00000000       0x20 .\CortexM3\ARM_GCC_484\Debug\Bootloader550M.a(UART_1_IntClock.o)
 .text.UART_1_IntClock_SetSourceRegister
                0x00000000       0xbc .\CortexM3\ARM_GCC_484\Debug\Bootloader550M.a(UART_1_IntClock.o)
 .text.UART_1_IntClock_GetSourceRegister
                0x00000000       0x20 .\CortexM3\ARM_GCC_484\Debug\Bootloader550M.a(UART_1_IntClock.o)
 .text          0x00000000        0x0 c:/program files (x86)/cypress/psoc creator/3.2/psoc creator/import/gnu/arm/4.8.4/bin/../lib/gcc/arm-none-eabi/4.8.4/../../../../arm-none-eabi/lib/armv7-m\libg_s.a(lib_a-errno.o)
 .data          0x00000000        0x0 c:/program files (x86)/cypress/psoc creator/3.2/psoc creator/import/gnu/arm/4.8.4/bin/../lib/gcc/arm-none-eabi/4.8.4/../../../../arm-none-eabi/lib/armv7-m\libg_s.a(lib_a-errno.o)
 .bss           0x00000000        0x0 c:/program files (x86)/cypress/psoc creator/3.2/psoc creator/import/gnu/arm/4.8.4/bin/../lib/gcc/arm-none-eabi/4.8.4/../../../../arm-none-eabi/lib/armv7-m\libg_s.a(lib_a-errno.o)
 .text.__errno  0x00000000        0xc c:/program files (x86)/cypress/psoc creator/3.2/psoc creator/import/gnu/arm/4.8.4/bin/../lib/gcc/arm-none-eabi/4.8.4/../../../../arm-none-eabi/lib/armv7-m\libg_s.a(lib_a-errno.o)
 .text          0x00000000        0x0 c:/program files (x86)/cypress/psoc creator/3.2/psoc creator/import/gnu/arm/4.8.4/bin/../lib/gcc/arm-none-eabi/4.8.4/../../../../arm-none-eabi/lib/armv7-m\libg_s.a(lib_a-exit.o)
 .data          0x00000000        0x0 c:/program files (x86)/cypress/psoc creator/3.2/psoc creator/import/gnu/arm/4.8.4/bin/../lib/gcc/arm-none-eabi/4.8.4/../../../../arm-none-eabi/lib/armv7-m\libg_s.a(lib_a-exit.o)
 .bss           0x00000000        0x0 c:/program files (x86)/cypress/psoc creator/3.2/psoc creator/import/gnu/arm/4.8.4/bin/../lib/gcc/arm-none-eabi/4.8.4/../../../../arm-none-eabi/lib/armv7-m\libg_s.a(lib_a-exit.o)
 .text.exit     0x00000000       0x28 c:/program files (x86)/cypress/psoc creator/3.2/psoc creator/import/gnu/arm/4.8.4/bin/../lib/gcc/arm-none-eabi/4.8.4/../../../../arm-none-eabi/lib/armv7-m\libg_s.a(lib_a-exit.o)
 .text          0x00000000        0x0 c:/program files (x86)/cypress/psoc creator/3.2/psoc creator/import/gnu/arm/4.8.4/bin/../lib/gcc/arm-none-eabi/4.8.4/../../../../arm-none-eabi/lib/armv7-m\libg_s.a(lib_a-impure.o)
 .data          0x00000000        0x0 c:/program files (x86)/cypress/psoc creator/3.2/psoc creator/import/gnu/arm/4.8.4/bin/../lib/gcc/arm-none-eabi/4.8.4/../../../../arm-none-eabi/lib/armv7-m\libg_s.a(lib_a-impure.o)
 .bss           0x00000000        0x0 c:/program files (x86)/cypress/psoc creator/3.2/psoc creator/import/gnu/arm/4.8.4/bin/../lib/gcc/arm-none-eabi/4.8.4/../../../../arm-none-eabi/lib/armv7-m\libg_s.a(lib_a-impure.o)
 .data.impure_data
                0x00000000       0x60 c:/program files (x86)/cypress/psoc creator/3.2/psoc creator/import/gnu/arm/4.8.4/bin/../lib/gcc/arm-none-eabi/4.8.4/../../../../arm-none-eabi/lib/armv7-m\libg_s.a(lib_a-impure.o)
 .data._impure_ptr
                0x00000000        0x4 c:/program files (x86)/cypress/psoc creator/3.2/psoc creator/import/gnu/arm/4.8.4/bin/../lib/gcc/arm-none-eabi/4.8.4/../../../../arm-none-eabi/lib/armv7-m\libg_s.a(lib_a-impure.o)
 .rodata.str1.1
                0x00000000        0x2 c:/program files (x86)/cypress/psoc creator/3.2/psoc creator/import/gnu/arm/4.8.4/bin/../lib/gcc/arm-none-eabi/4.8.4/../../../../arm-none-eabi/lib/armv7-m\libg_s.a(lib_a-impure.o)
 .rodata._global_impure_ptr
                0x00000000        0x4 c:/program files (x86)/cypress/psoc creator/3.2/psoc creator/import/gnu/arm/4.8.4/bin/../lib/gcc/arm-none-eabi/4.8.4/../../../../arm-none-eabi/lib/armv7-m\libg_s.a(lib_a-impure.o)
 .text          0x00000000        0x0 c:/program files (x86)/cypress/psoc creator/3.2/psoc creator/import/gnu/arm/4.8.4/bin/../lib/gcc/arm-none-eabi/4.8.4/../../../../arm-none-eabi/lib/armv7-m\libg_s.a(lib_a-init.o)
 .data          0x00000000        0x0 c:/program files (x86)/cypress/psoc creator/3.2/psoc creator/import/gnu/arm/4.8.4/bin/../lib/gcc/arm-none-eabi/4.8.4/../../../../arm-none-eabi/lib/armv7-m\libg_s.a(lib_a-init.o)
 .bss           0x00000000        0x0 c:/program files (x86)/cypress/psoc creator/3.2/psoc creator/import/gnu/arm/4.8.4/bin/../lib/gcc/arm-none-eabi/4.8.4/../../../../arm-none-eabi/lib/armv7-m\libg_s.a(lib_a-init.o)
 .text          0x00000000        0x0 c:/program files (x86)/cypress/psoc creator/3.2/psoc creator/import/gnu/arm/4.8.4/bin/../lib/gcc/arm-none-eabi/4.8.4/../../../../arm-none-eabi/lib/armv7-m\libg_s.a(lib_a-memcpy-stub.o)
 .data          0x00000000        0x0 c:/program files (x86)/cypress/psoc creator/3.2/psoc creator/import/gnu/arm/4.8.4/bin/../lib/gcc/arm-none-eabi/4.8.4/../../../../arm-none-eabi/lib/armv7-m\libg_s.a(lib_a-memcpy-stub.o)
 .bss           0x00000000        0x0 c:/program files (x86)/cypress/psoc creator/3.2/psoc creator/import/gnu/arm/4.8.4/bin/../lib/gcc/arm-none-eabi/4.8.4/../../../../arm-none-eabi/lib/armv7-m\libg_s.a(lib_a-memcpy-stub.o)
 .text          0x00000000        0x0 c:/program files (x86)/cypress/psoc creator/3.2/psoc creator/import/gnu/arm/4.8.4/bin/../lib/gcc/arm-none-eabi/4.8.4/../../../../arm-none-eabi/lib/armv7-m\libg_s.a(lib_a-memset.o)
 .data          0x00000000        0x0 c:/program files (x86)/cypress/psoc creator/3.2/psoc creator/import/gnu/arm/4.8.4/bin/../lib/gcc/arm-none-eabi/4.8.4/../../../../arm-none-eabi/lib/armv7-m\libg_s.a(lib_a-memset.o)
 .bss           0x00000000        0x0 c:/program files (x86)/cypress/psoc creator/3.2/psoc creator/import/gnu/arm/4.8.4/bin/../lib/gcc/arm-none-eabi/4.8.4/../../../../arm-none-eabi/lib/armv7-m\libg_s.a(lib_a-memset.o)
 .text          0x00000000        0x0 c:/program files (x86)/cypress/psoc creator/3.2/psoc creator/import/gnu/arm/4.8.4/bin/../lib/gcc/arm-none-eabi/4.8.4/armv7-m/crtend.o
 .data          0x00000000        0x0 c:/program files (x86)/cypress/psoc creator/3.2/psoc creator/import/gnu/arm/4.8.4/bin/../lib/gcc/arm-none-eabi/4.8.4/armv7-m/crtend.o
 .bss           0x00000000        0x0 c:/program files (x86)/cypress/psoc creator/3.2/psoc creator/import/gnu/arm/4.8.4/bin/../lib/gcc/arm-none-eabi/4.8.4/armv7-m/crtend.o
 .text          0x00000000        0x0 c:/program files (x86)/cypress/psoc creator/3.2/psoc creator/import/gnu/arm/4.8.4/bin/../lib/gcc/arm-none-eabi/4.8.4/armv7-m/crtn.o
 .data          0x00000000        0x0 c:/program files (x86)/cypress/psoc creator/3.2/psoc creator/import/gnu/arm/4.8.4/bin/../lib/gcc/arm-none-eabi/4.8.4/armv7-m/crtn.o
 .bss           0x00000000        0x0 c:/program files (x86)/cypress/psoc creator/3.2/psoc creator/import/gnu/arm/4.8.4/bin/../lib/gcc/arm-none-eabi/4.8.4/armv7-m/crtn.o

Memory Configuration

Name             Origin             Length             Attributes
rom              0x00000000         0x00040000         xr
ram              0x1fff8000         0x00010000         xrw
*default*        0x00000000         0xffffffff

Linker script and memory map

LOAD c:/program files (x86)/cypress/psoc creator/3.2/psoc creator/import/gnu/arm/4.8.4/bin/../lib/gcc/arm-none-eabi/4.8.4/armv7-m/crti.o
LOAD c:/program files (x86)/cypress/psoc creator/3.2/psoc creator/import/gnu/arm/4.8.4/bin/../lib/gcc/arm-none-eabi/4.8.4/armv7-m/crtbegin.o
LOAD c:/program files (x86)/cypress/psoc creator/3.2/psoc creator/import/gnu/arm/4.8.4/bin/../lib/gcc/arm-none-eabi/4.8.4/../../../../arm-none-eabi/lib/armv7-m/crt0.o
START GROUP
LOAD .\CortexM3\ARM_GCC_484\Debug\main.o
LOAD .\CortexM3\ARM_GCC_484\Debug\cymetadata.o
LOAD .\CortexM3\ARM_GCC_484\Debug\Cm3Start.o
LOAD .\CortexM3\ARM_GCC_484\Debug\Bootloader550M.a
LOAD C:\Program Files (x86)\Cypress\PSoC Creator\3.2\PSoC Creator\psoc\content\cycomponentlibrary\CyComponentLibrary.cylib\CortexM3\ARM_GCC_484\Debug\CyComponentLibrary.a
END GROUP
START GROUP
LOAD c:/program files (x86)/cypress/psoc creator/3.2/psoc creator/import/gnu/arm/4.8.4/bin/../lib/gcc/arm-none-eabi/4.8.4/armv7-m\libgcc.a
LOAD c:/program files (x86)/cypress/psoc creator/3.2/psoc creator/import/gnu/arm/4.8.4/bin/../lib/gcc/arm-none-eabi/4.8.4/../../../../arm-none-eabi/lib/armv7-m\libg_s.a
LOAD c:/program files (x86)/cypress/psoc creator/3.2/psoc creator/import/gnu/arm/4.8.4/bin/../lib/gcc/arm-none-eabi/4.8.4/../../../../arm-none-eabi/lib/armv7-m\libc_s.a
END GROUP
START GROUP
LOAD c:/program files (x86)/cypress/psoc creator/3.2/psoc creator/import/gnu/arm/4.8.4/bin/../lib/gcc/arm-none-eabi/4.8.4/armv7-m\libgcc.a
LOAD c:/program files (x86)/cypress/psoc creator/3.2/psoc creator/import/gnu/arm/4.8.4/bin/../lib/gcc/arm-none-eabi/4.8.4/../../../../arm-none-eabi/lib/armv7-m\libc_s.a
END GROUP
LOAD c:/program files (x86)/cypress/psoc creator/3.2/psoc creator/import/gnu/arm/4.8.4/bin/../lib/gcc/arm-none-eabi/4.8.4/armv7-m/crtend.o
LOAD c:/program files (x86)/cypress/psoc creator/3.2/psoc creator/import/gnu/arm/4.8.4/bin/../lib/gcc/arm-none-eabi/4.8.4/armv7-m/crtn.o
START GROUP
LOAD c:/program files (x86)/cypress/psoc creator/3.2/psoc creator/import/gnu/arm/4.8.4/bin/../lib/gcc/arm-none-eabi/4.8.4/armv7-m\libgcc.a
LOAD c:/program files (x86)/cypress/psoc creator/3.2/psoc creator/import/gnu/arm/4.8.4/bin/../lib/gcc/arm-none-eabi/4.8.4/../../../../arm-none-eabi/lib/armv7-m\libc.a
LOAD c:/program files (x86)/cypress/psoc creator/3.2/psoc creator/import/gnu/arm/4.8.4/bin/../lib/gcc/arm-none-eabi/4.8.4/../../../../arm-none-eabi/lib/armv7-m\libnosys.a
END GROUP
                0x00000000                CY_APPL_ORIGIN = 0x0
                0x00000100                CY_FLASH_ROW_SIZE = 0x100
                0x00000020                CY_ECC_ROW_SIZE = 0x20
                0x00000000                CY_EE_IN_BTLDR = 0x0
                0x00000000                CY_APPL_LOADABLE = 0x0
                0x00000800                CY_EE_SIZE = 0x800
                0x00000001                CY_APPL_NUM = 0x1
                0x00000001                CY_APPL_MAX = 0x1
                0x00000040                CY_METADATA_SIZE = 0x40
                0x1fff81d8                PROVIDE (__cy_heap_start, _end)
                0x00000001                PROVIDE (__cy_region_num, ((__cy_regions_end - __cy_regions) / 0x10))
                0x20008000                PROVIDE (__cy_stack, (ORIGIN (ram) + 0x10000))
                0x20004000                PROVIDE (__cy_heap_end, (__cy_stack - 0x4000))

.cybootloader   0x00000000        0x0
 *(.cybootloader)
                0x00000000                appl1_start = CY_APPL_ORIGIN?CY_APPL_ORIGIN:ALIGN (CY_FLASH_ROW_SIZE)
                0x0001ff00                appl2_start = (appl1_start + ALIGN ((((0x40000 - appl1_start) - (0x2 * CY_FLASH_ROW_SIZE)) / 0x2), CY_FLASH_ROW_SIZE))
                0x00000000                appl_start = (CY_APPL_NUM == 0x1)?appl1_start:appl2_start
                0x00000000                ecc_offset = ((appl_start / CY_FLASH_ROW_SIZE) * CY_ECC_ROW_SIZE)
                0x00000000                ee_offset = (CY_APPL_LOADABLE && ! (CY_EE_IN_BTLDR))?((CY_EE_SIZE / CY_APPL_MAX) * (CY_APPL_NUM - 0x1)):0x0
                0x00000800                ee_size = (CY_APPL_LOADABLE && ! (CY_EE_IN_BTLDR))?(CY_EE_SIZE / CY_APPL_MAX):CY_EE_SIZE
                0x00000000                PROVIDE (CY_ECC_OFFSET, ecc_offset)

.text           0x00000000     0x1d90
 CREATE_OBJECT_SYMBOLS
                0x00000000                PROVIDE (__cy_interrupt_vector, RomVectors)
 *(.romvectors)
 .romvectors    0x00000000       0x10 .\CortexM3\ARM_GCC_484\Debug\Cm3Start.o
                0x00000000                RomVectors
                0x00000001                ASSERT ((. != __cy_interrupt_vector), No interrupt vector)
                0x00000001                ASSERT (CY_APPL_ORIGIN?(SIZEOF (.cybootloader) <= CY_APPL_ORIGIN):0x1, Wrong image location)
                0x00000010                PROVIDE (__cy_reset, Reset)
 *(.text.Reset)
 .text.Reset    0x00000010       0x2c .\CortexM3\ARM_GCC_484\Debug\Cm3Start.o
                0x00000010                Reset
                0x00000001                ASSERT ((. != __cy_reset), No reset code)
 *(.dma_init)
                0x00000001                ASSERT ((((appl_start + .) <= 0x10000) || 0x1), DMA Init must be within the first 64k of flash)
 *(.text .text.* .gnu.linkonce.t.*)
 .text          0x0000003c       0x54 c:/program files (x86)/cypress/psoc creator/3.2/psoc creator/import/gnu/arm/4.8.4/bin/../lib/gcc/arm-none-eabi/4.8.4/armv7-m/crtbegin.o
 .text.main     0x00000090        0xc .\CortexM3\ARM_GCC_484\Debug\main.o
                0x00000090                main
 .text.IntDefaultHandler
                0x0000009c        0x8 .\CortexM3\ARM_GCC_484\Debug\Cm3Start.o
                0x0000009c                IntDefaultHandler
 .text.Start_c  0x000000a4       0x98 .\CortexM3\ARM_GCC_484\Debug\Cm3Start.o
                0x000000a4                Start_c
 .text.initialize_psoc
                0x0000013c       0x8c .\CortexM3\ARM_GCC_484\Debug\Cm3Start.o
                0x0000013c                initialize_psoc
 .text.CYMEMZERO
                0x000001c8       0x1c .\CortexM3\ARM_GCC_484\Debug\Bootloader550M.a(cyfitter_cfg.o)
 .text.CYCONFIGCPY
                0x000001e4       0x1c .\CortexM3\ARM_GCC_484\Debug\Bootloader550M.a(cyfitter_cfg.o)
 .text.CYCONFIGCPYCODE
                0x00000200       0x1c .\CortexM3\ARM_GCC_484\Debug\Bootloader550M.a(cyfitter_cfg.o)
 .text.CyClockStartupError
                0x0000021c        0xc .\CortexM3\ARM_GCC_484\Debug\Bootloader550M.a(cyfitter_cfg.o)
 .text.cfg_write_bytes32
                0x00000228       0x74 .\CortexM3\ARM_GCC_484\Debug\Bootloader550M.a(cyfitter_cfg.o)
 .text.ClockSetup
                0x0000029c      0x100 .\CortexM3\ARM_GCC_484\Debug\Bootloader550M.a(cyfitter_cfg.o)
 .text.AnalogSetDefault
                0x0000039c       0x44 .\CortexM3\ARM_GCC_484\Debug\Bootloader550M.a(cyfitter_cfg.o)
 .text.cyfitter_cfg
                0x000003e0      0x110 .\CortexM3\ARM_GCC_484\Debug\Bootloader550M.a(cyfitter_cfg.o)
                0x000003e0                cyfitter_cfg
 .text.Bootloader_1_CalcPacketChecksum
                0x000004f0       0x44 .\CortexM3\ARM_GCC_484\Debug\Bootloader550M.a(Bootloader_1.o)
 .text.Bootloader_1_Calc8BitSum
                0x00000534       0x54 .\CortexM3\ARM_GCC_484\Debug\Bootloader550M.a(Bootloader_1.o)
                0x00000534                Bootloader_1_Calc8BitSum
 .text.Bootloader_1_Start
                0x00000588       0x98 .\CortexM3\ARM_GCC_484\Debug\Bootloader550M.a(Bootloader_1.o)
                0x00000588                Bootloader_1_Start
 .text.Bootloader_1_LaunchApplication
                0x00000620       0x14 .\CortexM3\ARM_GCC_484\Debug\Bootloader550M.a(Bootloader_1.o)
 .text.CyBtldr_CheckLaunch
                0x00000634       0x3c .\CortexM3\ARM_GCC_484\Debug\Bootloader550M.a(Bootloader_1.o)
                0x00000634                CyBtldr_CheckLaunch
 .text.Bootloader_1_LaunchBootloadable
                0x00000670        0x4 .\CortexM3\ARM_GCC_484\Debug\Bootloader550M.a(Bootloader_1.o)
 .text.Bootloader_1_ValidateBootloadable
                0x00000674       0xec .\CortexM3\ARM_GCC_484\Debug\Bootloader550M.a(Bootloader_1.o)
                0x00000674                Bootloader_1_ValidateBootloadable
 .text.Bootloader_1_HostLink
                0x00000760      0x618 .\CortexM3\ARM_GCC_484\Debug\Bootloader550M.a(Bootloader_1.o)
 .text.Bootloader_1_WritePacket
                0x00000d78       0x94 .\CortexM3\ARM_GCC_484\Debug\Bootloader550M.a(Bootloader_1.o)
 .text.Bootloader_1_GetMetadata
                0x00000e0c      0x1c4 .\CortexM3\ARM_GCC_484\Debug\Bootloader550M.a(Bootloader_1.o)
                0x00000e0c                Bootloader_1_GetMetadata
 .text.UART_1_CyBtldrCommStart
                0x00000fd0       0x14 .\CortexM3\ARM_GCC_484\Debug\Bootloader550M.a(UART_1_BOOT.o)
                0x00000fd0                UART_1_CyBtldrCommStart
 .text.UART_1_CyBtldrCommWrite
                0x00000fe4       0x48 .\CortexM3\ARM_GCC_484\Debug\Bootloader550M.a(UART_1_BOOT.o)
                0x00000fe4                UART_1_CyBtldrCommWrite
 .text.UART_1_CyBtldrCommRead
                0x0000102c       0xf0 .\CortexM3\ARM_GCC_484\Debug\Bootloader550M.a(UART_1_BOOT.o)
                0x0000102c                UART_1_CyBtldrCommRead
 *fill*         0x0000111c        0x4 
 .text          0x00001120       0x28 .\CortexM3\ARM_GCC_484\Debug\Bootloader550M.a(CyBootAsmGnu.o)
                0x00001120                CyDelayCycles
                0x00001134                CyEnterCriticalSection
                0x0000113c                CyExitCriticalSection
 .text.CySetTempInt
                0x00001148       0x7c .\CortexM3\ARM_GCC_484\Debug\Bootloader550M.a(CyFlash.o)
 .text.CyFlashGetSpcAlgorithm
                0x000011c4       0x70 .\CortexM3\ARM_GCC_484\Debug\Bootloader550M.a(CyFlash.o)
 .text.CySetTemp
                0x00001234       0x24 .\CortexM3\ARM_GCC_484\Debug\Bootloader550M.a(CyFlash.o)
                0x00001234                CySetTemp
 .text.CyWriteRowFull
                0x00001258      0x154 .\CortexM3\ARM_GCC_484\Debug\Bootloader550M.a(CyFlash.o)
                0x00001258                CyWriteRowFull
 .text.CyEEPROM_Start
                0x000013ac       0x8c .\CortexM3\ARM_GCC_484\Debug\Bootloader550M.a(CyFlash.o)
                0x000013ac                CyEEPROM_Start
 .text.CyHalt   0x00001438       0x18 .\CortexM3\ARM_GCC_484\Debug\Bootloader550M.a(CyLib.o)
                0x00001438                CyHalt
 .text.CySoftwareReset
                0x00001450       0x20 .\CortexM3\ARM_GCC_484\Debug\Bootloader550M.a(CyLib.o)
                0x00001450                CySoftwareReset
 .text.CyDelay  0x00001470       0x44 .\CortexM3\ARM_GCC_484\Debug\Bootloader550M.a(CyLib.o)
                0x00001470                CyDelay
 .text.CyDelayUs
                0x000014b4       0x24 .\CortexM3\ARM_GCC_484\Debug\Bootloader550M.a(CyLib.o)
                0x000014b4                CyDelayUs
 .text.CyFlushCache
                0x000014d8       0x58 .\CortexM3\ARM_GCC_484\Debug\Bootloader550M.a(CyLib.o)
                0x000014d8                CyFlushCache
 .text.CyIntSetVector
                0x00001530       0x50 .\CortexM3\ARM_GCC_484\Debug\Bootloader550M.a(CyLib.o)
                0x00001530                CyIntSetVector
 .text.CyIntSetPriority
                0x00001580       0x44 .\CortexM3\ARM_GCC_484\Debug\Bootloader550M.a(CyLib.o)
                0x00001580                CyIntSetPriority
 .text.CySpcStart
                0x000015c4       0x44 .\CortexM3\ARM_GCC_484\Debug\Bootloader550M.a(CySpc.o)
                0x000015c4                CySpcStart
 .text.CySpcReadData
                0x00001608       0x58 .\CortexM3\ARM_GCC_484\Debug\Bootloader550M.a(CySpc.o)
                0x00001608                CySpcReadData
 .text.CySpcLoadRowFull
                0x00001660       0xcc .\CortexM3\ARM_GCC_484\Debug\Bootloader550M.a(CySpc.o)
                0x00001660                CySpcLoadRowFull
 .text.CySpcWriteRow
                0x0000172c       0x88 .\CortexM3\ARM_GCC_484\Debug\Bootloader550M.a(CySpc.o)
                0x0000172c                CySpcWriteRow
 .text.CySpcGetTemp
                0x000017b4       0x64 .\CortexM3\ARM_GCC_484\Debug\Bootloader550M.a(CySpc.o)
                0x000017b4                CySpcGetTemp
 .text.CySpcLock
                0x00001818       0x68 .\CortexM3\ARM_GCC_484\Debug\Bootloader550M.a(CySpc.o)
                0x00001818                CySpcLock
 .text.CySpcUnlock
                0x00001880       0x50 .\CortexM3\ARM_GCC_484\Debug\Bootloader550M.a(CySpc.o)
                0x00001880                CySpcUnlock
 .text.CySpcGetAlgorithm
                0x000018d0       0x48 .\CortexM3\ARM_GCC_484\Debug\Bootloader550M.a(CySpc.o)
                0x000018d0                CySpcGetAlgorithm
 .text.UART_1_Start
                0x00001918       0x20 .\CortexM3\ARM_GCC_484\Debug\Bootloader550M.a(UART_1.o)
                0x00001918                UART_1_Start
 .text.UART_1_Init
                0x00001938       0x58 .\CortexM3\ARM_GCC_484\Debug\Bootloader550M.a(UART_1.o)
                0x00001938                UART_1_Init
 .text.UART_1_Enable
                0x00001990       0x68 .\CortexM3\ARM_GCC_484\Debug\Bootloader550M.a(UART_1.o)
                0x00001990                UART_1_Enable
 .text.UART_1_ReadRxData
                0x000019f8       0x94 .\CortexM3\ARM_GCC_484\Debug\Bootloader550M.a(UART_1.o)
                0x000019f8                UART_1_ReadRxData
 .text.UART_1_GetRxBufferSize
                0x00001a8c       0x90 .\CortexM3\ARM_GCC_484\Debug\Bootloader550M.a(UART_1.o)
                0x00001a8c                UART_1_GetRxBufferSize
 .text.UART_1_ClearRxBuffer
                0x00001b1c       0x7c .\CortexM3\ARM_GCC_484\Debug\Bootloader550M.a(UART_1.o)
                0x00001b1c                UART_1_ClearRxBuffer
 .text.UART_1_PutChar
                0x00001b98       0x34 .\CortexM3\ARM_GCC_484\Debug\Bootloader550M.a(UART_1.o)
                0x00001b98                UART_1_PutChar
 .text.UART_1_ClearTxBuffer
                0x00001bcc       0x40 .\CortexM3\ARM_GCC_484\Debug\Bootloader550M.a(UART_1.o)
                0x00001bcc                UART_1_ClearTxBuffer
 .text.UART_1_RXISR
                0x00001c0c       0xd8 .\CortexM3\ARM_GCC_484\Debug\Bootloader550M.a(UART_1_INT.o)
                0x00001c0c                UART_1_RXISR
 .text.UART_1_IntClock_Start
                0x00001ce4       0x34 .\CortexM3\ARM_GCC_484\Debug\Bootloader550M.a(UART_1_IntClock.o)
                0x00001ce4                UART_1_IntClock_Start
 .text.__libc_init_array
                0x00001d18       0x4c c:/program files (x86)/cypress/psoc creator/3.2/psoc creator/import/gnu/arm/4.8.4/bin/../lib/gcc/arm-none-eabi/4.8.4/../../../../arm-none-eabi/lib/armv7-m\libg_s.a(lib_a-init.o)
                0x00001d18                __libc_init_array
 .text.memcpy   0x00001d64       0x12 c:/program files (x86)/cypress/psoc creator/3.2/psoc creator/import/gnu/arm/4.8.4/bin/../lib/gcc/arm-none-eabi/4.8.4/../../../../arm-none-eabi/lib/armv7-m\libg_s.a(lib_a-memcpy-stub.o)
                0x00001d64                memcpy
 .text.memset   0x00001d76       0x10 c:/program files (x86)/cypress/psoc creator/3.2/psoc creator/import/gnu/arm/4.8.4/bin/../lib/gcc/arm-none-eabi/4.8.4/../../../../arm-none-eabi/lib/armv7-m\libg_s.a(lib_a-memset.o)
                0x00001d76                memset
 *(.plt)
 *(.gnu.warning)
 *(.glue_7t)
 .glue_7t       0x00000000        0x0 linker stubs
 *(.glue_7)
 .glue_7        0x00000000        0x0 linker stubs
 *(.vfp11_veneer)
 .vfp11_veneer  0x00000000        0x0 linker stubs
 *(.bootloader)
 *fill*         0x00001d86        0x2 
 .bootloader    0x00001d88        0x8 .\CortexM3\ARM_GCC_484\Debug\Bootloader550M.a(Bootloader_1.o)
                0x00001d88                Bootloader_1_Checksum
                0x00001d8c                Bootloader_1_SizeBytes
 *(.ARM.extab* .gnu.linkonce.armextab.*)
 *(.gcc_except_table)

.v4_bx          0x00001d90        0x0
 .v4_bx         0x00000000        0x0 linker stubs

.iplt           0x00001d90        0x0
 .iplt          0x00000000        0x0 c:/program files (x86)/cypress/psoc creator/3.2/psoc creator/import/gnu/arm/4.8.4/bin/../lib/gcc/arm-none-eabi/4.8.4/armv7-m/crtbegin.o

.eh_frame_hdr
 *(.eh_frame_hdr)

.eh_frame       0x00001d90        0x4
 *(.eh_frame)
 .eh_frame      0x00001d90        0x0 c:/program files (x86)/cypress/psoc creator/3.2/psoc creator/import/gnu/arm/4.8.4/bin/../lib/gcc/arm-none-eabi/4.8.4/armv7-m/crtbegin.o
 .eh_frame      0x00001d90        0x4 c:/program files (x86)/cypress/psoc creator/3.2/psoc creator/import/gnu/arm/4.8.4/bin/../lib/gcc/arm-none-eabi/4.8.4/armv7-m/crtend.o
                0x00001d94                PROVIDE (__exidx_start, .)

.ARM.exidx
 *(.ARM.exidx* .gnu.linkonce.armexidx.*)
                0x00001d94                __exidx_end = .

.rodata         0x00001d94      0x41c
 *(.rodata .rodata.* .gnu.linkonce.r.*)
 .rodata        0x00001d94      0x3e0 .\CortexM3\ARM_GCC_484\Debug\Bootloader550M.a(cyfitter_cfg.o)
 .rodata        0x00002174        0x8 .\CortexM3\ARM_GCC_484\Debug\Bootloader550M.a(Bootloader_1.o)
                0x0000217c                . = ALIGN (0x4)
 *(.init)
 .init          0x0000217c        0x4 c:/program files (x86)/cypress/psoc creator/3.2/psoc creator/import/gnu/arm/4.8.4/bin/../lib/gcc/arm-none-eabi/4.8.4/armv7-m/crti.o
                0x0000217c                _init
 .init          0x00002180        0x8 c:/program files (x86)/cypress/psoc creator/3.2/psoc creator/import/gnu/arm/4.8.4/bin/../lib/gcc/arm-none-eabi/4.8.4/armv7-m/crtn.o
                0x00002188                . = ALIGN (0x4)
                0x00002188                __preinit_array_start = .
 *(.preinit_array)
                0x00002188                __preinit_array_end = .
                0x00002188                . = ALIGN (0x4)
                0x00002188                __init_array_start = .
 *(SORT(.init_array.*))
 *(.init_array)
 .init_array    0x00002188        0x4 c:/program files (x86)/cypress/psoc creator/3.2/psoc creator/import/gnu/arm/4.8.4/bin/../lib/gcc/arm-none-eabi/4.8.4/armv7-m/crtbegin.o
 .init_array    0x0000218c        0x4 .\CortexM3\ARM_GCC_484\Debug\Cm3Start.o
                0x00002190                __init_array_end = .
                0x00002190                . = ALIGN (0x4)
 *(.fini)
 .fini          0x00002190        0x4 c:/program files (x86)/cypress/psoc creator/3.2/psoc creator/import/gnu/arm/4.8.4/bin/../lib/gcc/arm-none-eabi/4.8.4/armv7-m/crti.o
                0x00002190                _fini
 .fini          0x00002194        0x8 c:/program files (x86)/cypress/psoc creator/3.2/psoc creator/import/gnu/arm/4.8.4/bin/../lib/gcc/arm-none-eabi/4.8.4/armv7-m/crtn.o
                0x0000219c                . = ALIGN (0x4)
                0x0000219c                __fini_array_start = .
 *(.fini_array)
 .fini_array    0x0000219c        0x4 c:/program files (x86)/cypress/psoc creator/3.2/psoc creator/import/gnu/arm/4.8.4/bin/../lib/gcc/arm-none-eabi/4.8.4/armv7-m/crtbegin.o
 *(SORT(.fini_array.*))
                0x000021a0                __fini_array_end = .
                0x000021a0                . = ALIGN (0x4)
 *crtbegin.o(.ctors)
 *(EXCLUDE_FILE(*crtend.o) .ctors)
 *(SORT(.ctors.*))
 *crtend.o(.ctors)
                0x000021a0                . = ALIGN (0x4)
 *crtbegin.o(.dtors)
 *(EXCLUDE_FILE(*crtend.o) .dtors)
 *(SORT(.dtors.*))
 *crtend.o(.dtors)
                0x000021a0                . = ALIGN (0x4)
                0x000021a0                __cy_regions = .
                0x000021a0        0x4 LONG 0x21b0 __cy_region_init_ram
                0x000021a4        0x4 LONG 0x1fff8108 __cy_region_start_data
                0x000021a8        0x4 LONG 0x20 __cy_region_init_size_ram
                0x000021ac        0x4 LONG 0xb0 __cy_region_zero_size_ram
                0x000021b0                __cy_regions_end = .
                0x000021b0                . = ALIGN (0x8)
                0x000021b0                _etext = .

.ramvectors     0x1fff8000      0x100
                0x1fff8000                __cy_region_start_ram = .
 *(.ramvectors)
 .ramvectors    0x1fff8000      0x100 .\CortexM3\ARM_GCC_484\Debug\Cm3Start.o
                0x1fff8000                CyRamVectors

.noinit         0x1fff8100        0x5
 *(.noinit)
 .noinit        0x1fff8100        0x4 .\CortexM3\ARM_GCC_484\Debug\Cm3Start.o
 .noinit        0x1fff8104        0x1 .\CortexM3\ARM_GCC_484\Debug\Bootloader550M.a(CyLib.o)
                0x1fff8104                CyResetStatus

.data           0x1fff8108       0x20 load address 0x000021b0
                0x1fff8108                __cy_region_start_data = .
 *(.jcr)
 .jcr           0x1fff8108        0x0 c:/program files (x86)/cypress/psoc creator/3.2/psoc creator/import/gnu/arm/4.8.4/bin/../lib/gcc/arm-none-eabi/4.8.4/armv7-m/crtbegin.o
 .jcr           0x1fff8108        0x4 c:/program files (x86)/cypress/psoc creator/3.2/psoc creator/import/gnu/arm/4.8.4/bin/../lib/gcc/arm-none-eabi/4.8.4/armv7-m/crtend.o
 *(.got.plt)
 *(.got)
 *(.shdata)
 *(.data .data.* .gnu.linkonce.d.*)
 .data          0x1fff810c        0x8 .\CortexM3\ARM_GCC_484\Debug\Bootloader550M.a(Bootloader_1.o)
                0x1fff810c                Bootloader_1_ChecksumAccess
                0x1fff8110                Bootloader_1_SizeBytesAccess
 .data          0x1fff8114       0x10 .\CortexM3\ARM_GCC_484\Debug\Bootloader550M.a(CyLib.o)
                0x1fff8114                cydelay_freq_hz
                0x1fff8118                cydelay_freq_khz
                0x1fff811c                cydelay_freq_mhz
                0x1fff8120                cydelay_32k_ms
                0x1fff8128                . = ALIGN (0x8)
 *fill*         0x1fff8124        0x4 
 *(.ram)
                0x1fff8128                _edata = .

.igot.plt       0x1fff8128        0x0 load address 0x000021d0
 .igot.plt      0x00000000        0x0 c:/program files (x86)/cypress/psoc creator/3.2/psoc creator/import/gnu/arm/4.8.4/bin/../lib/gcc/arm-none-eabi/4.8.4/armv7-m/crtbegin.o

.bss            0x1fff8128       0xb0 load address 0x000021d0
                0x1fff8128                PROVIDE (__bss_start__, .)
 *(.shbss)
 *(.bss .bss.* .gnu.linkonce.b.*)
 .bss           0x1fff8128       0x1c c:/program files (x86)/cypress/psoc creator/3.2/psoc creator/import/gnu/arm/4.8.4/bin/../lib/gcc/arm-none-eabi/4.8.4/armv7-m/crtbegin.o
 .bss           0x1fff8144        0x8 .\CortexM3\ARM_GCC_484\Debug\Bootloader550M.a(CySpc.o)
                0x1fff8144                SpcLockState
 .bss           0x1fff814c        0x7 .\CortexM3\ARM_GCC_484\Debug\Bootloader550M.a(UART_1.o)
                0x1fff814c                UART_1_initVar
                0x1fff814d                UART_1_errorStatus
                0x1fff814e                UART_1_rxBufferRead
                0x1fff814f                UART_1_rxBufferWrite
                0x1fff8150                UART_1_rxBufferLoopDetect
                0x1fff8151                UART_1_rxBufferOverflow
 *(COMMON)
 *fill*         0x1fff8153        0x1 
 COMMON         0x1fff8154        0x2 .\CortexM3\ARM_GCC_484\Debug\Bootloader550M.a(CyFlash.o)
                0x1fff8154                dieTemperature
 *fill*         0x1fff8156        0x2 
 COMMON         0x1fff8158       0x80 .\CortexM3\ARM_GCC_484\Debug\Bootloader550M.a(UART_1.o)
                0x1fff8158                UART_1_rxBuffer
                0x1fff81d8                . = ALIGN (0x8)
 *(.ram.b)
                0x1fff81d8                _end = .
                0x1fff81d8                __end = .
                0x1fff81d8                PROVIDE (end, .)
                0x1fff81d8                PROVIDE (__bss_end__, .)
                0x000021b0                __cy_region_init_ram = LOADADDR (.data)
                0x00000020                __cy_region_init_size_ram = (_edata - ADDR (.data))
                0x000000b0                __cy_region_zero_size_ram = (_end - _edata)

.heap           0x1fff81d8     0x1000 load address 0x000021d0
                0x1fff81d8                . = _end
                0x1fff91d8                . = (. + 0x1000)
 *fill*         0x1fff81d8     0x1000 
                0x1fff91d8                __cy_heap_limit = .

.stack          0x20004000     0x4000
                0x20004000                __cy_stack_limit = .
                0x20008000                . = (. + 0x4000)
 *fill*         0x20004000     0x4000 
                0x00000001                ASSERT ((__cy_stack_limit >= __cy_heap_limit), region RAM overflowed with stack)

.cyloadermeta   0x0003ffc0       0x40
 *(.cyloadermeta)
 .cyloadermeta  0x0003ffc0       0x40 .\CortexM3\ARM_GCC_484\Debug\cymetadata.o
                0x0003ffc0                cy_meta_loader

.cyloadablemeta
 *(.cyloadablemeta)

.cyconfigecc    0x80000000        0x4
 *(.cyconfigecc)
 .cyconfigecc   0x80000000        0x4 .\CortexM3\ARM_GCC_484\Debug\cymetadata.o
                0x80000000                cy_meta_configecc

.cycustnvl      0x90000000        0x4
 *(.cycustnvl)
 .cycustnvl     0x90000000        0x4 .\CortexM3\ARM_GCC_484\Debug\cymetadata.o
                0x90000000                cy_meta_custnvl

.cywolatch      0x90100000        0x4
 *(.cywolatch)
 .cywolatch     0x90100000        0x4 .\CortexM3\ARM_GCC_484\Debug\cymetadata.o
                0x90100000                cy_meta_wonvl

.cyeeprom       0x90200000        0x0
 *(.cyeeprom)
                0x00000001                ASSERT ((. <= ((0x90200000 + ee_offset) + ee_size)), .cyeeprom data will not fit in EEPROM)

.cyflashprotect
                0x90400000      0x100
 *(.cyflashprotect)
 .cyflashprotect
                0x90400000      0x100 .\CortexM3\ARM_GCC_484\Debug\cymetadata.o
                0x90400000                cy_meta_flashprotect

.cymeta         0x90500000        0xc
 *(.cymeta)
 .cymeta        0x90500000        0xc .\CortexM3\ARM_GCC_484\Debug\cymetadata.o
                0x90500000                cy_metadata

.rel.dyn        0x000021d0        0x0 load address 0x9050000c
 .rel.iplt      0x00000000        0x0 c:/program files (x86)/cypress/psoc creator/3.2/psoc creator/import/gnu/arm/4.8.4/bin/../lib/gcc/arm-none-eabi/4.8.4/armv7-m/crtbegin.o

.stab
 *(.stab)

.stabstr
 *(.stabstr)

.debug
 *(.debug)

.line
 *(.line)

.debug_srcinfo
 *(.debug_srcinfo)

.debug_sfnames
 *(.debug_sfnames)

.debug_aranges  0x00000000      0x760
 *(.debug_aranges)
 .debug_aranges
                0x00000000       0x20 .\CortexM3\ARM_GCC_484\Debug\main.o
 .debug_aranges
                0x00000020       0x18 .\CortexM3\ARM_GCC_484\Debug\cymetadata.o
 .debug_aranges
                0x00000038       0x48 .\CortexM3\ARM_GCC_484\Debug\Cm3Start.o
 .debug_aranges
                0x00000080       0x60 .\CortexM3\ARM_GCC_484\Debug\Bootloader550M.a(cyfitter_cfg.o)
 .debug_aranges
                0x000000e0       0x78 .\CortexM3\ARM_GCC_484\Debug\Bootloader550M.a(Bootloader_1.o)
 .debug_aranges
                0x00000158       0x40 .\CortexM3\ARM_GCC_484\Debug\Bootloader550M.a(UART_1_BOOT.o)
 .debug_aranges
                0x00000198       0x20 .\CortexM3\ARM_GCC_484\Debug\Bootloader550M.a(CyBootAsmGnu.o)
 .debug_aranges
                0x000001b8       0x80 .\CortexM3\ARM_GCC_484\Debug\Bootloader550M.a(CyFlash.o)
 .debug_aranges
                0x00000238      0x298 .\CortexM3\ARM_GCC_484\Debug\Bootloader550M.a(CyLib.o)
 .debug_aranges
                0x000004d0       0x98 .\CortexM3\ARM_GCC_484\Debug\Bootloader550M.a(cyPm.o)
 .debug_aranges
                0x00000568       0x78 .\CortexM3\ARM_GCC_484\Debug\Bootloader550M.a(CySpc.o)
 .debug_aranges
                0x000005e0       0xf0 .\CortexM3\ARM_GCC_484\Debug\Bootloader550M.a(UART_1.o)
 .debug_aranges
                0x000006d0       0x20 .\CortexM3\ARM_GCC_484\Debug\Bootloader550M.a(UART_1_INT.o)
 .debug_aranges
                0x000006f0       0x70 .\CortexM3\ARM_GCC_484\Debug\Bootloader550M.a(UART_1_IntClock.o)

.debug_pubnames
 *(.debug_pubnames)

.debug_info     0x00000000     0x373c
 *(.debug_info .gnu.linkonce.wi.*)
 .debug_info    0x00000000       0xc0 .\CortexM3\ARM_GCC_484\Debug\main.o
 .debug_info    0x000000c0      0x15f .\CortexM3\ARM_GCC_484\Debug\cymetadata.o
 .debug_info    0x0000021f      0x317 .\CortexM3\ARM_GCC_484\Debug\Cm3Start.o
 .debug_info    0x00000536      0x408 .\CortexM3\ARM_GCC_484\Debug\Bootloader550M.a(cyfitter_cfg.o)
 .debug_info    0x0000093e      0x682 .\CortexM3\ARM_GCC_484\Debug\Bootloader550M.a(Bootloader_1.o)
 .debug_info    0x00000fc0      0x1ec .\CortexM3\ARM_GCC_484\Debug\Bootloader550M.a(UART_1_BOOT.o)
 .debug_info    0x000011ac       0xbd .\CortexM3\ARM_GCC_484\Debug\Bootloader550M.a(CyBootAsmGnu.o)
 .debug_info    0x00001269      0x36a .\CortexM3\ARM_GCC_484\Debug\Bootloader550M.a(CyFlash.o)
 .debug_info    0x000015d3      0xe31 .\CortexM3\ARM_GCC_484\Debug\Bootloader550M.a(CyLib.o)
 .debug_info    0x00002404      0x55f .\CortexM3\ARM_GCC_484\Debug\Bootloader550M.a(cyPm.o)
 .debug_info    0x00002963      0x456 .\CortexM3\ARM_GCC_484\Debug\Bootloader550M.a(CySpc.o)
 .debug_info    0x00002db9      0x5e7 .\CortexM3\ARM_GCC_484\Debug\Bootloader550M.a(UART_1.o)
 .debug_info    0x000033a0      0x141 .\CortexM3\ARM_GCC_484\Debug\Bootloader550M.a(UART_1_INT.o)
 .debug_info    0x000034e1      0x25b .\CortexM3\ARM_GCC_484\Debug\Bootloader550M.a(UART_1_IntClock.o)

.debug_abbrev   0x00000000     0x103a
 *(.debug_abbrev)
 .debug_abbrev  0x00000000       0x65 .\CortexM3\ARM_GCC_484\Debug\main.o
 .debug_abbrev  0x00000065       0x5d .\CortexM3\ARM_GCC_484\Debug\cymetadata.o
 .debug_abbrev  0x000000c2      0x1b6 .\CortexM3\ARM_GCC_484\Debug\Cm3Start.o
 .debug_abbrev  0x00000278      0x190 .\CortexM3\ARM_GCC_484\Debug\Bootloader550M.a(cyfitter_cfg.o)
 .debug_abbrev  0x00000408      0x220 .\CortexM3\ARM_GCC_484\Debug\Bootloader550M.a(Bootloader_1.o)
 .debug_abbrev  0x00000628       0xa6 .\CortexM3\ARM_GCC_484\Debug\Bootloader550M.a(UART_1_BOOT.o)
 .debug_abbrev  0x000006ce       0x14 .\CortexM3\ARM_GCC_484\Debug\Bootloader550M.a(CyBootAsmGnu.o)
 .debug_abbrev  0x000006e2      0x12d .\CortexM3\ARM_GCC_484\Debug\Bootloader550M.a(CyFlash.o)
 .debug_abbrev  0x0000080f      0x217 .\CortexM3\ARM_GCC_484\Debug\Bootloader550M.a(CyLib.o)
 .debug_abbrev  0x00000a26      0x16e .\CortexM3\ARM_GCC_484\Debug\Bootloader550M.a(cyPm.o)
 .debug_abbrev  0x00000b94      0x179 .\CortexM3\ARM_GCC_484\Debug\Bootloader550M.a(CySpc.o)
 .debug_abbrev  0x00000d0d      0x16c .\CortexM3\ARM_GCC_484\Debug\Bootloader550M.a(UART_1.o)
 .debug_abbrev  0x00000e79       0x97 .\CortexM3\ARM_GCC_484\Debug\Bootloader550M.a(UART_1_INT.o)
 .debug_abbrev  0x00000f10      0x12a .\CortexM3\ARM_GCC_484\Debug\Bootloader550M.a(UART_1_IntClock.o)

.debug_line     0x00000000     0x20fb
 *(.debug_line)
 .debug_line    0x00000000      0x15b .\CortexM3\ARM_GCC_484\Debug\main.o
 .debug_line    0x0000015b       0x53 .\CortexM3\ARM_GCC_484\Debug\cymetadata.o
 .debug_line    0x000001ae      0x1cc .\CortexM3\ARM_GCC_484\Debug\Cm3Start.o
 .debug_line    0x0000037a      0x1e9 .\CortexM3\ARM_GCC_484\Debug\Bootloader550M.a(cyfitter_cfg.o)
 .debug_line    0x00000563      0x4b3 .\CortexM3\ARM_GCC_484\Debug\Bootloader550M.a(Bootloader_1.o)
 .debug_line    0x00000a16      0x10a .\CortexM3\ARM_GCC_484\Debug\Bootloader550M.a(UART_1_BOOT.o)
 .debug_line    0x00000b20       0x68 .\CortexM3\ARM_GCC_484\Debug\Bootloader550M.a(CyBootAsmGnu.o)
 .debug_line    0x00000b88      0x217 .\CortexM3\ARM_GCC_484\Debug\Bootloader550M.a(CyFlash.o)
 .debug_line    0x00000d9f      0x86a .\CortexM3\ARM_GCC_484\Debug\Bootloader550M.a(CyLib.o)
 .debug_line    0x00001609      0x378 .\CortexM3\ARM_GCC_484\Debug\Bootloader550M.a(cyPm.o)
 .debug_line    0x00001981      0x20c .\CortexM3\ARM_GCC_484\Debug\Bootloader550M.a(CySpc.o)
 .debug_line    0x00001b8d      0x324 .\CortexM3\ARM_GCC_484\Debug\Bootloader550M.a(UART_1.o)
 .debug_line    0x00001eb1       0x8c .\CortexM3\ARM_GCC_484\Debug\Bootloader550M.a(UART_1_INT.o)
 .debug_line    0x00001f3d      0x1be .\CortexM3\ARM_GCC_484\Debug\Bootloader550M.a(UART_1_IntClock.o)

.debug_frame    0x00000000     0x17e0
 *(.debug_frame)
 .debug_frame   0x00000000       0x2c .\CortexM3\ARM_GCC_484\Debug\main.o
 .debug_frame   0x0000002c       0xc8 .\CortexM3\ARM_GCC_484\Debug\Cm3Start.o
 .debug_frame   0x000000f4      0x120 .\CortexM3\ARM_GCC_484\Debug\Bootloader550M.a(cyfitter_cfg.o)
 .debug_frame   0x00000214      0x178 .\CortexM3\ARM_GCC_484\Debug\Bootloader550M.a(Bootloader_1.o)
 .debug_frame   0x0000038c       0xa8 .\CortexM3\ARM_GCC_484\Debug\Bootloader550M.a(UART_1_BOOT.o)
 .debug_frame   0x00000434      0x1a8 .\CortexM3\ARM_GCC_484\Debug\Bootloader550M.a(CyFlash.o)
 .debug_frame   0x000005dc      0x948 .\CortexM3\ARM_GCC_484\Debug\Bootloader550M.a(CyLib.o)
 .debug_frame   0x00000f24      0x1ec .\CortexM3\ARM_GCC_484\Debug\Bootloader550M.a(cyPm.o)
 .debug_frame   0x00001110      0x174 .\CortexM3\ARM_GCC_484\Debug\Bootloader550M.a(CySpc.o)
 .debug_frame   0x00001284      0x328 .\CortexM3\ARM_GCC_484\Debug\Bootloader550M.a(UART_1.o)
 .debug_frame   0x000015ac       0x2c .\CortexM3\ARM_GCC_484\Debug\Bootloader550M.a(UART_1_INT.o)
 .debug_frame   0x000015d8      0x14c .\CortexM3\ARM_GCC_484\Debug\Bootloader550M.a(UART_1_IntClock.o)
 .debug_frame   0x00001724       0x20 c:/program files (x86)/cypress/psoc creator/3.2/psoc creator/import/gnu/arm/4.8.4/bin/../lib/gcc/arm-none-eabi/4.8.4/../../../../arm-none-eabi/lib/armv7-m\libg_s.a(lib_a-errno.o)
 .debug_frame   0x00001744       0x28 c:/program files (x86)/cypress/psoc creator/3.2/psoc creator/import/gnu/arm/4.8.4/bin/../lib/gcc/arm-none-eabi/4.8.4/../../../../arm-none-eabi/lib/armv7-m\libg_s.a(lib_a-exit.o)
 .debug_frame   0x0000176c       0x2c c:/program files (x86)/cypress/psoc creator/3.2/psoc creator/import/gnu/arm/4.8.4/bin/../lib/gcc/arm-none-eabi/4.8.4/../../../../arm-none-eabi/lib/armv7-m\libg_s.a(lib_a-init.o)
 .debug_frame   0x00001798       0x28 c:/program files (x86)/cypress/psoc creator/3.2/psoc creator/import/gnu/arm/4.8.4/bin/../lib/gcc/arm-none-eabi/4.8.4/../../../../arm-none-eabi/lib/armv7-m\libg_s.a(lib_a-memcpy-stub.o)
 .debug_frame   0x000017c0       0x20 c:/program files (x86)/cypress/psoc creator/3.2/psoc creator/import/gnu/arm/4.8.4/bin/../lib/gcc/arm-none-eabi/4.8.4/../../../../arm-none-eabi/lib/armv7-m\libg_s.a(lib_a-memset.o)

.debug_str      0x00000000     0x1c11
 *(.debug_str)
 .debug_str     0x00000000      0x174 .\CortexM3\ARM_GCC_484\Debug\main.o
                                0x1b5 (size before relaxing)
 .debug_str     0x00000174       0x8c .\CortexM3\ARM_GCC_484\Debug\cymetadata.o
                                0x214 (size before relaxing)
 .debug_str     0x00000200      0x13e .\CortexM3\ARM_GCC_484\Debug\Cm3Start.o
                                0x2e6 (size before relaxing)
 .debug_str     0x0000033e      0x17d .\CortexM3\ARM_GCC_484\Debug\Bootloader550M.a(cyfitter_cfg.o)
                                0x347 (size before relaxing)
 .debug_str     0x000004bb      0x35c .\CortexM3\ARM_GCC_484\Debug\Bootloader550M.a(Bootloader_1.o)
                                0x53f (size before relaxing)
 .debug_str     0x00000817       0xd7 .\CortexM3\ARM_GCC_484\Debug\Bootloader550M.a(UART_1_BOOT.o)
                                0x28f (size before relaxing)
 .debug_str     0x000008ee      0x144 .\CortexM3\ARM_GCC_484\Debug\Bootloader550M.a(CyFlash.o)
                                0x305 (size before relaxing)
 .debug_str     0x00000a32      0x7d9 .\CortexM3\ARM_GCC_484\Debug\Bootloader550M.a(CyLib.o)
                                0x9e1 (size before relaxing)
 .debug_str     0x0000120b      0x367 .\CortexM3\ARM_GCC_484\Debug\Bootloader550M.a(cyPm.o)
                                0x546 (size before relaxing)
 .debug_str     0x00001572      0x121 .\CortexM3\ARM_GCC_484\Debug\Bootloader550M.a(CySpc.o)
                                0x302 (size before relaxing)
 .debug_str     0x00001693      0x361 .\CortexM3\ARM_GCC_484\Debug\Bootloader550M.a(UART_1.o)
                                0x525 (size before relaxing)
 .debug_str     0x000019f4       0x59 .\CortexM3\ARM_GCC_484\Debug\Bootloader550M.a(UART_1_INT.o)
                                0x26a (size before relaxing)
 .debug_str     0x00001a4d      0x1c4 .\CortexM3\ARM_GCC_484\Debug\Bootloader550M.a(UART_1_IntClock.o)
                                0x369 (size before relaxing)

.debug_loc
 *(.debug_loc)

.debug_macinfo
 *(.debug_macinfo)

.debug_ranges   0x00000000      0x668
 *(.debug_ranges)
 .debug_ranges  0x00000000       0x10 .\CortexM3\ARM_GCC_484\Debug\main.o
 .debug_ranges  0x00000010       0x38 .\CortexM3\ARM_GCC_484\Debug\Cm3Start.o
 .debug_ranges  0x00000048       0x50 .\CortexM3\ARM_GCC_484\Debug\Bootloader550M.a(cyfitter_cfg.o)
 .debug_ranges  0x00000098       0x68 .\CortexM3\ARM_GCC_484\Debug\Bootloader550M.a(Bootloader_1.o)
 .debug_ranges  0x00000100       0x30 .\CortexM3\ARM_GCC_484\Debug\Bootloader550M.a(UART_1_BOOT.o)
 .debug_ranges  0x00000130       0x70 .\CortexM3\ARM_GCC_484\Debug\Bootloader550M.a(CyFlash.o)
 .debug_ranges  0x000001a0      0x288 .\CortexM3\ARM_GCC_484\Debug\Bootloader550M.a(CyLib.o)
 .debug_ranges  0x00000428       0x88 .\CortexM3\ARM_GCC_484\Debug\Bootloader550M.a(cyPm.o)
 .debug_ranges  0x000004b0       0x68 .\CortexM3\ARM_GCC_484\Debug\Bootloader550M.a(CySpc.o)
 .debug_ranges  0x00000518       0xe0 .\CortexM3\ARM_GCC_484\Debug\Bootloader550M.a(UART_1.o)
 .debug_ranges  0x000005f8       0x10 .\CortexM3\ARM_GCC_484\Debug\Bootloader550M.a(UART_1_INT.o)
 .debug_ranges  0x00000608       0x60 .\CortexM3\ARM_GCC_484\Debug\Bootloader550M.a(UART_1_IntClock.o)

.comment        0x00000000       0x70
 .comment       0x00000000       0x70 .\CortexM3\ARM_GCC_484\Debug\main.o
                                 0x71 (size before relaxing)
 .comment       0x00000000       0x71 .\CortexM3\ARM_GCC_484\Debug\cymetadata.o
 .comment       0x00000000       0x71 .\CortexM3\ARM_GCC_484\Debug\Cm3Start.o
 .comment       0x00000000       0x71 .\CortexM3\ARM_GCC_484\Debug\Bootloader550M.a(cyfitter_cfg.o)
 .comment       0x00000000       0x71 .\CortexM3\ARM_GCC_484\Debug\Bootloader550M.a(Bootloader_1.o)
 .comment       0x00000000       0x71 .\CortexM3\ARM_GCC_484\Debug\Bootloader550M.a(UART_1_BOOT.o)
 .comment       0x00000000       0x71 .\CortexM3\ARM_GCC_484\Debug\Bootloader550M.a(CyFlash.o)
 .comment       0x00000000       0x71 .\CortexM3\ARM_GCC_484\Debug\Bootloader550M.a(CyLib.o)
 .comment       0x00000000       0x71 .\CortexM3\ARM_GCC_484\Debug\Bootloader550M.a(cyPm.o)
 .comment       0x00000000       0x71 .\CortexM3\ARM_GCC_484\Debug\Bootloader550M.a(CySpc.o)
 .comment       0x00000000       0x71 .\CortexM3\ARM_GCC_484\Debug\Bootloader550M.a(UART_1.o)
 .comment       0x00000000       0x71 .\CortexM3\ARM_GCC_484\Debug\Bootloader550M.a(UART_1_INT.o)
 .comment       0x00000000       0x71 .\CortexM3\ARM_GCC_484\Debug\Bootloader550M.a(UART_1_IntClock.o)

.debug_weaknames
 *(.debug_weaknames)

.debug_funcnames
 *(.debug_funcnames)

.debug_typenames
 *(.debug_typenames)

.debug_varnames
 *(.debug_varnames)

.note.gnu.arm.ident
 *(.note.gnu.arm.ident)

.ARM.attributes
                0x00000000       0x29
 *(.ARM.attributes)
 .ARM.attributes
                0x00000000       0x1d c:/program files (x86)/cypress/psoc creator/3.2/psoc creator/import/gnu/arm/4.8.4/bin/../lib/gcc/arm-none-eabi/4.8.4/armv7-m/crti.o
 .ARM.attributes
                0x0000001d       0x2d c:/program files (x86)/cypress/psoc creator/3.2/psoc creator/import/gnu/arm/4.8.4/bin/../lib/gcc/arm-none-eabi/4.8.4/armv7-m/crtbegin.o
 .ARM.attributes
                0x0000004a       0x1b c:/program files (x86)/cypress/psoc creator/3.2/psoc creator/import/gnu/arm/4.8.4/bin/../lib/gcc/arm-none-eabi/4.8.4/../../../../arm-none-eabi/lib/armv7-m/crt0.o
 .ARM.attributes
                0x00000065       0x33 .\CortexM3\ARM_GCC_484\Debug\main.o
 .ARM.attributes
                0x00000098       0x33 .\CortexM3\ARM_GCC_484\Debug\cymetadata.o
 .ARM.attributes
                0x000000cb       0x33 .\CortexM3\ARM_GCC_484\Debug\Cm3Start.o
 .ARM.attributes
                0x000000fe       0x33 .\CortexM3\ARM_GCC_484\Debug\Bootloader550M.a(cyfitter_cfg.o)
 .ARM.attributes
                0x00000131       0x33 .\CortexM3\ARM_GCC_484\Debug\Bootloader550M.a(Bootloader_1.o)
 .ARM.attributes
                0x00000164       0x33 .\CortexM3\ARM_GCC_484\Debug\Bootloader550M.a(UART_1_BOOT.o)
 .ARM.attributes
                0x00000197       0x21 .\CortexM3\ARM_GCC_484\Debug\Bootloader550M.a(CyBootAsmGnu.o)
 .ARM.attributes
                0x000001b8       0x33 .\CortexM3\ARM_GCC_484\Debug\Bootloader550M.a(CyFlash.o)
 .ARM.attributes
                0x000001eb       0x33 .\CortexM3\ARM_GCC_484\Debug\Bootloader550M.a(CyLib.o)
 .ARM.attributes
                0x0000021e       0x33 .\CortexM3\ARM_GCC_484\Debug\Bootloader550M.a(cyPm.o)
 .ARM.attributes
                0x00000251       0x33 .\CortexM3\ARM_GCC_484\Debug\Bootloader550M.a(CySpc.o)
 .ARM.attributes
                0x00000284       0x33 .\CortexM3\ARM_GCC_484\Debug\Bootloader550M.a(UART_1.o)
 .ARM.attributes
                0x000002b7       0x33 .\CortexM3\ARM_GCC_484\Debug\Bootloader550M.a(UART_1_INT.o)
 .ARM.attributes
                0x000002ea       0x33 .\CortexM3\ARM_GCC_484\Debug\Bootloader550M.a(UART_1_IntClock.o)
 .ARM.attributes
                0x0000031d       0x2d c:/program files (x86)/cypress/psoc creator/3.2/psoc creator/import/gnu/arm/4.8.4/bin/../lib/gcc/arm-none-eabi/4.8.4/../../../../arm-none-eabi/lib/armv7-m\libg_s.a(lib_a-errno.o)
 .ARM.attributes
                0x0000034a       0x2d c:/program files (x86)/cypress/psoc creator/3.2/psoc creator/import/gnu/arm/4.8.4/bin/../lib/gcc/arm-none-eabi/4.8.4/../../../../arm-none-eabi/lib/armv7-m\libg_s.a(lib_a-exit.o)
 .ARM.attributes
                0x00000377       0x2d c:/program files (x86)/cypress/psoc creator/3.2/psoc creator/import/gnu/arm/4.8.4/bin/../lib/gcc/arm-none-eabi/4.8.4/../../../../arm-none-eabi/lib/armv7-m\libg_s.a(lib_a-impure.o)
 .ARM.attributes
                0x000003a4       0x2d c:/program files (x86)/cypress/psoc creator/3.2/psoc creator/import/gnu/arm/4.8.4/bin/../lib/gcc/arm-none-eabi/4.8.4/../../../../arm-none-eabi/lib/armv7-m\libg_s.a(lib_a-init.o)
 .ARM.attributes
                0x000003d1       0x2d c:/program files (x86)/cypress/psoc creator/3.2/psoc creator/import/gnu/arm/4.8.4/bin/../lib/gcc/arm-none-eabi/4.8.4/../../../../arm-none-eabi/lib/armv7-m\libg_s.a(lib_a-memcpy-stub.o)
 .ARM.attributes
                0x000003fe       0x2d c:/program files (x86)/cypress/psoc creator/3.2/psoc creator/import/gnu/arm/4.8.4/bin/../lib/gcc/arm-none-eabi/4.8.4/../../../../arm-none-eabi/lib/armv7-m\libg_s.a(lib_a-memset.o)
 .ARM.attributes
                0x0000042b       0x2d c:/program files (x86)/cypress/psoc creator/3.2/psoc creator/import/gnu/arm/4.8.4/bin/../lib/gcc/arm-none-eabi/4.8.4/armv7-m/crtend.o
 .ARM.attributes
                0x00000458       0x1d c:/program files (x86)/cypress/psoc creator/3.2/psoc creator/import/gnu/arm/4.8.4/bin/../lib/gcc/arm-none-eabi/4.8.4/armv7-m/crtn.o

/DISCARD/
 *(.note.GNU-stack)
OUTPUT(.\CortexM3\ARM_GCC_484\Debug\Bootloader550M.elf elf32-littlearm)
