ARM GAS  C:\Users\IN-002~1\AppData\Local\Temp\ccI4M4Ks.s 			page 1


   1              		.syntax unified
   2              		.cpu cortex-m3
   3              		.fpu softvfp
   4              		.eabi_attribute 20, 1
   5              		.eabi_attribute 21, 1
   6              		.eabi_attribute 23, 3
   7              		.eabi_attribute 24, 1
   8              		.eabi_attribute 25, 1
   9              		.eabi_attribute 26, 1
  10              		.eabi_attribute 30, 1
  11              		.eabi_attribute 34, 1
  12              		.eabi_attribute 18, 4
  13              		.thumb
  14              		.file	"LCD_2_INT.c"
  15              		.text
  16              	.Ltext0:
  17              		.cfi_sections	.debug_frame
  18              		.section	.text.LCD_2_RXISR,"ax",%progbits
  19              		.align	2
  20              		.global	LCD_2_RXISR
  21              		.thumb
  22              		.thumb_func
  23              		.type	LCD_2_RXISR, %function
  24              	LCD_2_RXISR:
  25              	.LFB0:
  26              		.file 1 ".\\Generated_Source\\PSoC5\\LCD_2_INT.c"
   1:.\Generated_Source\PSoC5/LCD_2_INT.c **** /*******************************************************************************
   2:.\Generated_Source\PSoC5/LCD_2_INT.c **** * File Name: LCD_2_INT.c
   3:.\Generated_Source\PSoC5/LCD_2_INT.c **** * Version 2.30
   4:.\Generated_Source\PSoC5/LCD_2_INT.c **** *
   5:.\Generated_Source\PSoC5/LCD_2_INT.c **** * Description:
   6:.\Generated_Source\PSoC5/LCD_2_INT.c **** *  This file provides all Interrupt Service functionality of the UART component
   7:.\Generated_Source\PSoC5/LCD_2_INT.c **** *
   8:.\Generated_Source\PSoC5/LCD_2_INT.c **** * Note:
   9:.\Generated_Source\PSoC5/LCD_2_INT.c **** *  Any unusual or non-standard behavior should be noted here. Other-
  10:.\Generated_Source\PSoC5/LCD_2_INT.c **** *  wise, this section should remain blank.
  11:.\Generated_Source\PSoC5/LCD_2_INT.c **** *
  12:.\Generated_Source\PSoC5/LCD_2_INT.c **** ********************************************************************************
  13:.\Generated_Source\PSoC5/LCD_2_INT.c **** * Copyright 2008-2012, Cypress Semiconductor Corporation.  All rights reserved.
  14:.\Generated_Source\PSoC5/LCD_2_INT.c **** * You may use this file only in accordance with the license, terms, conditions,
  15:.\Generated_Source\PSoC5/LCD_2_INT.c **** * disclaimers, and limitations in the end user license agreement accompanying
  16:.\Generated_Source\PSoC5/LCD_2_INT.c **** * the software package with which this file was provided.
  17:.\Generated_Source\PSoC5/LCD_2_INT.c **** *******************************************************************************/
  18:.\Generated_Source\PSoC5/LCD_2_INT.c **** 
  19:.\Generated_Source\PSoC5/LCD_2_INT.c **** #include "LCD_2.h"
  20:.\Generated_Source\PSoC5/LCD_2_INT.c **** #include "CyLib.h"
  21:.\Generated_Source\PSoC5/LCD_2_INT.c **** 
  22:.\Generated_Source\PSoC5/LCD_2_INT.c **** 
  23:.\Generated_Source\PSoC5/LCD_2_INT.c **** /***************************************
  24:.\Generated_Source\PSoC5/LCD_2_INT.c **** * Custom Declratations
  25:.\Generated_Source\PSoC5/LCD_2_INT.c **** ***************************************/
  26:.\Generated_Source\PSoC5/LCD_2_INT.c **** /* `#START CUSTOM_DECLARATIONS` Place your declaration here */
  27:.\Generated_Source\PSoC5/LCD_2_INT.c **** 
  28:.\Generated_Source\PSoC5/LCD_2_INT.c **** /* `#END` */
  29:.\Generated_Source\PSoC5/LCD_2_INT.c **** 
  30:.\Generated_Source\PSoC5/LCD_2_INT.c **** #if( (LCD_2_RX_ENABLED || LCD_2_HD_ENABLED) && \
  31:.\Generated_Source\PSoC5/LCD_2_INT.c ****      (LCD_2_RXBUFFERSIZE > LCD_2_FIFO_LENGTH))
ARM GAS  C:\Users\IN-002~1\AppData\Local\Temp\ccI4M4Ks.s 			page 2


  32:.\Generated_Source\PSoC5/LCD_2_INT.c **** 
  33:.\Generated_Source\PSoC5/LCD_2_INT.c **** 
  34:.\Generated_Source\PSoC5/LCD_2_INT.c ****     /*******************************************************************************
  35:.\Generated_Source\PSoC5/LCD_2_INT.c ****     * Function Name: LCD_2_RXISR
  36:.\Generated_Source\PSoC5/LCD_2_INT.c ****     ********************************************************************************
  37:.\Generated_Source\PSoC5/LCD_2_INT.c ****     *
  38:.\Generated_Source\PSoC5/LCD_2_INT.c ****     * Summary:
  39:.\Generated_Source\PSoC5/LCD_2_INT.c ****     *  Interrupt Service Routine for RX portion of the UART
  40:.\Generated_Source\PSoC5/LCD_2_INT.c ****     *
  41:.\Generated_Source\PSoC5/LCD_2_INT.c ****     * Parameters:
  42:.\Generated_Source\PSoC5/LCD_2_INT.c ****     *  None.
  43:.\Generated_Source\PSoC5/LCD_2_INT.c ****     *
  44:.\Generated_Source\PSoC5/LCD_2_INT.c ****     * Return:
  45:.\Generated_Source\PSoC5/LCD_2_INT.c ****     *  None.
  46:.\Generated_Source\PSoC5/LCD_2_INT.c ****     *
  47:.\Generated_Source\PSoC5/LCD_2_INT.c ****     * Global Variables:
  48:.\Generated_Source\PSoC5/LCD_2_INT.c ****     *  LCD_2_rxBuffer - RAM buffer pointer for save received data.
  49:.\Generated_Source\PSoC5/LCD_2_INT.c ****     *  LCD_2_rxBufferWrite - cyclic index for write to rxBuffer,
  50:.\Generated_Source\PSoC5/LCD_2_INT.c ****     *     increments after each byte saved to buffer.
  51:.\Generated_Source\PSoC5/LCD_2_INT.c ****     *  LCD_2_rxBufferRead - cyclic index for read from rxBuffer,
  52:.\Generated_Source\PSoC5/LCD_2_INT.c ****     *     checked to detect overflow condition.
  53:.\Generated_Source\PSoC5/LCD_2_INT.c ****     *  LCD_2_rxBufferOverflow - software overflow flag. Set to one
  54:.\Generated_Source\PSoC5/LCD_2_INT.c ****     *     when LCD_2_rxBufferWrite index overtakes
  55:.\Generated_Source\PSoC5/LCD_2_INT.c ****     *     LCD_2_rxBufferRead index.
  56:.\Generated_Source\PSoC5/LCD_2_INT.c ****     *  LCD_2_rxBufferLoopDetect - additional variable to detect overflow.
  57:.\Generated_Source\PSoC5/LCD_2_INT.c ****     *     Set to one when LCD_2_rxBufferWrite is equal to
  58:.\Generated_Source\PSoC5/LCD_2_INT.c ****     *    LCD_2_rxBufferRead
  59:.\Generated_Source\PSoC5/LCD_2_INT.c ****     *  LCD_2_rxAddressMode - this variable contains the Address mode,
  60:.\Generated_Source\PSoC5/LCD_2_INT.c ****     *     selected in customizer or set by UART_SetRxAddressMode() API.
  61:.\Generated_Source\PSoC5/LCD_2_INT.c ****     *  LCD_2_rxAddressDetected - set to 1 when correct address received,
  62:.\Generated_Source\PSoC5/LCD_2_INT.c ****     *     and analysed to store following addressed data bytes to the buffer.
  63:.\Generated_Source\PSoC5/LCD_2_INT.c ****     *     When not correct address received, set to 0 to skip following data bytes.
  64:.\Generated_Source\PSoC5/LCD_2_INT.c ****     *
  65:.\Generated_Source\PSoC5/LCD_2_INT.c ****     *******************************************************************************/
  66:.\Generated_Source\PSoC5/LCD_2_INT.c ****     CY_ISR(LCD_2_RXISR)
  67:.\Generated_Source\PSoC5/LCD_2_INT.c ****     {
  27              		.loc 1 67 0
  28              		.cfi_startproc
  29              		@ args = 0, pretend = 0, frame = 0
  30              		@ frame_needed = 0, uses_anonymous_args = 0
  31              		@ link register save eliminated.
  32              	.LVL0:
  68:.\Generated_Source\PSoC5/LCD_2_INT.c ****         uint8 readData;
  69:.\Generated_Source\PSoC5/LCD_2_INT.c ****         uint8 increment_pointer = 0u;
  70:.\Generated_Source\PSoC5/LCD_2_INT.c ****         #if(CY_PSOC3)
  71:.\Generated_Source\PSoC5/LCD_2_INT.c ****             uint8 int_en;
  72:.\Generated_Source\PSoC5/LCD_2_INT.c ****         #endif /* CY_PSOC3 */
  73:.\Generated_Source\PSoC5/LCD_2_INT.c **** 
  74:.\Generated_Source\PSoC5/LCD_2_INT.c ****         /* User code required at start of ISR */
  75:.\Generated_Source\PSoC5/LCD_2_INT.c ****         /* `#START LCD_2_RXISR_START` */
  76:.\Generated_Source\PSoC5/LCD_2_INT.c **** 
  77:.\Generated_Source\PSoC5/LCD_2_INT.c ****         /* `#END` */
  78:.\Generated_Source\PSoC5/LCD_2_INT.c **** 
  79:.\Generated_Source\PSoC5/LCD_2_INT.c ****         #if(CY_PSOC3)   /* Make sure nested interrupt is enabled */
  80:.\Generated_Source\PSoC5/LCD_2_INT.c ****             int_en = EA;
  81:.\Generated_Source\PSoC5/LCD_2_INT.c ****             CyGlobalIntEnable;
  82:.\Generated_Source\PSoC5/LCD_2_INT.c ****         #endif /* CY_PSOC3 */
ARM GAS  C:\Users\IN-002~1\AppData\Local\Temp\ccI4M4Ks.s 			page 3


  83:.\Generated_Source\PSoC5/LCD_2_INT.c **** 
  84:.\Generated_Source\PSoC5/LCD_2_INT.c ****         readData = LCD_2_RXSTATUS_REG;
  33              		.loc 1 84 0
  34 0000 184B     		ldr	r3, .L7
  35 0002 1B78     		ldrb	r3, [r3]	@ zero_extendqisi2
  36 0004 DBB2     		uxtb	r3, r3
  37              	.LVL1:
  85:.\Generated_Source\PSoC5/LCD_2_INT.c **** 
  86:.\Generated_Source\PSoC5/LCD_2_INT.c ****         if((readData & (LCD_2_RX_STS_BREAK | LCD_2_RX_STS_PAR_ERROR |
  87:.\Generated_Source\PSoC5/LCD_2_INT.c ****                         LCD_2_RX_STS_STOP_ERROR | LCD_2_RX_STS_OVERRUN)) != 0u)
  88:.\Generated_Source\PSoC5/LCD_2_INT.c ****         {
  89:.\Generated_Source\PSoC5/LCD_2_INT.c ****             /* ERROR handling. */
  90:.\Generated_Source\PSoC5/LCD_2_INT.c ****             /* `#START LCD_2_RXISR_ERROR` */
  91:.\Generated_Source\PSoC5/LCD_2_INT.c **** 
  92:.\Generated_Source\PSoC5/LCD_2_INT.c ****             /* `#END` */
  93:.\Generated_Source\PSoC5/LCD_2_INT.c ****         }
  94:.\Generated_Source\PSoC5/LCD_2_INT.c **** 
  95:.\Generated_Source\PSoC5/LCD_2_INT.c ****         while((readData & LCD_2_RX_STS_FIFO_NOTEMPTY) != 0u)
  38              		.loc 1 95 0
  39 0006 28E0     		b	.L2
  40              	.LVL2:
  41              	.L6:
  96:.\Generated_Source\PSoC5/LCD_2_INT.c ****         {
  97:.\Generated_Source\PSoC5/LCD_2_INT.c **** 
  98:.\Generated_Source\PSoC5/LCD_2_INT.c ****             #if (LCD_2_RXHW_ADDRESS_ENABLED)
  99:.\Generated_Source\PSoC5/LCD_2_INT.c ****                 if(LCD_2_rxAddressMode == (uint8)LCD_2__B_UART__AM_SW_DETECT_TO_BUFFER)
 100:.\Generated_Source\PSoC5/LCD_2_INT.c ****                 {
 101:.\Generated_Source\PSoC5/LCD_2_INT.c ****                     if((readData & LCD_2_RX_STS_MRKSPC) != 0u)
 102:.\Generated_Source\PSoC5/LCD_2_INT.c ****                     {
 103:.\Generated_Source\PSoC5/LCD_2_INT.c ****                         if ((readData & LCD_2_RX_STS_ADDR_MATCH) != 0u)
 104:.\Generated_Source\PSoC5/LCD_2_INT.c ****                         {
 105:.\Generated_Source\PSoC5/LCD_2_INT.c ****                             LCD_2_rxAddressDetected = 1u;
 106:.\Generated_Source\PSoC5/LCD_2_INT.c ****                         }
 107:.\Generated_Source\PSoC5/LCD_2_INT.c ****                         else
 108:.\Generated_Source\PSoC5/LCD_2_INT.c ****                         {
 109:.\Generated_Source\PSoC5/LCD_2_INT.c ****                             LCD_2_rxAddressDetected = 0u;
 110:.\Generated_Source\PSoC5/LCD_2_INT.c ****                         }
 111:.\Generated_Source\PSoC5/LCD_2_INT.c ****                     }
 112:.\Generated_Source\PSoC5/LCD_2_INT.c **** 
 113:.\Generated_Source\PSoC5/LCD_2_INT.c ****                     readData = LCD_2_RXDATA_REG;
 114:.\Generated_Source\PSoC5/LCD_2_INT.c ****                     if(LCD_2_rxAddressDetected != 0u)
 115:.\Generated_Source\PSoC5/LCD_2_INT.c ****                     {   /* store only addressed data */
 116:.\Generated_Source\PSoC5/LCD_2_INT.c ****                         LCD_2_rxBuffer[LCD_2_rxBufferWrite] = readData;
 117:.\Generated_Source\PSoC5/LCD_2_INT.c ****                         increment_pointer = 1u;
 118:.\Generated_Source\PSoC5/LCD_2_INT.c ****                     }
 119:.\Generated_Source\PSoC5/LCD_2_INT.c ****                 }
 120:.\Generated_Source\PSoC5/LCD_2_INT.c ****                 else /* without software addressing */
 121:.\Generated_Source\PSoC5/LCD_2_INT.c ****                 {
 122:.\Generated_Source\PSoC5/LCD_2_INT.c ****                     LCD_2_rxBuffer[LCD_2_rxBufferWrite] = LCD_2_RXDATA_REG;
 123:.\Generated_Source\PSoC5/LCD_2_INT.c ****                     increment_pointer = 1u;
 124:.\Generated_Source\PSoC5/LCD_2_INT.c ****                 }
 125:.\Generated_Source\PSoC5/LCD_2_INT.c ****             #else  /* without addressing */
 126:.\Generated_Source\PSoC5/LCD_2_INT.c ****                 LCD_2_rxBuffer[LCD_2_rxBufferWrite] = LCD_2_RXDATA_REG;
  42              		.loc 1 126 0
  43 0008 174B     		ldr	r3, .L7+4
  44              	.LVL3:
  45 000a 1B78     		ldrb	r3, [r3]	@ zero_extendqisi2
ARM GAS  C:\Users\IN-002~1\AppData\Local\Temp\ccI4M4Ks.s 			page 4


  46 000c DBB2     		uxtb	r3, r3
  47 000e 174A     		ldr	r2, .L7+8
  48 0010 1278     		ldrb	r2, [r2]	@ zero_extendqisi2
  49 0012 D2B2     		uxtb	r2, r2
  50 0014 1649     		ldr	r1, .L7+12
  51 0016 CA54     		strb	r2, [r1, r3]
  52              	.LVL4:
 127:.\Generated_Source\PSoC5/LCD_2_INT.c ****                 increment_pointer = 1u;
 128:.\Generated_Source\PSoC5/LCD_2_INT.c ****             #endif /* End SW_DETECT_TO_BUFFER */
 129:.\Generated_Source\PSoC5/LCD_2_INT.c **** 
 130:.\Generated_Source\PSoC5/LCD_2_INT.c ****             /* do not increment buffer pointer when skip not adderessed data */
 131:.\Generated_Source\PSoC5/LCD_2_INT.c ****             if( increment_pointer != 0u )
 132:.\Generated_Source\PSoC5/LCD_2_INT.c ****             {
 133:.\Generated_Source\PSoC5/LCD_2_INT.c ****                 if(LCD_2_rxBufferLoopDetect != 0u)
  53              		.loc 1 133 0
  54 0018 164B     		ldr	r3, .L7+16
  55 001a 1B78     		ldrb	r3, [r3]	@ zero_extendqisi2
  56 001c 13F0FF0F 		tst	r3, #255
  57 0020 02D0     		beq	.L3
 134:.\Generated_Source\PSoC5/LCD_2_INT.c ****                 {   /* Set Software Buffer status Overflow */
 135:.\Generated_Source\PSoC5/LCD_2_INT.c ****                     LCD_2_rxBufferOverflow = 1u;
  58              		.loc 1 135 0
  59 0022 0122     		movs	r2, #1
  60 0024 144B     		ldr	r3, .L7+20
  61 0026 1A70     		strb	r2, [r3]
  62              	.L3:
 136:.\Generated_Source\PSoC5/LCD_2_INT.c ****                 }
 137:.\Generated_Source\PSoC5/LCD_2_INT.c ****                 /* Set next pointer. */
 138:.\Generated_Source\PSoC5/LCD_2_INT.c ****                 LCD_2_rxBufferWrite++;
  63              		.loc 1 138 0
  64 0028 0F4A     		ldr	r2, .L7+4
  65 002a 1378     		ldrb	r3, [r2]	@ zero_extendqisi2
  66 002c 0133     		adds	r3, r3, #1
  67 002e DBB2     		uxtb	r3, r3
  68 0030 1370     		strb	r3, [r2]
 139:.\Generated_Source\PSoC5/LCD_2_INT.c **** 
 140:.\Generated_Source\PSoC5/LCD_2_INT.c ****                 /* Check pointer for a loop condition */
 141:.\Generated_Source\PSoC5/LCD_2_INT.c ****                 if(LCD_2_rxBufferWrite >= LCD_2_RXBUFFERSIZE)
  69              		.loc 1 141 0
  70 0032 1378     		ldrb	r3, [r2]	@ zero_extendqisi2
  71 0034 DBB2     		uxtb	r3, r3
  72 0036 132B     		cmp	r3, #19
  73 0038 02D9     		bls	.L4
 142:.\Generated_Source\PSoC5/LCD_2_INT.c ****                 {
 143:.\Generated_Source\PSoC5/LCD_2_INT.c ****                     LCD_2_rxBufferWrite = 0u;
  74              		.loc 1 143 0
  75 003a 0022     		movs	r2, #0
  76 003c 0A4B     		ldr	r3, .L7+4
  77 003e 1A70     		strb	r2, [r3]
  78              	.L4:
 144:.\Generated_Source\PSoC5/LCD_2_INT.c ****                 }
 145:.\Generated_Source\PSoC5/LCD_2_INT.c ****                 /* Detect pre-overload condition and set flag */
 146:.\Generated_Source\PSoC5/LCD_2_INT.c ****                 if(LCD_2_rxBufferWrite == LCD_2_rxBufferRead)
  79              		.loc 1 146 0
  80 0040 094B     		ldr	r3, .L7+4
  81 0042 1B78     		ldrb	r3, [r3]	@ zero_extendqisi2
  82 0044 0D4A     		ldr	r2, .L7+24
ARM GAS  C:\Users\IN-002~1\AppData\Local\Temp\ccI4M4Ks.s 			page 5


  83 0046 1278     		ldrb	r2, [r2]	@ zero_extendqisi2
  84 0048 DBB2     		uxtb	r3, r3
  85 004a 9342     		cmp	r3, r2
  86 004c 02D1     		bne	.L5
 147:.\Generated_Source\PSoC5/LCD_2_INT.c ****                 {
 148:.\Generated_Source\PSoC5/LCD_2_INT.c ****                     LCD_2_rxBufferLoopDetect = 1u;
  87              		.loc 1 148 0
  88 004e 0122     		movs	r2, #1
  89 0050 084B     		ldr	r3, .L7+16
  90 0052 1A70     		strb	r2, [r3]
  91              	.L5:
 149:.\Generated_Source\PSoC5/LCD_2_INT.c ****                     /* When Hardware Flow Control selected */
 150:.\Generated_Source\PSoC5/LCD_2_INT.c ****                     #if(LCD_2_FLOW_CONTROL != 0u)
 151:.\Generated_Source\PSoC5/LCD_2_INT.c ****                     /* Disable RX interrupt mask, it will be enabled when user read data from the b
 152:.\Generated_Source\PSoC5/LCD_2_INT.c ****                         LCD_2_RXSTATUS_MASK_REG  &= (uint8)~LCD_2_RX_STS_FIFO_NOTEMPTY;
 153:.\Generated_Source\PSoC5/LCD_2_INT.c ****                         CyIntClearPending(LCD_2_RX_VECT_NUM);
 154:.\Generated_Source\PSoC5/LCD_2_INT.c ****                         break; /* Break the reading of the FIFO loop, leave the data there for gene
 155:.\Generated_Source\PSoC5/LCD_2_INT.c ****                     #endif /* End LCD_2_FLOW_CONTROL != 0 */
 156:.\Generated_Source\PSoC5/LCD_2_INT.c ****                 }
 157:.\Generated_Source\PSoC5/LCD_2_INT.c ****             }
 158:.\Generated_Source\PSoC5/LCD_2_INT.c **** 
 159:.\Generated_Source\PSoC5/LCD_2_INT.c ****             /* Check again if there is data. */
 160:.\Generated_Source\PSoC5/LCD_2_INT.c ****             readData = LCD_2_RXSTATUS_REG;
  92              		.loc 1 160 0
  93 0054 034B     		ldr	r3, .L7
  94 0056 1B78     		ldrb	r3, [r3]	@ zero_extendqisi2
  95 0058 DBB2     		uxtb	r3, r3
  96              	.LVL5:
  97              	.L2:
  95:.\Generated_Source\PSoC5/LCD_2_INT.c ****         {
  98              		.loc 1 95 0
  99 005a 13F0200F 		tst	r3, #32
 100 005e D3D1     		bne	.L6
 161:.\Generated_Source\PSoC5/LCD_2_INT.c ****         }
 162:.\Generated_Source\PSoC5/LCD_2_INT.c **** 
 163:.\Generated_Source\PSoC5/LCD_2_INT.c ****         /* User code required at end of ISR (Optional) */
 164:.\Generated_Source\PSoC5/LCD_2_INT.c ****         /* `#START LCD_2_RXISR_END` */
 165:.\Generated_Source\PSoC5/LCD_2_INT.c **** 
 166:.\Generated_Source\PSoC5/LCD_2_INT.c ****         /* `#END` */
 167:.\Generated_Source\PSoC5/LCD_2_INT.c **** 
 168:.\Generated_Source\PSoC5/LCD_2_INT.c ****         #if(CY_PSOC3)
 169:.\Generated_Source\PSoC5/LCD_2_INT.c ****             EA = int_en;
 170:.\Generated_Source\PSoC5/LCD_2_INT.c ****         #endif /* CY_PSOC3 */
 171:.\Generated_Source\PSoC5/LCD_2_INT.c **** 
 172:.\Generated_Source\PSoC5/LCD_2_INT.c ****     }
 101              		.loc 1 172 0
 102 0060 7047     		bx	lr
 103              	.L8:
 104 0062 00BF     		.align	2
 105              	.L7:
 106 0064 64640040 		.word	1073767524
 107 0068 00000000 		.word	LCD_2_rxBufferWrite
 108 006c 49650040 		.word	1073767753
 109 0070 00000000 		.word	LCD_2_rxBuffer
 110 0074 00000000 		.word	LCD_2_rxBufferLoopDetect
 111 0078 00000000 		.word	LCD_2_rxBufferOverflow
 112 007c 00000000 		.word	LCD_2_rxBufferRead
ARM GAS  C:\Users\IN-002~1\AppData\Local\Temp\ccI4M4Ks.s 			page 6


 113              		.cfi_endproc
 114              	.LFE0:
 115              		.size	LCD_2_RXISR, .-LCD_2_RXISR
 116              		.text
 117              	.Letext0:
 118              		.file 2 ".\\Generated_Source\\PSoC5\\cytypes.h"
 119              		.file 3 ".\\Generated_Source\\PSoC5\\LCD_2.h"
 120              		.section	.debug_info,"",%progbits
 121              	.Ldebug_info0:
 122 0000 26010000 		.4byte	0x126
 123 0004 0400     		.2byte	0x4
 124 0006 00000000 		.4byte	.Ldebug_abbrev0
 125 000a 04       		.byte	0x4
 126 000b 01       		.uleb128 0x1
 127 000c D9000000 		.4byte	.LASF22
 128 0010 01       		.byte	0x1
 129 0011 7A010000 		.4byte	.LASF23
 130 0015 2D000000 		.4byte	.LASF24
 131 0019 00000000 		.4byte	.Ldebug_ranges0+0
 132 001d 00000000 		.4byte	0
 133 0021 00000000 		.4byte	.Ldebug_line0
 134 0025 02       		.uleb128 0x2
 135 0026 01       		.byte	0x1
 136 0027 06       		.byte	0x6
 137 0028 D6010000 		.4byte	.LASF0
 138 002c 02       		.uleb128 0x2
 139 002d 01       		.byte	0x1
 140 002e 08       		.byte	0x8
 141 002f 6C010000 		.4byte	.LASF1
 142 0033 02       		.uleb128 0x2
 143 0034 02       		.byte	0x2
 144 0035 05       		.byte	0x5
 145 0036 14020000 		.4byte	.LASF2
 146 003a 02       		.uleb128 0x2
 147 003b 02       		.byte	0x2
 148 003c 07       		.byte	0x7
 149 003d C3010000 		.4byte	.LASF3
 150 0041 02       		.uleb128 0x2
 151 0042 04       		.byte	0x4
 152 0043 05       		.byte	0x5
 153 0044 9F010000 		.4byte	.LASF4
 154 0048 02       		.uleb128 0x2
 155 0049 04       		.byte	0x4
 156 004a 07       		.byte	0x7
 157 004b A4000000 		.4byte	.LASF5
 158 004f 02       		.uleb128 0x2
 159 0050 08       		.byte	0x8
 160 0051 05       		.byte	0x5
 161 0052 00000000 		.4byte	.LASF6
 162 0056 02       		.uleb128 0x2
 163 0057 08       		.byte	0x8
 164 0058 07       		.byte	0x7
 165 0059 B6000000 		.4byte	.LASF7
 166 005d 03       		.uleb128 0x3
 167 005e 04       		.byte	0x4
 168 005f 05       		.byte	0x5
 169 0060 696E7400 		.ascii	"int\000"
ARM GAS  C:\Users\IN-002~1\AppData\Local\Temp\ccI4M4Ks.s 			page 7


 170 0064 02       		.uleb128 0x2
 171 0065 04       		.byte	0x4
 172 0066 07       		.byte	0x7
 173 0067 0E000000 		.4byte	.LASF8
 174 006b 04       		.uleb128 0x4
 175 006c 9E000000 		.4byte	.LASF12
 176 0070 02       		.byte	0x2
 177 0071 3801     		.2byte	0x138
 178 0073 2C000000 		.4byte	0x2c
 179 0077 02       		.uleb128 0x2
 180 0078 04       		.byte	0x4
 181 0079 04       		.byte	0x4
 182 007a F5010000 		.4byte	.LASF9
 183 007e 02       		.uleb128 0x2
 184 007f 08       		.byte	0x8
 185 0080 04       		.byte	0x4
 186 0081 A8010000 		.4byte	.LASF10
 187 0085 02       		.uleb128 0x2
 188 0086 01       		.byte	0x1
 189 0087 08       		.byte	0x8
 190 0088 67010000 		.4byte	.LASF11
 191 008c 04       		.uleb128 0x4
 192 008d 1E020000 		.4byte	.LASF13
 193 0091 02       		.byte	0x2
 194 0092 E201     		.2byte	0x1e2
 195 0094 98000000 		.4byte	0x98
 196 0098 05       		.uleb128 0x5
 197 0099 6B000000 		.4byte	0x6b
 198 009d 02       		.uleb128 0x2
 199 009e 04       		.byte	0x4
 200 009f 07       		.byte	0x7
 201 00a0 2C020000 		.4byte	.LASF14
 202 00a4 06       		.uleb128 0x6
 203 00a5 CD000000 		.4byte	.LASF25
 204 00a9 01       		.byte	0x1
 205 00aa 42       		.byte	0x42
 206 00ab 00000000 		.4byte	.LFB0
 207 00af 80000000 		.4byte	.LFE0-.LFB0
 208 00b3 01       		.uleb128 0x1
 209 00b4 9C       		.byte	0x9c
 210 00b5 D8000000 		.4byte	0xd8
 211 00b9 07       		.uleb128 0x7
 212 00ba 23020000 		.4byte	.LASF15
 213 00be 01       		.byte	0x1
 214 00bf 44       		.byte	0x44
 215 00c0 6B000000 		.4byte	0x6b
 216 00c4 00000000 		.4byte	.LLST0
 217 00c8 07       		.uleb128 0x7
 218 00c9 1B000000 		.4byte	.LASF16
 219 00cd 01       		.byte	0x1
 220 00ce 45       		.byte	0x45
 221 00cf 6B000000 		.4byte	0x6b
 222 00d3 1E000000 		.4byte	.LLST1
 223 00d7 00       		.byte	0
 224 00d8 08       		.uleb128 0x8
 225 00d9 6B000000 		.4byte	0x6b
 226 00dd E8000000 		.4byte	0xe8
ARM GAS  C:\Users\IN-002~1\AppData\Local\Temp\ccI4M4Ks.s 			page 8


 227 00e1 09       		.uleb128 0x9
 228 00e2 9D000000 		.4byte	0x9d
 229 00e6 13       		.byte	0x13
 230 00e7 00       		.byte	0
 231 00e8 0A       		.uleb128 0xa
 232 00e9 78000000 		.4byte	.LASF17
 233 00ed 03       		.byte	0x3
 234 00ee 5201     		.2byte	0x152
 235 00f0 F4000000 		.4byte	0xf4
 236 00f4 05       		.uleb128 0x5
 237 00f5 D8000000 		.4byte	0xd8
 238 00f9 0A       		.uleb128 0xa
 239 00fa E2010000 		.4byte	.LASF18
 240 00fe 03       		.byte	0x3
 241 00ff 5301     		.2byte	0x153
 242 0101 98000000 		.4byte	0x98
 243 0105 0A       		.uleb128 0xa
 244 0106 AF010000 		.4byte	.LASF19
 245 010a 03       		.byte	0x3
 246 010b 5401     		.2byte	0x154
 247 010d 98000000 		.4byte	0x98
 248 0111 0A       		.uleb128 0xa
 249 0112 FB010000 		.4byte	.LASF20
 250 0116 03       		.byte	0x3
 251 0117 5501     		.2byte	0x155
 252 0119 98000000 		.4byte	0x98
 253 011d 0A       		.uleb128 0xa
 254 011e 87000000 		.4byte	.LASF21
 255 0122 03       		.byte	0x3
 256 0123 5601     		.2byte	0x156
 257 0125 98000000 		.4byte	0x98
 258 0129 00       		.byte	0
 259              		.section	.debug_abbrev,"",%progbits
 260              	.Ldebug_abbrev0:
 261 0000 01       		.uleb128 0x1
 262 0001 11       		.uleb128 0x11
 263 0002 01       		.byte	0x1
 264 0003 25       		.uleb128 0x25
 265 0004 0E       		.uleb128 0xe
 266 0005 13       		.uleb128 0x13
 267 0006 0B       		.uleb128 0xb
 268 0007 03       		.uleb128 0x3
 269 0008 0E       		.uleb128 0xe
 270 0009 1B       		.uleb128 0x1b
 271 000a 0E       		.uleb128 0xe
 272 000b 55       		.uleb128 0x55
 273 000c 17       		.uleb128 0x17
 274 000d 11       		.uleb128 0x11
 275 000e 01       		.uleb128 0x1
 276 000f 10       		.uleb128 0x10
 277 0010 17       		.uleb128 0x17
 278 0011 00       		.byte	0
 279 0012 00       		.byte	0
 280 0013 02       		.uleb128 0x2
 281 0014 24       		.uleb128 0x24
 282 0015 00       		.byte	0
 283 0016 0B       		.uleb128 0xb
ARM GAS  C:\Users\IN-002~1\AppData\Local\Temp\ccI4M4Ks.s 			page 9


 284 0017 0B       		.uleb128 0xb
 285 0018 3E       		.uleb128 0x3e
 286 0019 0B       		.uleb128 0xb
 287 001a 03       		.uleb128 0x3
 288 001b 0E       		.uleb128 0xe
 289 001c 00       		.byte	0
 290 001d 00       		.byte	0
 291 001e 03       		.uleb128 0x3
 292 001f 24       		.uleb128 0x24
 293 0020 00       		.byte	0
 294 0021 0B       		.uleb128 0xb
 295 0022 0B       		.uleb128 0xb
 296 0023 3E       		.uleb128 0x3e
 297 0024 0B       		.uleb128 0xb
 298 0025 03       		.uleb128 0x3
 299 0026 08       		.uleb128 0x8
 300 0027 00       		.byte	0
 301 0028 00       		.byte	0
 302 0029 04       		.uleb128 0x4
 303 002a 16       		.uleb128 0x16
 304 002b 00       		.byte	0
 305 002c 03       		.uleb128 0x3
 306 002d 0E       		.uleb128 0xe
 307 002e 3A       		.uleb128 0x3a
 308 002f 0B       		.uleb128 0xb
 309 0030 3B       		.uleb128 0x3b
 310 0031 05       		.uleb128 0x5
 311 0032 49       		.uleb128 0x49
 312 0033 13       		.uleb128 0x13
 313 0034 00       		.byte	0
 314 0035 00       		.byte	0
 315 0036 05       		.uleb128 0x5
 316 0037 35       		.uleb128 0x35
 317 0038 00       		.byte	0
 318 0039 49       		.uleb128 0x49
 319 003a 13       		.uleb128 0x13
 320 003b 00       		.byte	0
 321 003c 00       		.byte	0
 322 003d 06       		.uleb128 0x6
 323 003e 2E       		.uleb128 0x2e
 324 003f 01       		.byte	0x1
 325 0040 3F       		.uleb128 0x3f
 326 0041 19       		.uleb128 0x19
 327 0042 03       		.uleb128 0x3
 328 0043 0E       		.uleb128 0xe
 329 0044 3A       		.uleb128 0x3a
 330 0045 0B       		.uleb128 0xb
 331 0046 3B       		.uleb128 0x3b
 332 0047 0B       		.uleb128 0xb
 333 0048 27       		.uleb128 0x27
 334 0049 19       		.uleb128 0x19
 335 004a 11       		.uleb128 0x11
 336 004b 01       		.uleb128 0x1
 337 004c 12       		.uleb128 0x12
 338 004d 06       		.uleb128 0x6
 339 004e 40       		.uleb128 0x40
 340 004f 18       		.uleb128 0x18
ARM GAS  C:\Users\IN-002~1\AppData\Local\Temp\ccI4M4Ks.s 			page 10


 341 0050 9742     		.uleb128 0x2117
 342 0052 19       		.uleb128 0x19
 343 0053 01       		.uleb128 0x1
 344 0054 13       		.uleb128 0x13
 345 0055 00       		.byte	0
 346 0056 00       		.byte	0
 347 0057 07       		.uleb128 0x7
 348 0058 34       		.uleb128 0x34
 349 0059 00       		.byte	0
 350 005a 03       		.uleb128 0x3
 351 005b 0E       		.uleb128 0xe
 352 005c 3A       		.uleb128 0x3a
 353 005d 0B       		.uleb128 0xb
 354 005e 3B       		.uleb128 0x3b
 355 005f 0B       		.uleb128 0xb
 356 0060 49       		.uleb128 0x49
 357 0061 13       		.uleb128 0x13
 358 0062 02       		.uleb128 0x2
 359 0063 17       		.uleb128 0x17
 360 0064 00       		.byte	0
 361 0065 00       		.byte	0
 362 0066 08       		.uleb128 0x8
 363 0067 01       		.uleb128 0x1
 364 0068 01       		.byte	0x1
 365 0069 49       		.uleb128 0x49
 366 006a 13       		.uleb128 0x13
 367 006b 01       		.uleb128 0x1
 368 006c 13       		.uleb128 0x13
 369 006d 00       		.byte	0
 370 006e 00       		.byte	0
 371 006f 09       		.uleb128 0x9
 372 0070 21       		.uleb128 0x21
 373 0071 00       		.byte	0
 374 0072 49       		.uleb128 0x49
 375 0073 13       		.uleb128 0x13
 376 0074 2F       		.uleb128 0x2f
 377 0075 0B       		.uleb128 0xb
 378 0076 00       		.byte	0
 379 0077 00       		.byte	0
 380 0078 0A       		.uleb128 0xa
 381 0079 34       		.uleb128 0x34
 382 007a 00       		.byte	0
 383 007b 03       		.uleb128 0x3
 384 007c 0E       		.uleb128 0xe
 385 007d 3A       		.uleb128 0x3a
 386 007e 0B       		.uleb128 0xb
 387 007f 3B       		.uleb128 0x3b
 388 0080 05       		.uleb128 0x5
 389 0081 49       		.uleb128 0x49
 390 0082 13       		.uleb128 0x13
 391 0083 3F       		.uleb128 0x3f
 392 0084 19       		.uleb128 0x19
 393 0085 3C       		.uleb128 0x3c
 394 0086 19       		.uleb128 0x19
 395 0087 00       		.byte	0
 396 0088 00       		.byte	0
 397 0089 00       		.byte	0
ARM GAS  C:\Users\IN-002~1\AppData\Local\Temp\ccI4M4Ks.s 			page 11


 398              		.section	.debug_loc,"",%progbits
 399              	.Ldebug_loc0:
 400              	.LLST0:
 401 0000 06000000 		.4byte	.LVL1
 402 0004 0A000000 		.4byte	.LVL3
 403 0008 0100     		.2byte	0x1
 404 000a 53       		.byte	0x53
 405 000b 5A000000 		.4byte	.LVL5
 406 000f 80000000 		.4byte	.LFE0
 407 0013 0100     		.2byte	0x1
 408 0015 53       		.byte	0x53
 409 0016 00000000 		.4byte	0
 410 001a 00000000 		.4byte	0
 411              	.LLST1:
 412 001e 00000000 		.4byte	.LVL0
 413 0022 08000000 		.4byte	.LVL2
 414 0026 0200     		.2byte	0x2
 415 0028 30       		.byte	0x30
 416 0029 9F       		.byte	0x9f
 417 002a 18000000 		.4byte	.LVL4
 418 002e 5A000000 		.4byte	.LVL5
 419 0032 0200     		.2byte	0x2
 420 0034 31       		.byte	0x31
 421 0035 9F       		.byte	0x9f
 422 0036 00000000 		.4byte	0
 423 003a 00000000 		.4byte	0
 424              		.section	.debug_aranges,"",%progbits
 425 0000 1C000000 		.4byte	0x1c
 426 0004 0200     		.2byte	0x2
 427 0006 00000000 		.4byte	.Ldebug_info0
 428 000a 04       		.byte	0x4
 429 000b 00       		.byte	0
 430 000c 0000     		.2byte	0
 431 000e 0000     		.2byte	0
 432 0010 00000000 		.4byte	.LFB0
 433 0014 80000000 		.4byte	.LFE0-.LFB0
 434 0018 00000000 		.4byte	0
 435 001c 00000000 		.4byte	0
 436              		.section	.debug_ranges,"",%progbits
 437              	.Ldebug_ranges0:
 438 0000 00000000 		.4byte	.LFB0
 439 0004 80000000 		.4byte	.LFE0
 440 0008 00000000 		.4byte	0
 441 000c 00000000 		.4byte	0
 442              		.section	.debug_line,"",%progbits
 443              	.Ldebug_line0:
 444 0000 84000000 		.section	.debug_str,"MS",%progbits,1
 444      02005300 
 444      00000201 
 444      FB0E0D00 
 444      01010101 
 445              	.LASF6:
 446 0000 6C6F6E67 		.ascii	"long long int\000"
 446      206C6F6E 
 446      6720696E 
 446      7400
 447              	.LASF8:
ARM GAS  C:\Users\IN-002~1\AppData\Local\Temp\ccI4M4Ks.s 			page 12


 448 000e 756E7369 		.ascii	"unsigned int\000"
 448      676E6564 
 448      20696E74 
 448      00
 449              	.LASF16:
 450 001b 696E6372 		.ascii	"increment_pointer\000"
 450      656D656E 
 450      745F706F 
 450      696E7465 
 450      7200
 451              	.LASF24:
 452 002d 433A5C55 		.ascii	"C:\\Users\\IN-002143\\Documents\\GitHub\\Prime-GRP7"
 452      73657273 
 452      5C494E2D 
 452      30303231 
 452      34335C44 
 453 005b 30305C57 		.ascii	"00\\Workspace01\\PGRP700.cydsn\000"
 453      6F726B73 
 453      70616365 
 453      30315C50 
 453      47525037 
 454              	.LASF17:
 455 0078 4C43445F 		.ascii	"LCD_2_rxBuffer\000"
 455      325F7278 
 455      42756666 
 455      657200
 456              	.LASF21:
 457 0087 4C43445F 		.ascii	"LCD_2_rxBufferOverflow\000"
 457      325F7278 
 457      42756666 
 457      65724F76 
 457      6572666C 
 458              	.LASF12:
 459 009e 75696E74 		.ascii	"uint8\000"
 459      3800
 460              	.LASF5:
 461 00a4 6C6F6E67 		.ascii	"long unsigned int\000"
 461      20756E73 
 461      69676E65 
 461      6420696E 
 461      7400
 462              	.LASF7:
 463 00b6 6C6F6E67 		.ascii	"long long unsigned int\000"
 463      206C6F6E 
 463      6720756E 
 463      7369676E 
 463      65642069 
 464              	.LASF25:
 465 00cd 4C43445F 		.ascii	"LCD_2_RXISR\000"
 465      325F5258 
 465      49535200 
 466              	.LASF22:
 467 00d9 474E5520 		.ascii	"GNU C 4.9.3 20150303 (release) [ARM/embedded-4_9-br"
 467      4320342E 
 467      392E3320 
 467      32303135 
 467      30333033 
ARM GAS  C:\Users\IN-002~1\AppData\Local\Temp\ccI4M4Ks.s 			page 13


 468 010c 616E6368 		.ascii	"anch revision 221220] -mcpu=cortex-m3 -mthumb -g -O"
 468      20726576 
 468      6973696F 
 468      6E203232 
 468      31323230 
 469 013f 67202D66 		.ascii	"g -ffunction-sections -ffat-lto-objects\000"
 469      66756E63 
 469      74696F6E 
 469      2D736563 
 469      74696F6E 
 470              	.LASF11:
 471 0167 63686172 		.ascii	"char\000"
 471      00
 472              	.LASF1:
 473 016c 756E7369 		.ascii	"unsigned char\000"
 473      676E6564 
 473      20636861 
 473      7200
 474              	.LASF23:
 475 017a 2E5C4765 		.ascii	".\\Generated_Source\\PSoC5\\LCD_2_INT.c\000"
 475      6E657261 
 475      7465645F 
 475      536F7572 
 475      63655C50 
 476              	.LASF4:
 477 019f 6C6F6E67 		.ascii	"long int\000"
 477      20696E74 
 477      00
 478              	.LASF10:
 479 01a8 646F7562 		.ascii	"double\000"
 479      6C6500
 480              	.LASF19:
 481 01af 4C43445F 		.ascii	"LCD_2_rxBufferWrite\000"
 481      325F7278 
 481      42756666 
 481      65725772 
 481      69746500 
 482              	.LASF3:
 483 01c3 73686F72 		.ascii	"short unsigned int\000"
 483      7420756E 
 483      7369676E 
 483      65642069 
 483      6E7400
 484              	.LASF0:
 485 01d6 7369676E 		.ascii	"signed char\000"
 485      65642063 
 485      68617200 
 486              	.LASF18:
 487 01e2 4C43445F 		.ascii	"LCD_2_rxBufferRead\000"
 487      325F7278 
 487      42756666 
 487      65725265 
 487      616400
 488              	.LASF9:
 489 01f5 666C6F61 		.ascii	"float\000"
 489      7400
 490              	.LASF20:
ARM GAS  C:\Users\IN-002~1\AppData\Local\Temp\ccI4M4Ks.s 			page 14


 491 01fb 4C43445F 		.ascii	"LCD_2_rxBufferLoopDetect\000"
 491      325F7278 
 491      42756666 
 491      65724C6F 
 491      6F704465 
 492              	.LASF2:
 493 0214 73686F72 		.ascii	"short int\000"
 493      7420696E 
 493      7400
 494              	.LASF13:
 495 021e 72656738 		.ascii	"reg8\000"
 495      00
 496              	.LASF15:
 497 0223 72656164 		.ascii	"readData\000"
 497      44617461 
 497      00
 498              	.LASF14:
 499 022c 73697A65 		.ascii	"sizetype\000"
 499      74797065 
 499      00
 500              		.ident	"GCC: (GNU Tools for ARM Embedded Processors) 4.9.3 20150303 (release) [ARM/embedded-4_9-br
