Archive member included because of file (symbol)

.\CortexM3\ARM_GCC_493\Debug\PGRP700.a(cyfitter_cfg.o)
                              .\CortexM3\ARM_GCC_493\Debug\Cm3Start.o (cyfitter_cfg)
.\CortexM3\ARM_GCC_493\Debug\PGRP700.a(Surtidor.o)
                              .\CortexM3\ARM_GCC_493\Debug\main.o (Surtidor_Start)
.\CortexM3\ARM_GCC_493\Debug\PGRP700.a(Surtidor_INT.o)
                              .\CortexM3\ARM_GCC_493\Debug\PGRP700.a(Surtidor.o) (Surtidor_RXISR)
.\CortexM3\ARM_GCC_493\Debug\PGRP700.a(LCD_1.o)
                              .\CortexM3\ARM_GCC_493\Debug\main.o (LCD_1_Start)
.\CortexM3\ARM_GCC_493\Debug\PGRP700.a(LCD_1_INT.o)
                              .\CortexM3\ARM_GCC_493\Debug\PGRP700.a(LCD_1.o) (LCD_1_RXISR)
.\CortexM3\ARM_GCC_493\Debug\PGRP700.a(LCD_2.o)
                              .\CortexM3\ARM_GCC_493\Debug\main.o (LCD_2_Start)
.\CortexM3\ARM_GCC_493\Debug\PGRP700.a(LCD_2_INT.o)
                              .\CortexM3\ARM_GCC_493\Debug\PGRP700.a(LCD_2.o) (LCD_2_RXISR)
.\CortexM3\ARM_GCC_493\Debug\PGRP700.a(Pin_WP.o)
                              .\CortexM3\ARM_GCC_493\Debug\I2C.o (Pin_WP_Write)
.\CortexM3\ARM_GCC_493\Debug\PGRP700.a(I2C_1_MASTER.o)
                              .\CortexM3\ARM_GCC_493\Debug\I2C.o (I2C_1_MasterSendStart)
.\CortexM3\ARM_GCC_493\Debug\PGRP700.a(LCD_1_IntClock.o)
                              .\CortexM3\ARM_GCC_493\Debug\PGRP700.a(LCD_1.o) (LCD_1_IntClock_Start)
.\CortexM3\ARM_GCC_493\Debug\PGRP700.a(LCD_2_IntClock.o)
                              .\CortexM3\ARM_GCC_493\Debug\PGRP700.a(LCD_2.o) (LCD_2_IntClock_Start)
.\CortexM3\ARM_GCC_493\Debug\PGRP700.a(CyBootAsmGnu.o)
                              .\CortexM3\ARM_GCC_493\Debug\PGRP700.a(cyfitter_cfg.o) (CyDelayCycles)
.\CortexM3\ARM_GCC_493\Debug\PGRP700.a(CyLib.o)
                              .\CortexM3\ARM_GCC_493\Debug\Cm3Start.o (CyHalt)
.\CortexM3\ARM_GCC_493\Debug\PGRP700.a(cyPm.o)
                              .\CortexM3\ARM_GCC_493\Debug\PGRP700.a(CyLib.o) (CyPmReadStatus)
.\CortexM3\ARM_GCC_493\Debug\PGRP700.a(I2C_1.o)
                              .\CortexM3\ARM_GCC_493\Debug\PGRP700.a(I2C_1_MASTER.o) (I2C_1_state)
.\CortexM3\ARM_GCC_493\Debug\PGRP700.a(I2C_1_INT.o)
                              .\CortexM3\ARM_GCC_493\Debug\PGRP700.a(I2C_1.o) (I2C_1_ISR)
.\CortexM3\ARM_GCC_493\Debug\PGRP700.a(I2C_1_PM.o)
                              .\CortexM3\ARM_GCC_493\Debug\PGRP700.a(I2C_1.o) (I2C_1_backup)
.\CortexM3\ARM_GCC_493\Debug\PGRP700.a(CyFlash.o)
                              .\CortexM3\ARM_GCC_493\Debug\PGRP700.a(cyPm.o) (CyFlash_SetWaitCycles)
.\CortexM3\ARM_GCC_493\Debug\PGRP700.a(CySpc.o)
                              .\CortexM3\ARM_GCC_493\Debug\PGRP700.a(CyFlash.o) (CySpcStart)
c:/program files (x86)/cypress/psoc creator/3.3/psoc creator/import/gnu/arm/4.9.3/bin/../lib/gcc/arm-none-eabi/4.9.3/../../../../arm-none-eabi/lib/armv7-m\libg_nano.a(lib_a-errno.o)
                              .\CortexM3\ARM_GCC_493\Debug\Cm3Start.o (__errno)
c:/program files (x86)/cypress/psoc creator/3.3/psoc creator/import/gnu/arm/4.9.3/bin/../lib/gcc/arm-none-eabi/4.9.3/../../../../arm-none-eabi/lib/armv7-m\libg_nano.a(lib_a-exit.o)
                              c:/program files (x86)/cypress/psoc creator/3.3/psoc creator/import/gnu/arm/4.9.3/bin/../lib/gcc/arm-none-eabi/4.9.3/../../../../arm-none-eabi/lib/armv7-m/crt0.o (exit)
c:/program files (x86)/cypress/psoc creator/3.3/psoc creator/import/gnu/arm/4.9.3/bin/../lib/gcc/arm-none-eabi/4.9.3/../../../../arm-none-eabi/lib/armv7-m\libg_nano.a(lib_a-impure.o)
                              c:/program files (x86)/cypress/psoc creator/3.3/psoc creator/import/gnu/arm/4.9.3/bin/../lib/gcc/arm-none-eabi/4.9.3/../../../../arm-none-eabi/lib/armv7-m\libg_nano.a(lib_a-exit.o) (_global_impure_ptr)
c:/program files (x86)/cypress/psoc creator/3.3/psoc creator/import/gnu/arm/4.9.3/bin/../lib/gcc/arm-none-eabi/4.9.3/../../../../arm-none-eabi/lib/armv7-m\libg_nano.a(lib_a-init.o)
                              c:/program files (x86)/cypress/psoc creator/3.3/psoc creator/import/gnu/arm/4.9.3/bin/../lib/gcc/arm-none-eabi/4.9.3/../../../../arm-none-eabi/lib/armv7-m/crt0.o (__libc_init_array)
c:/program files (x86)/cypress/psoc creator/3.3/psoc creator/import/gnu/arm/4.9.3/bin/../lib/gcc/arm-none-eabi/4.9.3/../../../../arm-none-eabi/lib/armv7-m\libg_nano.a(lib_a-memcpy.o)
                              .\CortexM3\ARM_GCC_493\Debug\PGRP700.a(cyfitter_cfg.o) (memcpy)
c:/program files (x86)/cypress/psoc creator/3.3/psoc creator/import/gnu/arm/4.9.3/bin/../lib/gcc/arm-none-eabi/4.9.3/../../../../arm-none-eabi/lib/armv7-m\libg_nano.a(lib_a-memset.o)
                              c:/program files (x86)/cypress/psoc creator/3.3/psoc creator/import/gnu/arm/4.9.3/bin/../lib/gcc/arm-none-eabi/4.9.3/../../../../arm-none-eabi/lib/armv7-m/crt0.o (memset)

Allocating common symbols
Common symbol       size              file

[...]
Memory Configuration

Name             Origin             Length             Attributes
rom              0x00000000         0x00040000         xr
ram              0x1fff8000         0x00010000         xrw
*default*        0x00000000         0xffffffff

Linker script and memory map

LOAD c:/program files (x86)/cypress/psoc creator/3.3/psoc creator/import/gnu/arm/4.9.3/bin/../lib/gcc/arm-none-eabi/4.9.3/armv7-m/crti.o
LOAD c:/program files (x86)/cypress/psoc creator/3.3/psoc creator/import/gnu/arm/4.9.3/bin/../lib/gcc/arm-none-eabi/4.9.3/armv7-m/crtbegin.o
LOAD c:/program files (x86)/cypress/psoc creator/3.3/psoc creator/import/gnu/arm/4.9.3/bin/../lib/gcc/arm-none-eabi/4.9.3/../../../../arm-none-eabi/lib/armv7-m/crt0.o
START GROUP
LOAD .\CortexM3\ARM_GCC_493\Debug\main.o
LOAD .\CortexM3\ARM_GCC_493\Debug\protocolo.o
LOAD .\CortexM3\ARM_GCC_493\Debug\LCD.o
LOAD .\CortexM3\ARM_GCC_493\Debug\I2C.o
LOAD .\CortexM3\ARM_GCC_493\Debug\cymetadata.o
LOAD .\CortexM3\ARM_GCC_493\Debug\Cm3Start.o
LOAD .\CortexM3\ARM_GCC_493\Debug\PGRP700.a
LOAD C:\Program Files (x86)\Cypress\PSoC Creator\3.3\PSoC Creator\psoc\content\cycomponentlibrary\CyComponentLibrary.cylib\CortexM3\ARM_GCC_493\Debug\CyComponentLibrary.a
END GROUP
START GROUP
LOAD c:/program files (x86)/cypress/psoc creator/3.3/psoc creator/import/gnu/arm/4.9.3/bin/../lib/gcc/arm-none-eabi/4.9.3/armv7-m\libgcc.a
LOAD c:/program files (x86)/cypress/psoc creator/3.3/psoc creator/import/gnu/arm/4.9.3/bin/../lib/gcc/arm-none-eabi/4.9.3/../../../../arm-none-eabi/lib/armv7-m\libg_nano.a
LOAD c:/program files (x86)/cypress/psoc creator/3.3/psoc creator/import/gnu/arm/4.9.3/bin/../lib/gcc/arm-none-eabi/4.9.3/../../../../arm-none-eabi/lib/armv7-m\libc_nano.a
END GROUP
START GROUP
LOAD c:/program files (x86)/cypress/psoc creator/3.3/psoc creator/import/gnu/arm/4.9.3/bin/../lib/gcc/arm-none-eabi/4.9.3/armv7-m\libgcc.a
LOAD c:/program files (x86)/cypress/psoc creator/3.3/psoc creator/import/gnu/arm/4.9.3/bin/../lib/gcc/arm-none-eabi/4.9.3/../../../../arm-none-eabi/lib/armv7-m\libc_nano.a
END GROUP
LOAD c:/program files (x86)/cypress/psoc creator/3.3/psoc creator/import/gnu/arm/4.9.3/bin/../lib/gcc/arm-none-eabi/4.9.3/armv7-m/crtend.o
LOAD c:/program files (x86)/cypress/psoc creator/3.3/psoc creator/import/gnu/arm/4.9.3/bin/../lib/gcc/arm-none-eabi/4.9.3/armv7-m/crtn.o
START GROUP
LOAD c:/program files (x86)/cypress/psoc creator/3.3/psoc creator/import/gnu/arm/4.9.3/bin/../lib/gcc/arm-none-eabi/4.9.3/armv7-m\libgcc.a
LOAD c:/program files (x86)/cypress/psoc creator/3.3/psoc creator/import/gnu/arm/4.9.3/bin/../lib/gcc/arm-none-eabi/4.9.3/../../../../arm-none-eabi/lib/armv7-m\libc.a
LOAD c:/program files (x86)/cypress/psoc creator/3.3/psoc creator/import/gnu/arm/4.9.3/bin/../lib/gcc/arm-none-eabi/4.9.3/../../../../arm-none-eabi/lib/armv7-m\libnosys.a
END GROUP
                0x00000000                CY_APPL_ORIGIN = 0x0
                0x00000100                CY_FLASH_ROW_SIZE = 0x100
                0x00000020                CY_ECC_ROW_SIZE = 0x20
                0x00000000                CY_EE_IN_BTLDR = 0x0
                0x00000000                CY_APPL_LOADABLE = 0x0
                0x00000800                CY_EE_SIZE = 0x800
                0x00000001                CY_APPL_NUM = 0x1
                0x00000001                CY_APPL_MAX = 0x1
                0x00000040                CY_METADATA_SIZE = 0x40
                0x00000000                CY_APPL_LOADABLE = 0x0
                0x00000000                CY_CHECKSUM_EXCLUDE_SIZE = ALIGN (0x0, CY_FLASH_ROW_SIZE)
                0x1fff8860                PROVIDE (__cy_heap_start, _end)
                0x00000001                PROVIDE (__cy_region_num, ((__cy_regions_end - __cy_regions) / 0x10))
                0x20008000                PROVIDE (__cy_stack, (ORIGIN (ram) + 0x10000))
                0x20007800                PROVIDE (__cy_heap_end, (__cy_stack - 0x800))

.cybootloader   0x00000000        0x0
 *(.cybootloader)
                0x00000000                appl1_start = CY_APPL_ORIGIN?CY_APPL_ORIGIN:ALIGN (CY_FLASH_ROW_SIZE)
                0x0001ff00                appl2_start = (appl1_start + ALIGN ((((0x40000 - appl1_start) - (0x2 * CY_FLASH_ROW_SIZE)) / 0x2), CY_FLASH_ROW_SIZE))
                0x00000000                appl_start = (CY_APPL_NUM == 0x1)?appl1_start:appl2_start
                0x00000000                ecc_offset = ((appl_start / CY_FLASH_ROW_SIZE) * CY_ECC_ROW_SIZE)
                0x00000000                ee_offset = (CY_APPL_LOADABLE && ! (CY_EE_IN_BTLDR))?((CY_EE_SIZE / CY_APPL_MAX) * (CY_APPL_NUM - 0x1)):0x0
                0x00000800                ee_size = (CY_APPL_LOADABLE && ! (CY_EE_IN_BTLDR))?(CY_EE_SIZE / CY_APPL_MAX):CY_EE_SIZE
                0x00000000                PROVIDE (CY_ECC_OFFSET, ecc_offset)

.text           0x00000000     0x2402
 CREATE_OBJECT_SYMBOLS
                0x00000000                PROVIDE (__cy_interrupt_vector, RomVectors)
 *(.romvectors)
 .romvectors    0x00000000       0x10 .\CortexM3\ARM_GCC_493\Debug\Cm3Start.o
                0x00000000                RomVectors
                0x00000001                ASSERT ((. != __cy_interrupt_vector), No interrupt vector)
                0x00000001                ASSERT (CY_APPL_ORIGIN?(SIZEOF (.cybootloader) <= CY_APPL_ORIGIN):0x1, Wrong image location)
                0x00000010                PROVIDE (__cy_reset, Reset)
 *(.text.Reset)
 .text.Reset    0x00000010       0x18 .\CortexM3\ARM_GCC_493\Debug\Cm3Start.o
                0x00000010                Reset
                0x00000001                ASSERT ((. != __cy_reset), No reset code)
 *(.dma_init)
                0x00000001                ASSERT ((((appl_start + .) <= 0x10000) || 0x1), DMA Init must be within the first 64k of flash)
 *(.text .text.* .gnu.linkonce.t.*)
 .text          0x00000028       0x5c c:/program files (x86)/cypress/psoc creator/3.3/psoc creator/import/gnu/arm/4.9.3/bin/../lib/gcc/arm-none-eabi/4.9.3/armv7-m/crtbegin.o
 .text.init     0x00000084       0x2c .\CortexM3\ARM_GCC_493\Debug\main.o
                0x00000084                init
 .text.init_surt
                0x000000b0       0xcc .\CortexM3\ARM_GCC_493\Debug\main.o
                0x000000b0                init_surt
 .text.init_pantallas
                0x0000017c       0x38 .\CortexM3\ARM_GCC_493\Debug\main.o
                0x0000017c                init_pantallas
 .text.polling_pos1
                0x000001b4      0x638 .\CortexM3\ARM_GCC_493\Debug\main.o
                0x000001b4                polling_pos1
 .text.polling_pos2
                0x000007ec      0x638 .\CortexM3\ARM_GCC_493\Debug\main.o
                0x000007ec                polling_pos2
 .text.main     0x00000e24       0x3c .\CortexM3\ARM_GCC_493\Debug\main.o
                0x00000e24                main
 .text.ver_pos  0x00000e60      0x100 .\CortexM3\ARM_GCC_493\Debug\protocolo.o
                0x00000e60                ver_pos
 .text.get_estado
                0x00000f60       0x28 .\CortexM3\ARM_GCC_493\Debug\protocolo.o
                0x00000f60                get_estado
 .text.estado_ex
                0x00000f88       0xe8 .\CortexM3\ARM_GCC_493\Debug\protocolo.o
                0x00000f88                estado_ex
 .text.venta    0x00001070      0x1e8 .\CortexM3\ARM_GCC_493\Debug\protocolo.o
                0x00001070                venta
 .text.programar
                0x00001258      0x484 .\CortexM3\ARM_GCC_493\Debug\protocolo.o
                0x00001258                programar
 .text.set_imagen
                0x000016dc       0x70 .\CortexM3\ARM_GCC_493\Debug\LCD.o
                0x000016dc                set_imagen
 .text.write_LCD
                0x0000174c      0x100 .\CortexM3\ARM_GCC_493\Debug\LCD.o
                0x0000174c                write_LCD
 .text.write_eeprom
                0x0000184c       0x7c .\CortexM3\ARM_GCC_493\Debug\I2C.o
                0x0000184c                write_eeprom
 .text.IntDefaultHandler
                0x000018c8        0x4 .\CortexM3\ARM_GCC_493\Debug\Cm3Start.o
                0x000018c8                IntDefaultHandler
 .text.Start_c  0x000018cc       0x4c .\CortexM3\ARM_GCC_493\Debug\Cm3Start.o
                0x000018cc                Start_c
 .text.initialize_psoc
                0x00001918       0x74 .\CortexM3\ARM_GCC_493\Debug\Cm3Start.o
                0x00001918                initialize_psoc
 .text.CyClockStartupError
                0x0000198c        0x4 .\CortexM3\ARM_GCC_493\Debug\PGRP700.a(cyfitter_cfg.o)
 .text.cfg_write_bytes32
                0x00001990       0x34 .\CortexM3\ARM_GCC_493\Debug\PGRP700.a(cyfitter_cfg.o)
 .text.AnalogSetDefault
                0x000019c4       0x28 .\CortexM3\ARM_GCC_493\Debug\PGRP700.a(cyfitter_cfg.o)
 .text.CYMEMZERO
                0x000019ec        0xc .\CortexM3\ARM_GCC_493\Debug\PGRP700.a(cyfitter_cfg.o)
 .text.ClockSetup
                0x000019f8       0xe0 .\CortexM3\ARM_GCC_493\Debug\PGRP700.a(cyfitter_cfg.o)
 .text.CYCONFIGCPY
                0x00001ad8        0x8 .\CortexM3\ARM_GCC_493\Debug\PGRP700.a(cyfitter_cfg.o)
 .text.cyfitter_cfg
                0x00001ae0      0x144 .\CortexM3\ARM_GCC_493\Debug\PGRP700.a(cyfitter_cfg.o)
                0x00001ae0                cyfitter_cfg
 .text.Surtidor_Init
                0x00001c24       0x3c .\CortexM3\ARM_GCC_493\Debug\PGRP700.a(Surtidor.o)
                0x00001c24                Surtidor_Init
 .text.Surtidor_Enable
                0x00001c60       0x3c .\CortexM3\ARM_GCC_493\Debug\PGRP700.a(Surtidor.o)
                0x00001c60                Surtidor_Enable
 .text.Surtidor_Start
                0x00001c9c       0x1c .\CortexM3\ARM_GCC_493\Debug\PGRP700.a(Surtidor.o)
                0x00001c9c                Surtidor_Start
 .text.Surtidor_EnableRxInt
                0x00001cb8        0xc .\CortexM3\ARM_GCC_493\Debug\PGRP700.a(Surtidor.o)
                0x00001cb8                Surtidor_EnableRxInt
 .text.Surtidor_DisableRxInt
                0x00001cc4        0xc .\CortexM3\ARM_GCC_493\Debug\PGRP700.a(Surtidor.o)
                0x00001cc4                Surtidor_DisableRxInt
 .text.Surtidor_ReadRxData
                0x00001cd0       0x5c .\CortexM3\ARM_GCC_493\Debug\PGRP700.a(Surtidor.o)
                0x00001cd0                Surtidor_ReadRxData
 .text.Surtidor_GetRxBufferSize
                0x00001d2c       0x60 .\CortexM3\ARM_GCC_493\Debug\PGRP700.a(Surtidor.o)
                0x00001d2c                Surtidor_GetRxBufferSize
 .text.Surtidor_ClearRxBuffer
                0x00001d8c       0x3c .\CortexM3\ARM_GCC_493\Debug\PGRP700.a(Surtidor.o)
                0x00001d8c                Surtidor_ClearRxBuffer
 .text.Surtidor_PutChar
                0x00001dc8       0x18 .\CortexM3\ARM_GCC_493\Debug\PGRP700.a(Surtidor.o)
                0x00001dc8                Surtidor_PutChar
 .text.Surtidor_RXISR
                0x00001de0       0x80 .\CortexM3\ARM_GCC_493\Debug\PGRP700.a(Surtidor_INT.o)
                0x00001de0                Surtidor_RXISR
 .text.LCD_1_Init
                0x00001e60       0x3c .\CortexM3\ARM_GCC_493\Debug\PGRP700.a(LCD_1.o)
                0x00001e60                LCD_1_Init
 .text.LCD_1_Enable
                0x00001e9c       0x44 .\CortexM3\ARM_GCC_493\Debug\PGRP700.a(LCD_1.o)
                0x00001e9c                LCD_1_Enable
 .text.LCD_1_Start
                0x00001ee0       0x1c .\CortexM3\ARM_GCC_493\Debug\PGRP700.a(LCD_1.o)
                0x00001ee0                LCD_1_Start
 .text.LCD_1_EnableRxInt
                0x00001efc        0xc .\CortexM3\ARM_GCC_493\Debug\PGRP700.a(LCD_1.o)
                0x00001efc                LCD_1_EnableRxInt
 .text.LCD_1_DisableRxInt
                0x00001f08        0xc .\CortexM3\ARM_GCC_493\Debug\PGRP700.a(LCD_1.o)
                0x00001f08                LCD_1_DisableRxInt
 .text.LCD_1_GetRxBufferSize
                0x00001f14       0x54 .\CortexM3\ARM_GCC_493\Debug\PGRP700.a(LCD_1.o)
                0x00001f14                LCD_1_GetRxBufferSize
 .text.LCD_1_ClearRxBuffer
                0x00001f68       0x3c .\CortexM3\ARM_GCC_493\Debug\PGRP700.a(LCD_1.o)
                0x00001f68                LCD_1_ClearRxBuffer
 .text.LCD_1_PutChar
                0x00001fa4       0x18 .\CortexM3\ARM_GCC_493\Debug\PGRP700.a(LCD_1.o)
                0x00001fa4                LCD_1_PutChar
 .text.LCD_1_RXISR
                0x00001fbc       0x80 .\CortexM3\ARM_GCC_493\Debug\PGRP700.a(LCD_1_INT.o)
                0x00001fbc                LCD_1_RXISR
 .text.LCD_2_Init
                0x0000203c       0x40 .\CortexM3\ARM_GCC_493\Debug\PGRP700.a(LCD_2.o)
                0x0000203c                LCD_2_Init
 .text.LCD_2_Enable
                0x0000207c       0x48 .\CortexM3\ARM_GCC_493\Debug\PGRP700.a(LCD_2.o)
                0x0000207c                LCD_2_Enable
 .text.LCD_2_Start
                0x000020c4       0x1c .\CortexM3\ARM_GCC_493\Debug\PGRP700.a(LCD_2.o)
                0x000020c4                LCD_2_Start
 .text.LCD_2_PutChar
                0x000020e0       0x18 .\CortexM3\ARM_GCC_493\Debug\PGRP700.a(LCD_2.o)
                0x000020e0                LCD_2_PutChar
 .text.LCD_2_RXISR
                0x000020f8       0x80 .\CortexM3\ARM_GCC_493\Debug\PGRP700.a(LCD_2_INT.o)
                0x000020f8                LCD_2_RXISR
 .text.Pin_WP_Write
                0x00002178       0x18 .\CortexM3\ARM_GCC_493\Debug\PGRP700.a(Pin_WP.o)
                0x00002178                Pin_WP_Write
 .text.I2C_1_MasterSendStart
                0x00002190       0x80 .\CortexM3\ARM_GCC_493\Debug\PGRP700.a(I2C_1_MASTER.o)
                0x00002190                I2C_1_MasterSendStart
 .text.I2C_1_MasterSendStop
                0x00002210       0x38 .\CortexM3\ARM_GCC_493\Debug\PGRP700.a(I2C_1_MASTER.o)
                0x00002210                I2C_1_MasterSendStop
 .text.I2C_1_MasterWriteByte
                0x00002248       0x58 .\CortexM3\ARM_GCC_493\Debug\PGRP700.a(I2C_1_MASTER.o)
                0x00002248                I2C_1_MasterWriteByte
 .text.I2C_1_MasterClearStatus
                0x000022a0       0x10 .\CortexM3\ARM_GCC_493\Debug\PGRP700.a(I2C_1_MASTER.o)
                0x000022a0                I2C_1_MasterClearStatus
 .text.LCD_1_IntClock_Start
                0x000022b0       0x1c .\CortexM3\ARM_GCC_493\Debug\PGRP700.a(LCD_1_IntClock.o)
                0x000022b0                LCD_1_IntClock_Start
 .text.LCD_2_IntClock_Start
                0x000022cc       0x1c .\CortexM3\ARM_GCC_493\Debug\PGRP700.a(LCD_2_IntClock.o)
                0x000022cc                LCD_2_IntClock_Start
 .text          0x000022e8       0x20 .\CortexM3\ARM_GCC_493\Debug\PGRP700.a(CyBootAsmGnu.o)
                0x000022e8                CyDelayCycles
                0x000022f8                CyEnterCriticalSection
                0x00002300                CyExitCriticalSection
 .text.CyHalt   0x00002308        0x4 .\CortexM3\ARM_GCC_493\Debug\PGRP700.a(CyLib.o)
                0x00002308                CyHalt
 .text.CyDelay  0x0000230c       0x2c .\CortexM3\ARM_GCC_493\Debug\PGRP700.a(CyLib.o)
                0x0000230c                CyDelay
 .text.CyIntSetVector
                0x00002338       0x28 .\CortexM3\ARM_GCC_493\Debug\PGRP700.a(CyLib.o)
                0x00002338                CyIntSetVector
 .text.CyIntSetPriority
                0x00002360       0x30 .\CortexM3\ARM_GCC_493\Debug\PGRP700.a(CyLib.o)
                0x00002360                CyIntSetPriority
 .text.__libc_init_array
                0x00002390       0x4c c:/program files (x86)/cypress/psoc creator/3.3/psoc creator/import/gnu/arm/4.9.3/bin/../lib/gcc/arm-none-eabi/4.9.3/../../../../arm-none-eabi/lib/armv7-m\libg_nano.a(lib_a-init.o)
                0x00002390                __libc_init_array
 .text.memcpy   0x000023dc       0x16 c:/program files (x86)/cypress/psoc creator/3.3/psoc creator/import/gnu/arm/4.9.3/bin/../lib/gcc/arm-none-eabi/4.9.3/../../../../arm-none-eabi/lib/armv7-m\libg_nano.a(lib_a-memcpy.o)
                0x000023dc                memcpy
 .text.memset   0x000023f2       0x10 c:/program files (x86)/cypress/psoc creator/3.3/psoc creator/import/gnu/arm/4.9.3/bin/../lib/gcc/arm-none-eabi/4.9.3/../../../../arm-none-eabi/lib/armv7-m\libg_nano.a(lib_a-memset.o)
                0x000023f2                memset
 *(.plt)
 *(.gnu.warning)
 *(.glue_7t)
 .glue_7t       0x00000000        0x0 linker stubs
 *(.glue_7)
 .glue_7        0x00000000        0x0 linker stubs
 *(.vfp11_veneer)
 .vfp11_veneer  0x00000000        0x0 linker stubs
 *(.bootloader)
 *(.ARM.extab* .gnu.linkonce.armextab.*)
 *(.gcc_except_table)

.v4_bx          0x00002404        0x0
 .v4_bx         0x00000000        0x0 linker stubs

.iplt           0x00002404        0x0
 .iplt          0x00000000        0x0 c:/program files (x86)/cypress/psoc creator/3.3/psoc creator/import/gnu/arm/4.9.3/bin/../lib/gcc/arm-none-eabi/4.9.3/armv7-m/crtbegin.o

.eh_frame_hdr
 *(.eh_frame_hdr)

.eh_frame       0x00002404        0x4
 *(.eh_frame)
 .eh_frame      0x00002404        0x0 c:/program files (x86)/cypress/psoc creator/3.3/psoc creator/import/gnu/arm/4.9.3/bin/../lib/gcc/arm-none-eabi/4.9.3/armv7-m/crtbegin.o
 .eh_frame      0x00002404        0x4 c:/program files (x86)/cypress/psoc creator/3.3/psoc creator/import/gnu/arm/4.9.3/bin/../lib/gcc/arm-none-eabi/4.9.3/armv7-m/crtend.o
                0x00002408                PROVIDE (__exidx_start, .)

.ARM.exidx
 *(.ARM.exidx* .gnu.linkonce.armexidx.*)
                0x00002408                __exidx_end = .

.rodata         0x00002408       0x80
 *(.rodata .rodata.* .gnu.linkonce.r.*)
 .rodata        0x00002408        0xc .\CortexM3\ARM_GCC_493\Debug\protocolo.o
 .rodata        0x00002414       0x3c .\CortexM3\ARM_GCC_493\Debug\PGRP700.a(cyfitter_cfg.o)
                0x00002450                . = ALIGN (0x4)
 *(.init)
 .init          0x00002450        0x4 c:/program files (x86)/cypress/psoc creator/3.3/psoc creator/import/gnu/arm/4.9.3/bin/../lib/gcc/arm-none-eabi/4.9.3/armv7-m/crti.o
                0x00002450                _init
 .init          0x00002454        0x8 c:/program files (x86)/cypress/psoc creator/3.3/psoc creator/import/gnu/arm/4.9.3/bin/../lib/gcc/arm-none-eabi/4.9.3/armv7-m/crtn.o
                0x0000245c                . = ALIGN (0x4)
                0x0000245c                __preinit_array_start = .
 *(.preinit_array)
                0x0000245c                __preinit_array_end = .
                0x0000245c                . = ALIGN (0x4)
                0x0000245c                __init_array_start = .
 *(SORT(.init_array.*))
 *(.init_array)
 .init_array    0x0000245c        0x4 c:/program files (x86)/cypress/psoc creator/3.3/psoc creator/import/gnu/arm/4.9.3/bin/../lib/gcc/arm-none-eabi/4.9.3/armv7-m/crtbegin.o
 .init_array    0x00002460        0x4 .\CortexM3\ARM_GCC_493\Debug\Cm3Start.o
                0x00002464                __init_array_end = .
                0x00002464                . = ALIGN (0x4)
 *(.fini)
 .fini          0x00002464        0x4 c:/program files (x86)/cypress/psoc creator/3.3/psoc creator/import/gnu/arm/4.9.3/bin/../lib/gcc/arm-none-eabi/4.9.3/armv7-m/crti.o
                0x00002464                _fini
 .fini          0x00002468        0x8 c:/program files (x86)/cypress/psoc creator/3.3/psoc creator/import/gnu/arm/4.9.3/bin/../lib/gcc/arm-none-eabi/4.9.3/armv7-m/crtn.o
                0x00002470                . = ALIGN (0x4)
                0x00002470                __fini_array_start = .
 *(.fini_array)
 .fini_array    0x00002470        0x4 c:/program files (x86)/cypress/psoc creator/3.3/psoc creator/import/gnu/arm/4.9.3/bin/../lib/gcc/arm-none-eabi/4.9.3/armv7-m/crtbegin.o
 *(SORT(.fini_array.*))
                0x00002474                __fini_array_end = .
                0x00002474                . = ALIGN (0x4)
 *crtbegin.o(.ctors)
 *(EXCLUDE_FILE(*crtend.o) .ctors)
 *(SORT(.ctors.*))
 *crtend.o(.ctors)
                0x00002474                . = ALIGN (0x4)
 *crtbegin.o(.dtors)
 *(EXCLUDE_FILE(*crtend.o) .dtors)
 *(SORT(.dtors.*))
 *crtend.o(.dtors)
                0x00002474                . = ALIGN (0x4)
                0x00002474                __cy_regions = .
                0x00002474        0x4 LONG 0x2488 __cy_region_init_ram
                0x00002478        0x4 LONG 0x1fff8108 __cy_region_start_data
                0x0000247c        0x4 LONG 0x68 __cy_region_init_size_ram
                0x00002480        0x4 LONG 0x6f0 __cy_region_zero_size_ram
                0x00002484                __cy_regions_end = .
                0x00002488                . = ALIGN (0x8)
 *fill*         0x00002484        0x4 
                0x00002488                _etext = .

.cy_checksum_exclude
                0x00002488        0x0
 *(.cy_checksum_exclude)

.ramvectors     0x1fff8000      0x100
                0x1fff8000                __cy_region_start_ram = .
 *(.ramvectors)
 .ramvectors    0x1fff8000      0x100 .\CortexM3\ARM_GCC_493\Debug\Cm3Start.o
                0x1fff8000                CyRamVectors

.noinit         0x1fff8100        0x5
 *(.noinit)
 .noinit        0x1fff8100        0x4 .\CortexM3\ARM_GCC_493\Debug\Cm3Start.o
 .noinit        0x1fff8104        0x1 .\CortexM3\ARM_GCC_493\Debug\PGRP700.a(CyLib.o)
                0x1fff8104                CyResetStatus

.data           0x1fff8108       0x68 load address 0x00002488
                0x1fff8108                __cy_region_start_data = .
 *(.jcr)
 .jcr           0x1fff8108        0x0 c:/program files (x86)/cypress/psoc creator/3.3/psoc creator/import/gnu/arm/4.9.3/bin/../lib/gcc/arm-none-eabi/4.9.3/armv7-m/crtbegin.o
 .jcr           0x1fff8108        0x4 c:/program files (x86)/cypress/psoc creator/3.3/psoc creator/import/gnu/arm/4.9.3/bin/../lib/gcc/arm-none-eabi/4.9.3/armv7-m/crtend.o
 *(.got.plt)
 *(.got)
 *(.shdata)
 *(.data .data.* .gnu.linkonce.d.*)
 .data          0x1fff810c       0x54 .\CortexM3\ARM_GCC_493\Debug\main.o
                0x1fff810c                letras
                0x1fff8128                pasword_corte
                0x1fff8130                serial
                0x1fff8144                puk
                0x1fff814c                test
 .data          0x1fff8160       0x10 .\CortexM3\ARM_GCC_493\Debug\PGRP700.a(CyLib.o)
                0x1fff8160                cydelay_32k_ms
                0x1fff8164                cydelay_freq_khz
                0x1fff8168                cydelay_freq_mhz
                0x1fff816c                cydelay_freq_hz
                0x1fff8170                . = ALIGN (0x8)
 *(.ram)
                0x1fff8170                _edata = .

.igot.plt       0x1fff8170        0x0 load address 0x000024f0
 .igot.plt      0x00000000        0x0 c:/program files (x86)/cypress/psoc creator/3.3/psoc creator/import/gnu/arm/4.9.3/bin/../lib/gcc/arm-none-eabi/4.9.3/armv7-m/crtbegin.o

.bss            0x1fff8170      0x6f0 load address 0x000024f0
                0x1fff8170                PROVIDE (__bss_start__, .)
 *(.shbss)
 *(.bss .bss.* .gnu.linkonce.b.*)
 .bss           0x1fff8170       0x1c c:/program files (x86)/cypress/psoc creator/3.3/psoc creator/import/gnu/arm/4.9.3/bin/../lib/gcc/arm-none-eabi/4.9.3/armv7-m/crtbegin.o
 .bss           0x1fff818c        0xa .\CortexM3\ARM_GCC_493\Debug\PGRP700.a(Surtidor.o)
                0x1fff818c                Surtidor_initVar
                0x1fff818e                Surtidor_rxBufferRead
                0x1fff8190                Surtidor_rxBufferWrite
                0x1fff8192                Surtidor_rxBufferLoopDetect
                0x1fff8193                Surtidor_rxBufferOverflow
 .bss           0x1fff8196        0x6 .\CortexM3\ARM_GCC_493\Debug\PGRP700.a(LCD_1.o)
                0x1fff8196                LCD_1_initVar
                0x1fff8197                LCD_1_rxBufferRead
                0x1fff8198                LCD_1_rxBufferWrite
                0x1fff8199                LCD_1_rxBufferLoopDetect
                0x1fff819a                LCD_1_rxBufferOverflow
 .bss           0x1fff819c        0x6 .\CortexM3\ARM_GCC_493\Debug\PGRP700.a(LCD_2.o)
                0x1fff819c                LCD_2_initVar
                0x1fff819d                LCD_2_rxBufferRead
                0x1fff819e                LCD_2_rxBufferWrite
                0x1fff819f                LCD_2_rxBufferLoopDetect
                0x1fff81a0                LCD_2_rxBufferOverflow
 *(COMMON)
 *fill*         0x1fff81a2        0x2 
 COMMON         0x1fff81a4      0x57f .\CortexM3\ARM_GCC_493\Debug\main.o
                0x1fff81a4                copia_recibo
                0x1fff81a6                flujo_LCD
                0x1fff81a7                comas1
                0x1fff81a8                b
                0x1fff81ac                no_imprime2
                0x1fff81ad                decimalD
                0x1fff81b0                producto2n
                0x1fff81bc                x
                0x1fff81c0                modulo
                0x1fff8350                grado2
                0x1fff8352                id_corte
                0x1fff8354                producto1n
                0x1fff835f                no_imprime
                0x1fff8360                versurt
                0x1fff8361                crc_total
                0x1fff8364                producto4n
                0x1fff8370                w
                0x1fff8374                bandera
                0x1fff8376                seleccion_pos2
                0x1fff8377                estado_0
                0x1fff8378                flujo_LCD2
                0x1fff8379                estado_lcd2
                0x1fff837a                producto4
                0x1fff837b                teclas1
                0x1fff837c                comas2
                0x1fff837d                producto
                0x1fff8380                z
                0x1fff8384                buffer_i2c
                0x1fff83c4                cont1
                0x1fff83c5                teclado2
                0x1fff83c6                teclado
                0x1fff83c8                c
                0x1fff83cc                pos_ibutton
                0x1fff83d0                id_venta
                0x1fff83d6                producto1b
                0x1fff83d7                producto4b
                0x1fff83d8                ppux10
                0x1fff83d9                estado_lcd1
                0x1fff83da                producto2b
                0x1fff83dc                y
                0x1fff83e0                d
                0x1fff83e4                rventa2
                0x1fff84c8                tipo_imp
                0x1fff84ca                a_copias
                0x1fff84cc                print1
                0x1fff84ce                producto2
                0x1fff84cf                grado1
                0x1fff84d0                Buffer_LCD1
                0x1fff8568                seleccion_pos
                0x1fff8569                teclas2
                0x1fff856c                print2
                0x1fff856e                producto3b
                0x1fff8570                rventa
                0x1fff8654                fecha_corte
                0x1fff865c                a
                0x1fff8660                imagen
                0x1fff8661                decimalV
                0x1fff8662                producto3
                0x1fff8664                resultado
                0x1fff8674                no_venta
                0x1fff8678                copia_recibo2
                0x1fff867a                nombreproducto
                0x1fff867b                producto1
                0x1fff867c                Buffer_LCD2
                0x1fff8714                n_copias
                0x1fff8718                producto3n
 *fill*         0x1fff8723        0x1 
 COMMON         0x1fff8724      0x100 .\CortexM3\ARM_GCC_493\Debug\PGRP700.a(Surtidor.o)
                0x1fff8724                Surtidor_rxBuffer
 COMMON         0x1fff8824       0x14 .\CortexM3\ARM_GCC_493\Debug\PGRP700.a(LCD_1.o)
                0x1fff8824                LCD_1_rxBuffer
 COMMON         0x1fff8838       0x14 .\CortexM3\ARM_GCC_493\Debug\PGRP700.a(LCD_2.o)
                0x1fff8838                LCD_2_rxBuffer
 COMMON         0x1fff884c       0x11 .\CortexM3\ARM_GCC_493\Debug\PGRP700.a(I2C_1_MASTER.o)
                0x1fff884c                I2C_1_mstrWrBufIndex
                0x1fff884d                I2C_1_mstrControl
                0x1fff884e                I2C_1_mstrStatus
                0x1fff884f                I2C_1_mstrWrBufSize
                0x1fff8850                I2C_1_mstrRdBufIndex
                0x1fff8854                I2C_1_mstrWrBufPtr
                0x1fff8858                I2C_1_mstrRdBufPtr
                0x1fff885c                I2C_1_mstrRdBufSize
 COMMON         0x1fff885d        0x1 .\CortexM3\ARM_GCC_493\Debug\PGRP700.a(I2C_1.o)
                0x1fff885d                I2C_1_state
                0x1fff8860                . = ALIGN (0x8)
 *fill*         0x1fff885e        0x2 
 *(.ram.b)
                0x1fff8860                _end = .
                0x1fff8860                __end = .
                0x1fff8860                PROVIDE (end, .)
                0x1fff8860                PROVIDE (__bss_end__, .)
                0x00002488                __cy_region_init_ram = LOADADDR (.data)
                0x00000068                __cy_region_init_size_ram = (_edata - ADDR (.data))
                0x000006f0                __cy_region_zero_size_ram = (_end - _edata)

.heap           0x1fff8860       0x80 load address 0x000024f0
                0x1fff8860                . = _end
                0x1fff88e0                . = (. + 0x80)
 *fill*         0x1fff8860       0x80 
                0x1fff88e0                __cy_heap_limit = .

.stack          0x20007800      0x800
                0x20007800                __cy_stack_limit = .
                0x20008000                . = (. + 0x800)
 *fill*         0x20007800      0x800 
                0x00000001                ASSERT ((__cy_stack_limit >= __cy_heap_limit), region RAM overflowed with stack)
                0x00000000                cy_checksum_exclude_size = (CY_APPL_LOADABLE == 0x1)?SIZEOF (.cy_checksum_exclude):0x0
                0x00000001                ASSERT ((cy_checksum_exclude_size <= CY_CHECKSUM_EXCLUDE_SIZE), CY_BOOT: Section .cy_checksum_exclude size exceedes specified limit.)

.cyloadermeta
 *(.cyloadermeta)

.cyloadablemeta
 *(.cyloadablemeta)

.cyconfigecc    0x80000000      0xd68
 *(.cyconfigecc)
 .cyconfigecc   0x80000000      0xd68 .\CortexM3\ARM_GCC_493\Debug\cymetadata.o
                0x80000000                cy_meta_configecc

.cycustnvl      0x90000000        0x4
 *(.cycustnvl)
 .cycustnvl     0x90000000        0x4 .\CortexM3\ARM_GCC_493\Debug\cymetadata.o
                0x90000000                cy_meta_custnvl

.cywolatch      0x90100000        0x4
 *(.cywolatch)
 .cywolatch     0x90100000        0x4 .\CortexM3\ARM_GCC_493\Debug\cymetadata.o
                0x90100000                cy_meta_wonvl

.cyeeprom       0x90200000        0x0
 *(.cyeeprom)
                0x00000001                ASSERT ((. <= ((0x90200000 + ee_offset) + ee_size)), .cyeeprom data will not fit in EEPROM)

.cyflashprotect
                0x90400000      0x100
 *(.cyflashprotect)
 .cyflashprotect
                0x90400000      0x100 .\CortexM3\ARM_GCC_493\Debug\cymetadata.o
                0x90400000                cy_meta_flashprotect

.cymeta         0x90500000        0xc
 *(.cymeta)
 .cymeta        0x90500000        0xc .\CortexM3\ARM_GCC_493\Debug\cymetadata.o
                0x90500000                cy_metadata

.rel.dyn        0x000024f0        0x0 load address 0x9050000c
 .rel.iplt      0x00000000        0x0 c:/program files (x86)/cypress/psoc creator/3.3/psoc creator/import/gnu/arm/4.9.3/bin/../lib/gcc/arm-none-eabi/4.9.3/armv7-m/crtbegin.o

.stab
 *(.stab)

.stabstr
 *(.stabstr)

.debug
 *(.debug)

.line
 *(.line)

.debug_srcinfo
 *(.debug_srcinfo)

.debug_sfnames
 *(.debug_sfnames)

.debug_aranges  0x00000000      0xb90
 *(.debug_aranges)
 .debug_aranges
                0x00000000       0x48 .\CortexM3\ARM_GCC_493\Debug\main.o
 .debug_aranges
                0x00000048       0x40 .\CortexM3\ARM_GCC_493\Debug\protocolo.o
 .debug_aranges
                0x00000088       0x28 .\CortexM3\ARM_GCC_493\Debug\LCD.o
 .debug_aranges
                0x000000b0       0x50 .\CortexM3\ARM_GCC_493\Debug\I2C.o
 .debug_aranges
                0x00000100       0x18 .\CortexM3\ARM_GCC_493\Debug\cymetadata.o
 .debug_aranges
                0x00000118       0x48 .\CortexM3\ARM_GCC_493\Debug\Cm3Start.o
 .debug_aranges
                0x00000160       0x58 .\CortexM3\ARM_GCC_493\Debug\PGRP700.a(cyfitter_cfg.o)
 .debug_aranges
                0x000001b8      0x100 .\CortexM3\ARM_GCC_493\Debug\PGRP700.a(Surtidor.o)
 .debug_aranges
                0x000002b8       0x20 .\CortexM3\ARM_GCC_493\Debug\PGRP700.a(Surtidor_INT.o)
 .debug_aranges
                0x000002d8      0x100 .\CortexM3\ARM_GCC_493\Debug\PGRP700.a(LCD_1.o)
 .debug_aranges
                0x000003d8       0x20 .\CortexM3\ARM_GCC_493\Debug\PGRP700.a(LCD_1_INT.o)
 .debug_aranges
                0x000003f8      0x100 .\CortexM3\ARM_GCC_493\Debug\PGRP700.a(LCD_2.o)
 .debug_aranges
                0x000004f8       0x20 .\CortexM3\ARM_GCC_493\Debug\PGRP700.a(LCD_2_INT.o)
 .debug_aranges
                0x00000518       0x38 .\CortexM3\ARM_GCC_493\Debug\PGRP700.a(Pin_WP.o)
 .debug_aranges
                0x00000550       0x88 .\CortexM3\ARM_GCC_493\Debug\PGRP700.a(I2C_1_MASTER.o)
 .debug_aranges
                0x000005d8       0x70 .\CortexM3\ARM_GCC_493\Debug\PGRP700.a(LCD_1_IntClock.o)
 .debug_aranges
                0x00000648       0x70 .\CortexM3\ARM_GCC_493\Debug\PGRP700.a(LCD_2_IntClock.o)
 .debug_aranges
                0x000006b8       0x20 .\CortexM3\ARM_GCC_493\Debug\PGRP700.a(CyBootAsmGnu.o)
 .debug_aranges
                0x000006d8      0x298 .\CortexM3\ARM_GCC_493\Debug\PGRP700.a(CyLib.o)
 .debug_aranges
                0x00000970       0x98 .\CortexM3\ARM_GCC_493\Debug\PGRP700.a(cyPm.o)
 .debug_aranges
                0x00000a08       0x38 .\CortexM3\ARM_GCC_493\Debug\PGRP700.a(I2C_1.o)
 .debug_aranges
                0x00000a40       0x20 .\CortexM3\ARM_GCC_493\Debug\PGRP700.a(I2C_1_INT.o)
 .debug_aranges
                0x00000a60       0x38 .\CortexM3\ARM_GCC_493\Debug\PGRP700.a(I2C_1_PM.o)
 .debug_aranges
                0x00000a98       0x80 .\CortexM3\ARM_GCC_493\Debug\PGRP700.a(CyFlash.o)
 .debug_aranges
                0x00000b18       0x78 .\CortexM3\ARM_GCC_493\Debug\PGRP700.a(CySpc.o)

.debug_pubnames
 *(.debug_pubnames)

.debug_info     0x00000000     0x9d8c
 *(.debug_info .gnu.linkonce.wi.*)
 .debug_info    0x00000000     0x168b .\CortexM3\ARM_GCC_493\Debug\main.o
 .debug_info    0x0000168b      0xd53 .\CortexM3\ARM_GCC_493\Debug\protocolo.o
 .debug_info    0x000023de      0xc7f .\CortexM3\ARM_GCC_493\Debug\LCD.o
 .debug_info    0x0000305d      0xdd5 .\CortexM3\ARM_GCC_493\Debug\I2C.o
 .debug_info    0x00003e32      0x13f .\CortexM3\ARM_GCC_493\Debug\cymetadata.o
 .debug_info    0x00003f71      0x3a5 .\CortexM3\ARM_GCC_493\Debug\Cm3Start.o
 .debug_info    0x00004316      0x60d .\CortexM3\ARM_GCC_493\Debug\PGRP700.a(cyfitter_cfg.o)
 .debug_info    0x00004923      0x78c .\CortexM3\ARM_GCC_493\Debug\PGRP700.a(Surtidor.o)
 .debug_info    0x000050af      0x13b .\CortexM3\ARM_GCC_493\Debug\PGRP700.a(Surtidor_INT.o)
 .debug_info    0x000051ea      0x7b2 .\CortexM3\ARM_GCC_493\Debug\PGRP700.a(LCD_1.o)
 .debug_info    0x0000599c      0x12a .\CortexM3\ARM_GCC_493\Debug\PGRP700.a(LCD_1_INT.o)
 .debug_info    0x00005ac6      0x7b2 .\CortexM3\ARM_GCC_493\Debug\PGRP700.a(LCD_2.o)
 .debug_info    0x00006278      0x12a .\CortexM3\ARM_GCC_493\Debug\PGRP700.a(LCD_2_INT.o)
 .debug_info    0x000063a2      0x11f .\CortexM3\ARM_GCC_493\Debug\PGRP700.a(Pin_WP.o)
 .debug_info    0x000064c1      0x412 .\CortexM3\ARM_GCC_493\Debug\PGRP700.a(I2C_1_MASTER.o)
 .debug_info    0x000068d3      0x283 .\CortexM3\ARM_GCC_493\Debug\PGRP700.a(LCD_1_IntClock.o)
 .debug_info    0x00006b56      0x283 .\CortexM3\ARM_GCC_493\Debug\PGRP700.a(LCD_2_IntClock.o)
 .debug_info    0x00006dd9       0x94 .\CortexM3\ARM_GCC_493\Debug\PGRP700.a(CyBootAsmGnu.o)
 .debug_info    0x00006e6d     0x1371 .\CortexM3\ARM_GCC_493\Debug\PGRP700.a(CyLib.o)
 .debug_info    0x000081de      0xa58 .\CortexM3\ARM_GCC_493\Debug\PGRP700.a(cyPm.o)
 .debug_info    0x00008c36      0x2d7 .\CortexM3\ARM_GCC_493\Debug\PGRP700.a(I2C_1.o)
 .debug_info    0x00008f0d      0x193 .\CortexM3\ARM_GCC_493\Debug\PGRP700.a(I2C_1_INT.o)
 .debug_info    0x000090a0      0x1f2 .\CortexM3\ARM_GCC_493\Debug\PGRP700.a(I2C_1_PM.o)
 .debug_info    0x00009292      0x60a .\CortexM3\ARM_GCC_493\Debug\PGRP700.a(CyFlash.o)
 .debug_info    0x0000989c      0x4f0 .\CortexM3\ARM_GCC_493\Debug\PGRP700.a(CySpc.o)

.debug_abbrev   0x00000000     0x22bb
 *(.debug_abbrev)
 .debug_abbrev  0x00000000      0x1c7 .\CortexM3\ARM_GCC_493\Debug\main.o
 .debug_abbrev  0x000001c7      0x214 .\CortexM3\ARM_GCC_493\Debug\protocolo.o
 .debug_abbrev  0x000003db      0x153 .\CortexM3\ARM_GCC_493\Debug\LCD.o
 .debug_abbrev  0x0000052e      0x221 .\CortexM3\ARM_GCC_493\Debug\I2C.o
 .debug_abbrev  0x0000074f       0x77 .\CortexM3\ARM_GCC_493\Debug\cymetadata.o
 .debug_abbrev  0x000007c6      0x20f .\CortexM3\ARM_GCC_493\Debug\Cm3Start.o
 .debug_abbrev  0x000009d5      0x212 .\CortexM3\ARM_GCC_493\Debug\PGRP700.a(cyfitter_cfg.o)
 .debug_abbrev  0x00000be7      0x1d0 .\CortexM3\ARM_GCC_493\Debug\PGRP700.a(Surtidor.o)
 .debug_abbrev  0x00000db7       0x8a .\CortexM3\ARM_GCC_493\Debug\PGRP700.a(Surtidor_INT.o)
 .debug_abbrev  0x00000e41      0x1d0 .\CortexM3\ARM_GCC_493\Debug\PGRP700.a(LCD_1.o)
 .debug_abbrev  0x00001011       0x8a .\CortexM3\ARM_GCC_493\Debug\PGRP700.a(LCD_1_INT.o)
 .debug_abbrev  0x0000109b      0x1d0 .\CortexM3\ARM_GCC_493\Debug\PGRP700.a(LCD_2.o)
 .debug_abbrev  0x0000126b       0x8a .\CortexM3\ARM_GCC_493\Debug\PGRP700.a(LCD_2_INT.o)
 .debug_abbrev  0x000012f5       0x90 .\CortexM3\ARM_GCC_493\Debug\PGRP700.a(Pin_WP.o)
 .debug_abbrev  0x00001385      0x13c .\CortexM3\ARM_GCC_493\Debug\PGRP700.a(I2C_1_MASTER.o)
 .debug_abbrev  0x000014c1      0x139 .\CortexM3\ARM_GCC_493\Debug\PGRP700.a(LCD_1_IntClock.o)
 .debug_abbrev  0x000015fa      0x139 .\CortexM3\ARM_GCC_493\Debug\PGRP700.a(LCD_2_IntClock.o)
 .debug_abbrev  0x00001733       0x14 .\CortexM3\ARM_GCC_493\Debug\PGRP700.a(CyBootAsmGnu.o)
 .debug_abbrev  0x00001747      0x296 .\CortexM3\ARM_GCC_493\Debug\PGRP700.a(CyLib.o)
 .debug_abbrev  0x000019dd      0x1ed .\CortexM3\ARM_GCC_493\Debug\PGRP700.a(cyPm.o)
 .debug_abbrev  0x00001bca      0x159 .\CortexM3\ARM_GCC_493\Debug\PGRP700.a(I2C_1.o)
 .debug_abbrev  0x00001d23       0xdb .\CortexM3\ARM_GCC_493\Debug\PGRP700.a(I2C_1_INT.o)
 .debug_abbrev  0x00001dfe      0x12b .\CortexM3\ARM_GCC_493\Debug\PGRP700.a(I2C_1_PM.o)
 .debug_abbrev  0x00001f29      0x1d1 .\CortexM3\ARM_GCC_493\Debug\PGRP700.a(CyFlash.o)
 .debug_abbrev  0x000020fa      0x1c1 .\CortexM3\ARM_GCC_493\Debug\PGRP700.a(CySpc.o)

.debug_line     0x00000000     0x36d6
 *(.debug_line)
 .debug_line    0x00000000      0x4a8 .\CortexM3\ARM_GCC_493\Debug\main.o
 .debug_line    0x000004a8      0x4fe .\CortexM3\ARM_GCC_493\Debug\protocolo.o
 .debug_line    0x000009a6      0x1d0 .\CortexM3\ARM_GCC_493\Debug\LCD.o
 .debug_line    0x00000b76      0x322 .\CortexM3\ARM_GCC_493\Debug\I2C.o
 .debug_line    0x00000e98       0x53 .\CortexM3\ARM_GCC_493\Debug\cymetadata.o
 .debug_line    0x00000eeb      0x249 .\CortexM3\ARM_GCC_493\Debug\Cm3Start.o
 .debug_line    0x00001134      0x203 .\CortexM3\ARM_GCC_493\Debug\PGRP700.a(cyfitter_cfg.o)
 .debug_line    0x00001337      0x31b .\CortexM3\ARM_GCC_493\Debug\PGRP700.a(Surtidor.o)
 .debug_line    0x00001652       0x8e .\CortexM3\ARM_GCC_493\Debug\PGRP700.a(Surtidor_INT.o)
 .debug_line    0x000016e0      0x32c .\CortexM3\ARM_GCC_493\Debug\PGRP700.a(LCD_1.o)
 .debug_line    0x00001a0c       0x88 .\CortexM3\ARM_GCC_493\Debug\PGRP700.a(LCD_1_INT.o)
 .debug_line    0x00001a94      0x32c .\CortexM3\ARM_GCC_493\Debug\PGRP700.a(LCD_2.o)
 .debug_line    0x00001dc0       0x88 .\CortexM3\ARM_GCC_493\Debug\PGRP700.a(LCD_2_INT.o)
 .debug_line    0x00001e48       0x95 .\CortexM3\ARM_GCC_493\Debug\PGRP700.a(Pin_WP.o)
 .debug_line    0x00001edd      0x203 .\CortexM3\ARM_GCC_493\Debug\PGRP700.a(I2C_1_MASTER.o)
 .debug_line    0x000020e0      0x196 .\CortexM3\ARM_GCC_493\Debug\PGRP700.a(LCD_1_IntClock.o)
 .debug_line    0x00002276      0x196 .\CortexM3\ARM_GCC_493\Debug\PGRP700.a(LCD_2_IntClock.o)
 .debug_line    0x0000240c       0x68 .\CortexM3\ARM_GCC_493\Debug\PGRP700.a(CyBootAsmGnu.o)
 .debug_line    0x00002474      0x806 .\CortexM3\ARM_GCC_493\Debug\PGRP700.a(CyLib.o)
 .debug_line    0x00002c7a      0x366 .\CortexM3\ARM_GCC_493\Debug\PGRP700.a(cyPm.o)
 .debug_line    0x00002fe0       0xde .\CortexM3\ARM_GCC_493\Debug\PGRP700.a(I2C_1.o)
 .debug_line    0x000030be      0x12a .\CortexM3\ARM_GCC_493\Debug\PGRP700.a(I2C_1_INT.o)
 .debug_line    0x000031e8       0xc4 .\CortexM3\ARM_GCC_493\Debug\PGRP700.a(I2C_1_PM.o)
 .debug_line    0x000032ac      0x1ec .\CortexM3\ARM_GCC_493\Debug\PGRP700.a(CyFlash.o)
 .debug_line    0x00003498      0x23e .\CortexM3\ARM_GCC_493\Debug\PGRP700.a(CySpc.o)

.debug_frame    0x00000000     0x1d70
 *(.debug_frame)
 .debug_frame   0x00000000       0xb8 .\CortexM3\ARM_GCC_493\Debug\main.o
 .debug_frame   0x000000b8       0xbc .\CortexM3\ARM_GCC_493\Debug\protocolo.o
 .debug_frame   0x00000174       0x50 .\CortexM3\ARM_GCC_493\Debug\LCD.o
 .debug_frame   0x000001c4       0xfc .\CortexM3\ARM_GCC_493\Debug\I2C.o
 .debug_frame   0x000002c0       0xac .\CortexM3\ARM_GCC_493\Debug\Cm3Start.o
 .debug_frame   0x0000036c       0xe4 .\CortexM3\ARM_GCC_493\Debug\PGRP700.a(cyfitter_cfg.o)
 .debug_frame   0x00000450      0x290 .\CortexM3\ARM_GCC_493\Debug\PGRP700.a(Surtidor.o)
 .debug_frame   0x000006e0       0x20 .\CortexM3\ARM_GCC_493\Debug\PGRP700.a(Surtidor_INT.o)
 .debug_frame   0x00000700      0x290 .\CortexM3\ARM_GCC_493\Debug\PGRP700.a(LCD_1.o)
 .debug_frame   0x00000990       0x20 .\CortexM3\ARM_GCC_493\Debug\PGRP700.a(LCD_1_INT.o)
 .debug_frame   0x000009b0      0x290 .\CortexM3\ARM_GCC_493\Debug\PGRP700.a(LCD_2.o)
 .debug_frame   0x00000c40       0x20 .\CortexM3\ARM_GCC_493\Debug\PGRP700.a(LCD_2_INT.o)
 .debug_frame   0x00000c60       0x50 .\CortexM3\ARM_GCC_493\Debug\PGRP700.a(Pin_WP.o)
 .debug_frame   0x00000cb0      0x120 .\CortexM3\ARM_GCC_493\Debug\PGRP700.a(I2C_1_MASTER.o)
 .debug_frame   0x00000dd0       0xe0 .\CortexM3\ARM_GCC_493\Debug\PGRP700.a(LCD_1_IntClock.o)
 .debug_frame   0x00000eb0       0xe0 .\CortexM3\ARM_GCC_493\Debug\PGRP700.a(LCD_2_IntClock.o)
 .debug_frame   0x00000f90      0x728 .\CortexM3\ARM_GCC_493\Debug\PGRP700.a(CyLib.o)
 .debug_frame   0x000016b8      0x1f8 .\CortexM3\ARM_GCC_493\Debug\PGRP700.a(cyPm.o)
 .debug_frame   0x000018b0       0x8c .\CortexM3\ARM_GCC_493\Debug\PGRP700.a(I2C_1.o)
 .debug_frame   0x0000193c       0x30 .\CortexM3\ARM_GCC_493\Debug\PGRP700.a(I2C_1_INT.o)
 .debug_frame   0x0000196c       0x74 .\CortexM3\ARM_GCC_493\Debug\PGRP700.a(I2C_1_PM.o)
 .debug_frame   0x000019e0      0x174 .\CortexM3\ARM_GCC_493\Debug\PGRP700.a(CyFlash.o)
 .debug_frame   0x00001b54      0x160 .\CortexM3\ARM_GCC_493\Debug\PGRP700.a(CySpc.o)
 .debug_frame   0x00001cb4       0x20 c:/program files (x86)/cypress/psoc creator/3.3/psoc creator/import/gnu/arm/4.9.3/bin/../lib/gcc/arm-none-eabi/4.9.3/../../../../arm-none-eabi/lib/armv7-m\libg_nano.a(lib_a-errno.o)
 .debug_frame   0x00001cd4       0x28 c:/program files (x86)/cypress/psoc creator/3.3/psoc creator/import/gnu/arm/4.9.3/bin/../lib/gcc/arm-none-eabi/4.9.3/../../../../arm-none-eabi/lib/armv7-m\libg_nano.a(lib_a-exit.o)
 .debug_frame   0x00001cfc       0x2c c:/program files (x86)/cypress/psoc creator/3.3/psoc creator/import/gnu/arm/4.9.3/bin/../lib/gcc/arm-none-eabi/4.9.3/../../../../arm-none-eabi/lib/armv7-m\libg_nano.a(lib_a-init.o)
 .debug_frame   0x00001d28       0x28 c:/program files (x86)/cypress/psoc creator/3.3/psoc creator/import/gnu/arm/4.9.3/bin/../lib/gcc/arm-none-eabi/4.9.3/../../../../arm-none-eabi/lib/armv7-m\libg_nano.a(lib_a-memcpy.o)
 .debug_frame   0x00001d50       0x20 c:/program files (x86)/cypress/psoc creator/3.3/psoc creator/import/gnu/arm/4.9.3/bin/../lib/gcc/arm-none-eabi/4.9.3/../../../../arm-none-eabi/lib/armv7-m\libg_nano.a(lib_a-memset.o)

.debug_str      0x00000000     0x27ca
 *(.debug_str)
 .debug_str     0x00000000      0x579 .\CortexM3\ARM_GCC_493\Debug\main.o
                                0x5fd (size before relaxing)
 .debug_str     0x00000579       0xc9 .\CortexM3\ARM_GCC_493\Debug\protocolo.o
                                0x5bc (size before relaxing)
 .debug_str     0x00000642       0x29 .\CortexM3\ARM_GCC_493\Debug\LCD.o
                                0x4eb (size before relaxing)
 .debug_str     0x0000066b       0xd3 .\CortexM3\ARM_GCC_493\Debug\I2C.o
                                0x5a1 (size before relaxing)
 .debug_str     0x0000073e       0x77 .\CortexM3\ARM_GCC_493\Debug\cymetadata.o
                                0x1ee (size before relaxing)
 .debug_str     0x000007b5      0x160 .\CortexM3\ARM_GCC_493\Debug\Cm3Start.o
                                0x302 (size before relaxing)
 .debug_str     0x00000915      0x18b .\CortexM3\ARM_GCC_493\Debug\PGRP700.a(cyfitter_cfg.o)
                                0x33c (size before relaxing)
 .debug_str     0x00000aa0      0x38f .\CortexM3\ARM_GCC_493\Debug\PGRP700.a(Surtidor.o)
                                0x5b9 (size before relaxing)
 .debug_str     0x00000e2f       0x52 .\CortexM3\ARM_GCC_493\Debug\PGRP700.a(Surtidor_INT.o)
                                0x24a (size before relaxing)
 .debug_str     0x00000e81      0x26e .\CortexM3\ARM_GCC_493\Debug\PGRP700.a(LCD_1.o)
                                0x576 (size before relaxing)
 .debug_str     0x000010ef       0x31 .\CortexM3\ARM_GCC_493\Debug\PGRP700.a(LCD_1_INT.o)
                                0x22e (size before relaxing)
 .debug_str     0x00001120      0x2b9 .\CortexM3\ARM_GCC_493\Debug\PGRP700.a(LCD_2.o)
                                0x576 (size before relaxing)
 .debug_str     0x000013d9       0x31 .\CortexM3\ARM_GCC_493\Debug\PGRP700.a(LCD_2_INT.o)
                                0x22e (size before relaxing)
 .debug_str     0x0000140a       0x65 .\CortexM3\ARM_GCC_493\Debug\PGRP700.a(Pin_WP.o)
                                0x1eb (size before relaxing)
 .debug_str     0x0000146f      0x1d8 .\CortexM3\ARM_GCC_493\Debug\PGRP700.a(I2C_1_MASTER.o)
                                0x3db (size before relaxing)
 .debug_str     0x00001647      0x18f .\CortexM3\ARM_GCC_493\Debug\PGRP700.a(LCD_1_IntClock.o)
                                0x346 (size before relaxing)
 .debug_str     0x000017d6      0x144 .\CortexM3\ARM_GCC_493\Debug\PGRP700.a(LCD_2_IntClock.o)
                                0x346 (size before relaxing)
 .debug_str     0x0000191a      0x7d8 .\CortexM3\ARM_GCC_493\Debug\PGRP700.a(CyLib.o)
                                0xa27 (size before relaxing)
 .debug_str     0x000020f2      0x35b .\CortexM3\ARM_GCC_493\Debug\PGRP700.a(cyPm.o)
                                0x71f (size before relaxing)
 .debug_str     0x0000244d       0xa0 .\CortexM3\ARM_GCC_493\Debug\PGRP700.a(I2C_1.o)
                                0x2fc (size before relaxing)
 .debug_str     0x000024ed       0x36 .\CortexM3\ARM_GCC_493\Debug\PGRP700.a(I2C_1_INT.o)
                                0x27e (size before relaxing)
 .debug_str     0x00002523       0x62 .\CortexM3\ARM_GCC_493\Debug\PGRP700.a(I2C_1_PM.o)
                                0x28a (size before relaxing)
 .debug_str     0x00002585      0x197 .\CortexM3\ARM_GCC_493\Debug\PGRP700.a(CyFlash.o)
                                0x399 (size before relaxing)
 .debug_str     0x0000271c       0xae .\CortexM3\ARM_GCC_493\Debug\PGRP700.a(CySpc.o)
                                0x322 (size before relaxing)

.debug_loc      0x00000000     0x3784
 *(.debug_loc)
 .debug_loc     0x00000000       0x64 .\CortexM3\ARM_GCC_493\Debug\main.o
 .debug_loc     0x00000064      0x6f0 .\CortexM3\ARM_GCC_493\Debug\protocolo.o
 .debug_loc     0x00000754       0xf0 .\CortexM3\ARM_GCC_493\Debug\LCD.o
 .debug_loc     0x00000844      0x3f1 .\CortexM3\ARM_GCC_493\Debug\I2C.o
 .debug_loc     0x00000c35      0x144 .\CortexM3\ARM_GCC_493\Debug\Cm3Start.o
 .debug_loc     0x00000d79      0x259 .\CortexM3\ARM_GCC_493\Debug\PGRP700.a(cyfitter_cfg.o)
 .debug_loc     0x00000fd2      0x32f .\CortexM3\ARM_GCC_493\Debug\PGRP700.a(Surtidor.o)
 .debug_loc     0x00001301       0x3e .\CortexM3\ARM_GCC_493\Debug\PGRP700.a(Surtidor_INT.o)
 .debug_loc     0x0000133f      0x32f .\CortexM3\ARM_GCC_493\Debug\PGRP700.a(LCD_1.o)
 .debug_loc     0x0000166e       0x3e .\CortexM3\ARM_GCC_493\Debug\PGRP700.a(LCD_1_INT.o)
 .debug_loc     0x000016ac      0x32f .\CortexM3\ARM_GCC_493\Debug\PGRP700.a(LCD_2.o)
 .debug_loc     0x000019db       0x3e .\CortexM3\ARM_GCC_493\Debug\PGRP700.a(LCD_2_INT.o)
 .debug_loc     0x00001a19       0x42 .\CortexM3\ARM_GCC_493\Debug\PGRP700.a(Pin_WP.o)
 .debug_loc     0x00001a5b      0x531 .\CortexM3\ARM_GCC_493\Debug\PGRP700.a(I2C_1_MASTER.o)
 .debug_loc     0x00001f8c      0x12c .\CortexM3\ARM_GCC_493\Debug\PGRP700.a(LCD_1_IntClock.o)
 .debug_loc     0x000020b8      0x128 .\CortexM3\ARM_GCC_493\Debug\PGRP700.a(LCD_2_IntClock.o)
 .debug_loc     0x000021e0      0xa11 .\CortexM3\ARM_GCC_493\Debug\PGRP700.a(CyLib.o)
 .debug_loc     0x00002bf1      0x1e4 .\CortexM3\ARM_GCC_493\Debug\PGRP700.a(cyPm.o)
 .debug_loc     0x00002dd5       0x26 .\CortexM3\ARM_GCC_493\Debug\PGRP700.a(I2C_1.o)
 .debug_loc     0x00002dfb       0x29 .\CortexM3\ARM_GCC_493\Debug\PGRP700.a(I2C_1_INT.o)
 .debug_loc     0x00002e24       0x13 .\CortexM3\ARM_GCC_493\Debug\PGRP700.a(I2C_1_PM.o)
 .debug_loc     0x00002e37      0x300 .\CortexM3\ARM_GCC_493\Debug\PGRP700.a(CyFlash.o)
 .debug_loc     0x00003137      0x64d .\CortexM3\ARM_GCC_493\Debug\PGRP700.a(CySpc.o)

.debug_macinfo
 *(.debug_macinfo)

.debug_ranges   0x00000000      0x9e8
 *(.debug_ranges)
 .debug_ranges  0x00000000       0x38 .\CortexM3\ARM_GCC_493\Debug\main.o
 .debug_ranges  0x00000038       0x30 .\CortexM3\ARM_GCC_493\Debug\protocolo.o
 .debug_ranges  0x00000068       0x18 .\CortexM3\ARM_GCC_493\Debug\LCD.o
 .debug_ranges  0x00000080       0x40 .\CortexM3\ARM_GCC_493\Debug\I2C.o
 .debug_ranges  0x000000c0       0x38 .\CortexM3\ARM_GCC_493\Debug\Cm3Start.o
 .debug_ranges  0x000000f8       0x48 .\CortexM3\ARM_GCC_493\Debug\PGRP700.a(cyfitter_cfg.o)
 .debug_ranges  0x00000140       0xf0 .\CortexM3\ARM_GCC_493\Debug\PGRP700.a(Surtidor.o)
 .debug_ranges  0x00000230       0x10 .\CortexM3\ARM_GCC_493\Debug\PGRP700.a(Surtidor_INT.o)
 .debug_ranges  0x00000240       0xf0 .\CortexM3\ARM_GCC_493\Debug\PGRP700.a(LCD_1.o)
 .debug_ranges  0x00000330       0x10 .\CortexM3\ARM_GCC_493\Debug\PGRP700.a(LCD_1_INT.o)
 .debug_ranges  0x00000340       0xf0 .\CortexM3\ARM_GCC_493\Debug\PGRP700.a(LCD_2.o)
 .debug_ranges  0x00000430       0x10 .\CortexM3\ARM_GCC_493\Debug\PGRP700.a(LCD_2_INT.o)
 .debug_ranges  0x00000440       0x28 .\CortexM3\ARM_GCC_493\Debug\PGRP700.a(Pin_WP.o)
 .debug_ranges  0x00000468       0x78 .\CortexM3\ARM_GCC_493\Debug\PGRP700.a(I2C_1_MASTER.o)
 .debug_ranges  0x000004e0       0x60 .\CortexM3\ARM_GCC_493\Debug\PGRP700.a(LCD_1_IntClock.o)
 .debug_ranges  0x00000540       0x60 .\CortexM3\ARM_GCC_493\Debug\PGRP700.a(LCD_2_IntClock.o)
 .debug_ranges  0x000005a0      0x288 .\CortexM3\ARM_GCC_493\Debug\PGRP700.a(CyLib.o)
 .debug_ranges  0x00000828       0x88 .\CortexM3\ARM_GCC_493\Debug\PGRP700.a(cyPm.o)
 .debug_ranges  0x000008b0       0x28 .\CortexM3\ARM_GCC_493\Debug\PGRP700.a(I2C_1.o)
 .debug_ranges  0x000008d8       0x10 .\CortexM3\ARM_GCC_493\Debug\PGRP700.a(I2C_1_INT.o)
 .debug_ranges  0x000008e8       0x28 .\CortexM3\ARM_GCC_493\Debug\PGRP700.a(I2C_1_PM.o)
 .debug_ranges  0x00000910       0x70 .\CortexM3\ARM_GCC_493\Debug\PGRP700.a(CyFlash.o)
 .debug_ranges  0x00000980       0x68 .\CortexM3\ARM_GCC_493\Debug\PGRP700.a(CySpc.o)

.comment        0x00000000       0x70
 .comment       0x00000000       0x70 .\CortexM3\ARM_GCC_493\Debug\main.o
                                 0x71 (size before relaxing)
 .comment       0x00000000       0x71 .\CortexM3\ARM_GCC_493\Debug\protocolo.o
 .comment       0x00000000       0x71 .\CortexM3\ARM_GCC_493\Debug\LCD.o
 .comment       0x00000000       0x71 .\CortexM3\ARM_GCC_493\Debug\I2C.o
 .comment       0x00000000       0x71 .\CortexM3\ARM_GCC_493\Debug\cymetadata.o
 .comment       0x00000000       0x71 .\CortexM3\ARM_GCC_493\Debug\Cm3Start.o
 .comment       0x00000000       0x71 .\CortexM3\ARM_GCC_493\Debug\PGRP700.a(cyfitter_cfg.o)
 .comment       0x00000000       0x71 .\CortexM3\ARM_GCC_493\Debug\PGRP700.a(Surtidor.o)
 .comment       0x00000000       0x71 .\CortexM3\ARM_GCC_493\Debug\PGRP700.a(Surtidor_INT.o)
 .comment       0x00000000       0x71 .\CortexM3\ARM_GCC_493\Debug\PGRP700.a(LCD_1.o)
 .comment       0x00000000       0x71 .\CortexM3\ARM_GCC_493\Debug\PGRP700.a(LCD_1_INT.o)
 .comment       0x00000000       0x71 .\CortexM3\ARM_GCC_493\Debug\PGRP700.a(LCD_2.o)
 .comment       0x00000000       0x71 .\CortexM3\ARM_GCC_493\Debug\PGRP700.a(LCD_2_INT.o)
 .comment       0x00000000       0x71 .\CortexM3\ARM_GCC_493\Debug\PGRP700.a(Pin_WP.o)
 .comment       0x00000000       0x71 .\CortexM3\ARM_GCC_493\Debug\PGRP700.a(I2C_1_MASTER.o)
 .comment       0x00000000       0x71 .\CortexM3\ARM_GCC_493\Debug\PGRP700.a(LCD_1_IntClock.o)
 .comment       0x00000000       0x71 .\CortexM3\ARM_GCC_493\Debug\PGRP700.a(LCD_2_IntClock.o)
 .comment       0x00000000       0x71 .\CortexM3\ARM_GCC_493\Debug\PGRP700.a(CyLib.o)
 .comment       0x00000000       0x71 .\CortexM3\ARM_GCC_493\Debug\PGRP700.a(cyPm.o)
 .comment       0x00000000       0x71 .\CortexM3\ARM_GCC_493\Debug\PGRP700.a(I2C_1.o)
 .comment       0x00000000       0x71 .\CortexM3\ARM_GCC_493\Debug\PGRP700.a(I2C_1_INT.o)
 .comment       0x00000000       0x71 .\CortexM3\ARM_GCC_493\Debug\PGRP700.a(I2C_1_PM.o)
 .comment       0x00000000       0x71 .\CortexM3\ARM_GCC_493\Debug\PGRP700.a(CyFlash.o)
 .comment       0x00000000       0x71 .\CortexM3\ARM_GCC_493\Debug\PGRP700.a(CySpc.o)

.debug_weaknames
 *(.debug_weaknames)

.debug_funcnames
 *(.debug_funcnames)

.debug_typenames
 *(.debug_typenames)

.debug_varnames
 *(.debug_varnames)

.note.gnu.arm.ident
 *(.note.gnu.arm.ident)

.ARM.attributes
                0x00000000       0x29
 *(.ARM.attributes)
 .ARM.attributes
                0x00000000       0x1d c:/program files (x86)/cypress/psoc creator/3.3/psoc creator/import/gnu/arm/4.9.3/bin/../lib/gcc/arm-none-eabi/4.9.3/armv7-m/crti.o
 .ARM.attributes
                0x0000001d       0x2d c:/program files (x86)/cypress/psoc creator/3.3/psoc creator/import/gnu/arm/4.9.3/bin/../lib/gcc/arm-none-eabi/4.9.3/armv7-m/crtbegin.o
 .ARM.attributes
                0x0000004a       0x1b c:/program files (x86)/cypress/psoc creator/3.3/psoc creator/import/gnu/arm/4.9.3/bin/../lib/gcc/arm-none-eabi/4.9.3/../../../../arm-none-eabi/lib/armv7-m/crt0.o
 .ARM.attributes
                0x00000065       0x33 .\CortexM3\ARM_GCC_493\Debug\main.o
 .ARM.attributes
                0x00000098       0x33 .\CortexM3\ARM_GCC_493\Debug\protocolo.o
 .ARM.attributes
                0x000000cb       0x33 .\CortexM3\ARM_GCC_493\Debug\LCD.o
 .ARM.attributes
                0x000000fe       0x33 .\CortexM3\ARM_GCC_493\Debug\I2C.o
 .ARM.attributes
                0x00000131       0x33 .\CortexM3\ARM_GCC_493\Debug\cymetadata.o
 .ARM.attributes
                0x00000164       0x33 .\CortexM3\ARM_GCC_493\Debug\Cm3Start.o
 .ARM.attributes
                0x00000197       0x33 .\CortexM3\ARM_GCC_493\Debug\PGRP700.a(cyfitter_cfg.o)
 .ARM.attributes
                0x000001ca       0x33 .\CortexM3\ARM_GCC_493\Debug\PGRP700.a(Surtidor.o)
 .ARM.attributes
                0x000001fd       0x33 .\CortexM3\ARM_GCC_493\Debug\PGRP700.a(Surtidor_INT.o)
 .ARM.attributes
                0x00000230       0x33 .\CortexM3\ARM_GCC_493\Debug\PGRP700.a(LCD_1.o)
 .ARM.attributes
                0x00000263       0x33 .\CortexM3\ARM_GCC_493\Debug\PGRP700.a(LCD_1_INT.o)
 .ARM.attributes
                0x00000296       0x33 .\CortexM3\ARM_GCC_493\Debug\PGRP700.a(LCD_2.o)
 .ARM.attributes
                0x000002c9       0x33 .\CortexM3\ARM_GCC_493\Debug\PGRP700.a(LCD_2_INT.o)
 .ARM.attributes
                0x000002fc       0x33 .\CortexM3\ARM_GCC_493\Debug\PGRP700.a(Pin_WP.o)
 .ARM.attributes
                0x0000032f       0x33 .\CortexM3\ARM_GCC_493\Debug\PGRP700.a(I2C_1_MASTER.o)
 .ARM.attributes
                0x00000362       0x33 .\CortexM3\ARM_GCC_493\Debug\PGRP700.a(LCD_1_IntClock.o)
 .ARM.attributes
                0x00000395       0x33 .\CortexM3\ARM_GCC_493\Debug\PGRP700.a(LCD_2_IntClock.o)
 .ARM.attributes
                0x000003c8       0x21 .\CortexM3\ARM_GCC_493\Debug\PGRP700.a(CyBootAsmGnu.o)
 .ARM.attributes
                0x000003e9       0x33 .\CortexM3\ARM_GCC_493\Debug\PGRP700.a(CyLib.o)
 .ARM.attributes
                0x0000041c       0x33 .\CortexM3\ARM_GCC_493\Debug\PGRP700.a(cyPm.o)
 .ARM.attributes
                0x0000044f       0x33 .\CortexM3\ARM_GCC_493\Debug\PGRP700.a(I2C_1.o)
 .ARM.attributes
                0x00000482       0x33 .\CortexM3\ARM_GCC_493\Debug\PGRP700.a(I2C_1_INT.o)
 .ARM.attributes
                0x000004b5       0x33 .\CortexM3\ARM_GCC_493\Debug\PGRP700.a(I2C_1_PM.o)
 .ARM.attributes
                0x000004e8       0x33 .\CortexM3\ARM_GCC_493\Debug\PGRP700.a(CyFlash.o)
 .ARM.attributes
                0x0000051b       0x33 .\CortexM3\ARM_GCC_493\Debug\PGRP700.a(CySpc.o)
 .ARM.attributes
                0x0000054e       0x2d c:/program files (x86)/cypress/psoc creator/3.3/psoc creator/import/gnu/arm/4.9.3/bin/../lib/gcc/arm-none-eabi/4.9.3/../../../../arm-none-eabi/lib/armv7-m\libg_nano.a(lib_a-errno.o)
 .ARM.attributes
                0x0000057b       0x2d c:/program files (x86)/cypress/psoc creator/3.3/psoc creator/import/gnu/arm/4.9.3/bin/../lib/gcc/arm-none-eabi/4.9.3/../../../../arm-none-eabi/lib/armv7-m\libg_nano.a(lib_a-exit.o)
 .ARM.attributes
                0x000005a8       0x2d c:/program files (x86)/cypress/psoc creator/3.3/psoc creator/import/gnu/arm/4.9.3/bin/../lib/gcc/arm-none-eabi/4.9.3/../../../../arm-none-eabi/lib/armv7-m\libg_nano.a(lib_a-impure.o)
 .ARM.attributes
                0x000005d5       0x2d c:/program files (x86)/cypress/psoc creator/3.3/psoc creator/import/gnu/arm/4.9.3/bin/../lib/gcc/arm-none-eabi/4.9.3/../../../../arm-none-eabi/lib/armv7-m\libg_nano.a(lib_a-init.o)
 .ARM.attributes
                0x00000602       0x2d c:/program files (x86)/cypress/psoc creator/3.3/psoc creator/import/gnu/arm/4.9.3/bin/../lib/gcc/arm-none-eabi/4.9.3/../../../../arm-none-eabi/lib/armv7-m\libg_nano.a(lib_a-memcpy.o)
 .ARM.attributes
                0x0000062f       0x2d c:/program files (x86)/cypress/psoc creator/3.3/psoc creator/import/gnu/arm/4.9.3/bin/../lib/gcc/arm-none-eabi/4.9.3/../../../../arm-none-eabi/lib/armv7-m\libg_nano.a(lib_a-memset.o)
 .ARM.attributes
                0x0000065c       0x2d c:/program files (x86)/cypress/psoc creator/3.3/psoc creator/import/gnu/arm/4.9.3/bin/../lib/gcc/arm-none-eabi/4.9.3/armv7-m/crtend.o
 .ARM.attributes
                0x00000689       0x1d c:/program files (x86)/cypress/psoc creator/3.3/psoc creator/import/gnu/arm/4.9.3/bin/../lib/gcc/arm-none-eabi/4.9.3/armv7-m/crtn.o

/DISCARD/
 *(.note.GNU-stack)
OUTPUT(.\CortexM3\ARM_GCC_493\Debug\PGRP700.elf elf32-littlearm)
