Archive member included because of file (symbol)

.\CortexM3\ARM_GCC_493\Debug\PGRP700.a(cyfitter_cfg.o)
                              .\CortexM3\ARM_GCC_493\Debug\Cm3Start.o (cyfitter_cfg)
.\CortexM3\ARM_GCC_493\Debug\PGRP700.a(Surtidor.o)
                              .\CortexM3\ARM_GCC_493\Debug\main.o (Surtidor_Start)
.\CortexM3\ARM_GCC_493\Debug\PGRP700.a(Surtidor_INT.o)
                              .\CortexM3\ARM_GCC_493\Debug\PGRP700.a(Surtidor.o) (Surtidor_RXISR)
.\CortexM3\ARM_GCC_493\Debug\PGRP700.a(Impresora.o)
                              .\CortexM3\ARM_GCC_493\Debug\main.o (Impresora_Start)
.\CortexM3\ARM_GCC_493\Debug\PGRP700.a(Impresora_INT.o)
                              .\CortexM3\ARM_GCC_493\Debug\PGRP700.a(Impresora.o) (Impresora_RXISR)
.\CortexM3\ARM_GCC_493\Debug\PGRP700.a(LCD_1.o)
                              .\CortexM3\ARM_GCC_493\Debug\main.o (LCD_1_Start)
.\CortexM3\ARM_GCC_493\Debug\PGRP700.a(LCD_1_INT.o)
                              .\CortexM3\ARM_GCC_493\Debug\PGRP700.a(LCD_1.o) (LCD_1_RXISR)
.\CortexM3\ARM_GCC_493\Debug\PGRP700.a(LCD_2.o)
                              .\CortexM3\ARM_GCC_493\Debug\main.o (LCD_2_Start)
.\CortexM3\ARM_GCC_493\Debug\PGRP700.a(LCD_2_INT.o)
                              .\CortexM3\ARM_GCC_493\Debug\PGRP700.a(LCD_2.o) (LCD_2_RXISR)
.\CortexM3\ARM_GCC_493\Debug\PGRP700.a(Pin_WP.o)
                              .\CortexM3\ARM_GCC_493\Debug\I2C.o (Pin_WP_Write)
.\CortexM3\ARM_GCC_493\Debug\PGRP700.a(IB1.o)
                              .\CortexM3\ARM_GCC_493\Debug\ibuton.o (IB1_Write)
.\CortexM3\ARM_GCC_493\Debug\PGRP700.a(IB2.o)
                              .\CortexM3\ARM_GCC_493\Debug\ibuton.o (IB2_Write)
.\CortexM3\ARM_GCC_493\Debug\PGRP700.a(I2C_1.o)
                              .\CortexM3\ARM_GCC_493\Debug\main.o (I2C_1_Start)
.\CortexM3\ARM_GCC_493\Debug\PGRP700.a(I2C_1_INT.o)
                              .\CortexM3\ARM_GCC_493\Debug\PGRP700.a(I2C_1.o) (I2C_1_ISR)
.\CortexM3\ARM_GCC_493\Debug\PGRP700.a(I2C_1_PM.o)
                              .\CortexM3\ARM_GCC_493\Debug\PGRP700.a(I2C_1.o) (I2C_1_backup)
.\CortexM3\ARM_GCC_493\Debug\PGRP700.a(I2C_1_MASTER.o)
                              .\CortexM3\ARM_GCC_493\Debug\PGRP700.a(I2C_1_INT.o) (I2C_1_mstrStatus)
.\CortexM3\ARM_GCC_493\Debug\PGRP700.a(Impresora_IntClock.o)
                              .\CortexM3\ARM_GCC_493\Debug\PGRP700.a(Impresora.o) (Impresora_IntClock_Start)
.\CortexM3\ARM_GCC_493\Debug\PGRP700.a(LCD_1_IntClock.o)
                              .\CortexM3\ARM_GCC_493\Debug\PGRP700.a(LCD_1.o) (LCD_1_IntClock_Start)
.\CortexM3\ARM_GCC_493\Debug\PGRP700.a(LCD_2_IntClock.o)
                              .\CortexM3\ARM_GCC_493\Debug\PGRP700.a(LCD_2.o) (LCD_2_IntClock_Start)
.\CortexM3\ARM_GCC_493\Debug\PGRP700.a(CyBootAsmGnu.o)
                              .\CortexM3\ARM_GCC_493\Debug\PGRP700.a(cyfitter_cfg.o) (CyDelayCycles)
.\CortexM3\ARM_GCC_493\Debug\PGRP700.a(CyLib.o)
                              .\CortexM3\ARM_GCC_493\Debug\Cm3Start.o (CyHalt)
.\CortexM3\ARM_GCC_493\Debug\PGRP700.a(cyPm.o)
                              .\CortexM3\ARM_GCC_493\Debug\PGRP700.a(CyLib.o) (CyPmReadStatus)
.\CortexM3\ARM_GCC_493\Debug\PGRP700.a(CyFlash.o)
                              .\CortexM3\ARM_GCC_493\Debug\PGRP700.a(cyPm.o) (CyFlash_SetWaitCycles)
.\CortexM3\ARM_GCC_493\Debug\PGRP700.a(CySpc.o)
                              .\CortexM3\ARM_GCC_493\Debug\PGRP700.a(CyFlash.o) (CySpcStart)
c:/program files (x86)/cypress/psoc creator/3.3/psoc creator/import/gnu/arm/4.9.3/bin/../lib/gcc/arm-none-eabi/4.9.3/../../../../arm-none-eabi/lib/armv7-m\libg_nano.a(lib_a-errno.o)
                              .\CortexM3\ARM_GCC_493\Debug\Cm3Start.o (__errno)
c:/program files (x86)/cypress/psoc creator/3.3/psoc creator/import/gnu/arm/4.9.3/bin/../lib/gcc/arm-none-eabi/4.9.3/../../../../arm-none-eabi/lib/armv7-m\libg_nano.a(lib_a-exit.o)
                              c:/program files (x86)/cypress/psoc creator/3.3/psoc creator/import/gnu/arm/4.9.3/bin/../lib/gcc/arm-none-eabi/4.9.3/../../../../arm-none-eabi/lib/armv7-m/crt0.o (exit)
c:/program files (x86)/cypress/psoc creator/3.3/psoc creator/import/gnu/arm/4.9.3/bin/../lib/gcc/arm-none-eabi/4.9.3/../../../../arm-none-eabi/lib/armv7-m\libg_nano.a(lib_a-impure.o)
                              c:/program files (x86)/cypress/psoc creator/3.3/psoc creator/import/gnu/arm/4.9.3/bin/../lib/gcc/arm-none-eabi/4.9.3/../../../../arm-none-eabi/lib/armv7-m\libg_nano.a(lib_a-exit.o) (_global_impure_ptr)
c:/program files (x86)/cypress/psoc creator/3.3/psoc creator/import/gnu/arm/4.9.3/bin/../lib/gcc/arm-none-eabi/4.9.3/../../../../arm-none-eabi/lib/armv7-m\libg_nano.a(lib_a-init.o)
                              c:/program files (x86)/cypress/psoc creator/3.3/psoc creator/import/gnu/arm/4.9.3/bin/../lib/gcc/arm-none-eabi/4.9.3/../../../../arm-none-eabi/lib/armv7-m/crt0.o (__libc_init_array)
[...]
Memory Configuration

Name             Origin             Length             Attributes
rom              0x00000000         0x00040000         xr
ram              0x1fff8000         0x00010000         xrw
*default*        0x00000000         0xffffffff

Linker script and memory map

LOAD c:/program files (x86)/cypress/psoc creator/3.3/psoc creator/import/gnu/arm/4.9.3/bin/../lib/gcc/arm-none-eabi/4.9.3/armv7-m/crti.o
LOAD c:/program files (x86)/cypress/psoc creator/3.3/psoc creator/import/gnu/arm/4.9.3/bin/../lib/gcc/arm-none-eabi/4.9.3/armv7-m/crtbegin.o
LOAD c:/program files (x86)/cypress/psoc creator/3.3/psoc creator/import/gnu/arm/4.9.3/bin/../lib/gcc/arm-none-eabi/4.9.3/../../../../arm-none-eabi/lib/armv7-m/crt0.o
START GROUP
LOAD .\CortexM3\ARM_GCC_493\Debug\main.o
LOAD .\CortexM3\ARM_GCC_493\Debug\protocolo.o
LOAD .\CortexM3\ARM_GCC_493\Debug\LCD.o
LOAD .\CortexM3\ARM_GCC_493\Debug\I2C.o
LOAD .\CortexM3\ARM_GCC_493\Debug\ibuton.o
LOAD .\CortexM3\ARM_GCC_493\Debug\Print.o
LOAD .\CortexM3\ARM_GCC_493\Debug\cymetadata.o
LOAD .\CortexM3\ARM_GCC_493\Debug\Cm3Start.o
LOAD .\CortexM3\ARM_GCC_493\Debug\PGRP700.a
LOAD C:\Program Files (x86)\Cypress\PSoC Creator\3.3\PSoC Creator\psoc\content\cycomponentlibrary\CyComponentLibrary.cylib\CortexM3\ARM_GCC_493\Debug\CyComponentLibrary.a
END GROUP
START GROUP
LOAD c:/program files (x86)/cypress/psoc creator/3.3/psoc creator/import/gnu/arm/4.9.3/bin/../lib/gcc/arm-none-eabi/4.9.3/armv7-m\libgcc.a
LOAD c:/program files (x86)/cypress/psoc creator/3.3/psoc creator/import/gnu/arm/4.9.3/bin/../lib/gcc/arm-none-eabi/4.9.3/../../../../arm-none-eabi/lib/armv7-m\libg_nano.a
LOAD c:/program files (x86)/cypress/psoc creator/3.3/psoc creator/import/gnu/arm/4.9.3/bin/../lib/gcc/arm-none-eabi/4.9.3/../../../../arm-none-eabi/lib/armv7-m\libc_nano.a
END GROUP
START GROUP
LOAD c:/program files (x86)/cypress/psoc creator/3.3/psoc creator/import/gnu/arm/4.9.3/bin/../lib/gcc/arm-none-eabi/4.9.3/armv7-m\libgcc.a
LOAD c:/program files (x86)/cypress/psoc creator/3.3/psoc creator/import/gnu/arm/4.9.3/bin/../lib/gcc/arm-none-eabi/4.9.3/../../../../arm-none-eabi/lib/armv7-m\libc_nano.a
END GROUP
LOAD c:/program files (x86)/cypress/psoc creator/3.3/psoc creator/import/gnu/arm/4.9.3/bin/../lib/gcc/arm-none-eabi/4.9.3/armv7-m/crtend.o
LOAD c:/program files (x86)/cypress/psoc creator/3.3/psoc creator/import/gnu/arm/4.9.3/bin/../lib/gcc/arm-none-eabi/4.9.3/armv7-m/crtn.o
START GROUP
LOAD c:/program files (x86)/cypress/psoc creator/3.3/psoc creator/import/gnu/arm/4.9.3/bin/../lib/gcc/arm-none-eabi/4.9.3/armv7-m\libgcc.a
LOAD c:/program files (x86)/cypress/psoc creator/3.3/psoc creator/import/gnu/arm/4.9.3/bin/../lib/gcc/arm-none-eabi/4.9.3/../../../../arm-none-eabi/lib/armv7-m\libc.a
LOAD c:/program files (x86)/cypress/psoc creator/3.3/psoc creator/import/gnu/arm/4.9.3/bin/../lib/gcc/arm-none-eabi/4.9.3/../../../../arm-none-eabi/lib/armv7-m\libnosys.a
END GROUP
                0x00000000                CY_APPL_ORIGIN = 0x0
                0x00000100                CY_FLASH_ROW_SIZE = 0x100
                0x00000020                CY_ECC_ROW_SIZE = 0x20
                0x00000000                CY_EE_IN_BTLDR = 0x0
                0x00000000                CY_APPL_LOADABLE = 0x0
                0x00000800                CY_EE_SIZE = 0x800
                0x00000001                CY_APPL_NUM = 0x1
                0x00000001                CY_APPL_MAX = 0x1
                0x00000040                CY_METADATA_SIZE = 0x40
                0x00000000                CY_APPL_LOADABLE = 0x0
                0x00000000                CY_CHECKSUM_EXCLUDE_SIZE = ALIGN (0x0, CY_FLASH_ROW_SIZE)
                0x1fff8b90                PROVIDE (__cy_heap_start, _end)
                0x00000001                PROVIDE (__cy_region_num, ((__cy_regions_end - __cy_regions) / 0x10))
                0x20008000                PROVIDE (__cy_stack, (ORIGIN (ram) + 0x10000))
                0x20007800                PROVIDE (__cy_heap_end, (__cy_stack - 0x800))

.cybootloader   0x00000000        0x0
 *(.cybootloader)
                0x00000000                appl1_start = CY_APPL_ORIGIN?CY_APPL_ORIGIN:ALIGN (CY_FLASH_ROW_SIZE)
                0x0001ff00                appl2_start = (appl1_start + ALIGN ((((0x40000 - appl1_start) - (0x2 * CY_FLASH_ROW_SIZE)) / 0x2), CY_FLASH_ROW_SIZE))
                0x00000000                appl_start = (CY_APPL_NUM == 0x1)?appl1_start:appl2_start
                0x00000000                ecc_offset = ((appl_start / CY_FLASH_ROW_SIZE) * CY_ECC_ROW_SIZE)
                0x00000000                ee_offset = (CY_APPL_LOADABLE && ! (CY_EE_IN_BTLDR))?((CY_EE_SIZE / CY_APPL_MAX) * (CY_APPL_NUM - 0x1)):0x0
                0x00000800                ee_size = (CY_APPL_LOADABLE && ! (CY_EE_IN_BTLDR))?(CY_EE_SIZE / CY_APPL_MAX):CY_EE_SIZE
                0x00000000                PROVIDE (CY_ECC_OFFSET, ecc_offset)

.text           0x00000000    0x1118e
 CREATE_OBJECT_SYMBOLS
                0x00000000                PROVIDE (__cy_interrupt_vector, RomVectors)
 *(.romvectors)
 .romvectors    0x00000000       0x10 .\CortexM3\ARM_GCC_493\Debug\Cm3Start.o
                0x00000000                RomVectors
                0x00000001                ASSERT ((. != __cy_interrupt_vector), No interrupt vector)
                0x00000001                ASSERT (CY_APPL_ORIGIN?(SIZEOF (.cybootloader) <= CY_APPL_ORIGIN):0x1, Wrong image location)
                0x00000010                PROVIDE (__cy_reset, Reset)
 *(.text.Reset)
 .text.Reset    0x00000010       0x18 .\CortexM3\ARM_GCC_493\Debug\Cm3Start.o
                0x00000010                Reset
                0x00000001                ASSERT ((. != __cy_reset), No reset code)
 *(.dma_init)
                0x00000001                ASSERT ((((appl_start + .) <= 0x10000) || 0x1), DMA Init must be within the first 64k of flash)
 *(.text .text.* .gnu.linkonce.t.*)
 .text          0x00000028       0x5c c:/program files (x86)/cypress/psoc creator/3.3/psoc creator/import/gnu/arm/4.9.3/bin/../lib/gcc/arm-none-eabi/4.9.3/armv7-m/crtbegin.o
 .text.init     0x00000084      0x600 .\CortexM3\ARM_GCC_493\Debug\main.o
                0x00000084                init
 .text.init_surt
                0x00000684       0xdc .\CortexM3\ARM_GCC_493\Debug\main.o
                0x00000684                init_surt
 .text.init_pantallas
                0x00000760       0x38 .\CortexM3\ARM_GCC_493\Debug\main.o
                0x00000760                init_pantallas
 .text.polling_pos1
                0x00000798     0x3d18 .\CortexM3\ARM_GCC_493\Debug\main.o
                0x00000798                polling_pos1
 .text.polling_pos2
                0x000044b0     0x16e0 .\CortexM3\ARM_GCC_493\Debug\main.o
                0x000044b0                polling_pos2
 .text.polling_pos3
                0x00005b90     0x1748 .\CortexM3\ARM_GCC_493\Debug\main.o
                0x00005b90                polling_pos3
 .text.polling_pos4
                0x000072d8     0x16e8 .\CortexM3\ARM_GCC_493\Debug\main.o
                0x000072d8                polling_pos4
 .text.main     0x000089c0       0x54 .\CortexM3\ARM_GCC_493\Debug\main.o
                0x000089c0                main
 .text.ver_pos  0x00008a14      0x114 .\CortexM3\ARM_GCC_493\Debug\protocolo.o
                0x00008a14                ver_pos
 .text.get_estado
                0x00008b28       0x28 .\CortexM3\ARM_GCC_493\Debug\protocolo.o
                0x00008b28                get_estado
 .text.estado_ex
                0x00008b50       0xe8 .\CortexM3\ARM_GCC_493\Debug\protocolo.o
                0x00008b50                estado_ex
 .text.venta    0x00008c38      0x1e8 .\CortexM3\ARM_GCC_493\Debug\protocolo.o
                0x00008c38                venta
 .text.get_totales
                0x00008e20     0x32b8 .\CortexM3\ARM_GCC_493\Debug\protocolo.o
                0x00008e20                get_totales
 .text.programar
                0x0000c0d8      0x484 .\CortexM3\ARM_GCC_493\Debug\protocolo.o
                0x0000c0d8                programar
 .text.cambiar_precio
                0x0000c55c      0x2c4 .\CortexM3\ARM_GCC_493\Debug\protocolo.o
                0x0000c55c                cambiar_precio
 .text.set_imagen
                0x0000c820       0x70 .\CortexM3\ARM_GCC_493\Debug\LCD.o
                0x0000c820                set_imagen
 .text.write_LCD
                0x0000c890      0x100 .\CortexM3\ARM_GCC_493\Debug\LCD.o
                0x0000c890                write_LCD
 .text.Hora_LCD
                0x0000c990       0xbc .\CortexM3\ARM_GCC_493\Debug\LCD.o
                0x0000c990                Hora_LCD
 .text.Fecha_LCD
                0x0000ca4c       0xc8 .\CortexM3\ARM_GCC_493\Debug\LCD.o
                0x0000ca4c                Fecha_LCD
 .text.Nombre_LCD
                0x0000cb14      0x104 .\CortexM3\ARM_GCC_493\Debug\LCD.o
                0x0000cb14                Nombre_LCD
 .text.Precio_LCD
                0x0000cc18       0xc4 .\CortexM3\ARM_GCC_493\Debug\LCD.o
                0x0000cc18                Precio_LCD
 .text.Grado_LCD
                0x0000ccdc       0xbc .\CortexM3\ARM_GCC_493\Debug\LCD.o
                0x0000ccdc                Grado_LCD
 .text.direccion_LCD
                0x0000cd98      0x10c .\CortexM3\ARM_GCC_493\Debug\LCD.o
                0x0000cd98                direccion_LCD
 .text.lema1_LCD
                0x0000cea4      0x10c .\CortexM3\ARM_GCC_493\Debug\LCD.o
                0x0000cea4                lema1_LCD
 .text.lema2_LCD
                0x0000cfb0      0x10c .\CortexM3\ARM_GCC_493\Debug\LCD.o
                0x0000cfb0                lema2_LCD
 .text.telefono_LCD
                0x0000d0bc      0x10c .\CortexM3\ARM_GCC_493\Debug\LCD.o
                0x0000d0bc                telefono_LCD
 .text.nit_LCD  0x0000d1c8      0x10c .\CortexM3\ARM_GCC_493\Debug\LCD.o
                0x0000d1c8                nit_LCD
 .text.Cuenta_LCD
                0x0000d2d4      0x104 .\CortexM3\ARM_GCC_493\Debug\LCD.o
                0x0000d2d4                Cuenta_LCD
 .text.Placa_LCD
                0x0000d3d8      0x108 .\CortexM3\ARM_GCC_493\Debug\LCD.o
                0x0000d3d8                Placa_LCD
 .text.writemini_LCD
                0x0000d4e0      0x108 .\CortexM3\ARM_GCC_493\Debug\LCD.o
                0x0000d4e0                writemini_LCD
 .text.leer_hora
                0x0000d5e8       0x60 .\CortexM3\ARM_GCC_493\Debug\I2C.o
                0x0000d5e8                leer_hora
 .text.leer_fecha
                0x0000d648       0x60 .\CortexM3\ARM_GCC_493\Debug\I2C.o
                0x0000d648                leer_fecha
 .text.write_hora
                0x0000d6a8       0x5c .\CortexM3\ARM_GCC_493\Debug\I2C.o
                0x0000d6a8                write_hora
 .text.write_fecha
                0x0000d704       0x64 .\CortexM3\ARM_GCC_493\Debug\I2C.o
                0x0000d704                write_fecha
 .text.write_eeprom
                0x0000d768       0x7c .\CortexM3\ARM_GCC_493\Debug\I2C.o
                0x0000d768                write_eeprom
 .text.leer_eeprom
                0x0000d7e4       0x94 .\CortexM3\ARM_GCC_493\Debug\I2C.o
                0x0000d7e4                leer_eeprom
 .text.write_psoc1
                0x0000d878       0x48 .\CortexM3\ARM_GCC_493\Debug\I2C.o
                0x0000d878                write_psoc1
 .text.touch_present
                0x0000d8c0       0xc8 .\CortexM3\ARM_GCC_493\Debug\ibuton.o
                0x0000d8c0                touch_present
 .text.touch_write
                0x0000d988       0xd4 .\CortexM3\ARM_GCC_493\Debug\ibuton.o
                0x0000d988                touch_write
 .text.touch_read_byte
                0x0000da5c       0x78 .\CortexM3\ARM_GCC_493\Debug\ibuton.o
                0x0000da5c                touch_read_byte
 .text.read_memory_ibutton
                0x0000dad4      0x298 .\CortexM3\ARM_GCC_493\Debug\ibuton.o
                0x0000dad4                read_memory_ibutton
 .text.touch_write_memoria
                0x0000dd6c      0x30c .\CortexM3\ARM_GCC_493\Debug\ibuton.o
                0x0000dd6c                touch_write_memoria
 .text.crc_check
                0x0000e078       0x20 .\CortexM3\ARM_GCC_493\Debug\ibuton.o
                0x0000e078                crc_check
 .text.operacion
                0x0000e098      0x128 .\CortexM3\ARM_GCC_493\Debug\Print.o
                0x0000e098                operacion
 .text.print_logo_k
                0x0000e1c0      0x234 .\CortexM3\ARM_GCC_493\Debug\Print.o
                0x0000e1c0                print_logo_k
 .text.print_logo_p
                0x0000e3f4      0x224 .\CortexM3\ARM_GCC_493\Debug\Print.o
                0x0000e3f4                print_logo_p
 .text.print_totales
                0x0000e618      0x110 .\CortexM3\ARM_GCC_493\Debug\Print.o
                0x0000e618                print_totales
 .text.print_totalesac
                0x0000e728      0x114 .\CortexM3\ARM_GCC_493\Debug\Print.o
                0x0000e728                print_totalesac
 .text.print_valor
                0x0000e83c       0x50 .\CortexM3\ARM_GCC_493\Debug\Print.o
                0x0000e83c                print_valor
 .text.imprimir
                0x0000e88c     0x1020 .\CortexM3\ARM_GCC_493\Debug\Print.o
                0x0000e88c                imprimir
 .text.imprimir_corte
                0x0000f8ac      0x75c .\CortexM3\ARM_GCC_493\Debug\Print.o
                0x0000f8ac                imprimir_corte
 .text.IntDefaultHandler
                0x00010008        0x4 .\CortexM3\ARM_GCC_493\Debug\Cm3Start.o
                0x00010008                IntDefaultHandler
 .text.Start_c  0x0001000c       0x4c .\CortexM3\ARM_GCC_493\Debug\Cm3Start.o
                0x0001000c                Start_c
 .text.initialize_psoc
                0x00010058       0x74 .\CortexM3\ARM_GCC_493\Debug\Cm3Start.o
                0x00010058                initialize_psoc
 .text.CyClockStartupError
                0x000100cc        0x4 .\CortexM3\ARM_GCC_493\Debug\PGRP700.a(cyfitter_cfg.o)
 .text.cfg_write_bytes32
                0x000100d0       0x34 .\CortexM3\ARM_GCC_493\Debug\PGRP700.a(cyfitter_cfg.o)
 .text.AnalogSetDefault
                0x00010104       0x28 .\CortexM3\ARM_GCC_493\Debug\PGRP700.a(cyfitter_cfg.o)
 .text.CYMEMZERO
                0x0001012c        0xc .\CortexM3\ARM_GCC_493\Debug\PGRP700.a(cyfitter_cfg.o)
 .text.ClockSetup
                0x00010138       0xe0 .\CortexM3\ARM_GCC_493\Debug\PGRP700.a(cyfitter_cfg.o)
 .text.CYCONFIGCPY
                0x00010218        0x8 .\CortexM3\ARM_GCC_493\Debug\PGRP700.a(cyfitter_cfg.o)
 .text.cyfitter_cfg
                0x00010220      0x144 .\CortexM3\ARM_GCC_493\Debug\PGRP700.a(cyfitter_cfg.o)
                0x00010220                cyfitter_cfg
 .text.Surtidor_Init
                0x00010364       0x3c .\CortexM3\ARM_GCC_493\Debug\PGRP700.a(Surtidor.o)
                0x00010364                Surtidor_Init
 .text.Surtidor_Enable
                0x000103a0       0x3c .\CortexM3\ARM_GCC_493\Debug\PGRP700.a(Surtidor.o)
                0x000103a0                Surtidor_Enable
 .text.Surtidor_Start
                0x000103dc       0x1c .\CortexM3\ARM_GCC_493\Debug\PGRP700.a(Surtidor.o)
                0x000103dc                Surtidor_Start
 .text.Surtidor_EnableRxInt
                0x000103f8        0xc .\CortexM3\ARM_GCC_493\Debug\PGRP700.a(Surtidor.o)
                0x000103f8                Surtidor_EnableRxInt
 .text.Surtidor_DisableRxInt
                0x00010404        0xc .\CortexM3\ARM_GCC_493\Debug\PGRP700.a(Surtidor.o)
                0x00010404                Surtidor_DisableRxInt
 .text.Surtidor_ReadRxData
                0x00010410       0x5c .\CortexM3\ARM_GCC_493\Debug\PGRP700.a(Surtidor.o)
                0x00010410                Surtidor_ReadRxData
 .text.Surtidor_GetRxBufferSize
                0x0001046c       0x60 .\CortexM3\ARM_GCC_493\Debug\PGRP700.a(Surtidor.o)
                0x0001046c                Surtidor_GetRxBufferSize
 .text.Surtidor_ClearRxBuffer
                0x000104cc       0x3c .\CortexM3\ARM_GCC_493\Debug\PGRP700.a(Surtidor.o)
                0x000104cc                Surtidor_ClearRxBuffer
 .text.Surtidor_PutChar
                0x00010508       0x18 .\CortexM3\ARM_GCC_493\Debug\PGRP700.a(Surtidor.o)
                0x00010508                Surtidor_PutChar
 .text.Surtidor_RXISR
                0x00010520       0x80 .\CortexM3\ARM_GCC_493\Debug\PGRP700.a(Surtidor_INT.o)
                0x00010520                Surtidor_RXISR
 .text.Impresora_Init
                0x000105a0       0x3c .\CortexM3\ARM_GCC_493\Debug\PGRP700.a(Impresora.o)
                0x000105a0                Impresora_Init
 .text.Impresora_Enable
                0x000105dc       0x44 .\CortexM3\ARM_GCC_493\Debug\PGRP700.a(Impresora.o)
                0x000105dc                Impresora_Enable
 .text.Impresora_Start
                0x00010620       0x1c .\CortexM3\ARM_GCC_493\Debug\PGRP700.a(Impresora.o)
                0x00010620                Impresora_Start
 .text.Impresora_RXISR
                0x0001063c       0x80 .\CortexM3\ARM_GCC_493\Debug\PGRP700.a(Impresora_INT.o)
                0x0001063c                Impresora_RXISR
 .text.LCD_1_Init
                0x000106bc       0x3c .\CortexM3\ARM_GCC_493\Debug\PGRP700.a(LCD_1.o)
                0x000106bc                LCD_1_Init
 .text.LCD_1_Enable
                0x000106f8       0x44 .\CortexM3\ARM_GCC_493\Debug\PGRP700.a(LCD_1.o)
                0x000106f8                LCD_1_Enable
 .text.LCD_1_Start
                0x0001073c       0x1c .\CortexM3\ARM_GCC_493\Debug\PGRP700.a(LCD_1.o)
                0x0001073c                LCD_1_Start
 .text.LCD_1_EnableRxInt
                0x00010758        0xc .\CortexM3\ARM_GCC_493\Debug\PGRP700.a(LCD_1.o)
                0x00010758                LCD_1_EnableRxInt
 .text.LCD_1_DisableRxInt
                0x00010764        0xc .\CortexM3\ARM_GCC_493\Debug\PGRP700.a(LCD_1.o)
                0x00010764                LCD_1_DisableRxInt
 .text.LCD_1_GetRxBufferSize
                0x00010770       0x54 .\CortexM3\ARM_GCC_493\Debug\PGRP700.a(LCD_1.o)
                0x00010770                LCD_1_GetRxBufferSize
 .text.LCD_1_ClearRxBuffer
                0x000107c4       0x3c .\CortexM3\ARM_GCC_493\Debug\PGRP700.a(LCD_1.o)
                0x000107c4                LCD_1_ClearRxBuffer
 .text.LCD_1_PutChar
                0x00010800       0x18 .\CortexM3\ARM_GCC_493\Debug\PGRP700.a(LCD_1.o)
                0x00010800                LCD_1_PutChar
 .text.LCD_1_RXISR
                0x00010818       0x80 .\CortexM3\ARM_GCC_493\Debug\PGRP700.a(LCD_1_INT.o)
                0x00010818                LCD_1_RXISR
 .text.LCD_2_Init
                0x00010898       0x40 .\CortexM3\ARM_GCC_493\Debug\PGRP700.a(LCD_2.o)
                0x00010898                LCD_2_Init
 .text.LCD_2_Enable
                0x000108d8       0x48 .\CortexM3\ARM_GCC_493\Debug\PGRP700.a(LCD_2.o)
                0x000108d8                LCD_2_Enable
 .text.LCD_2_Start
                0x00010920       0x1c .\CortexM3\ARM_GCC_493\Debug\PGRP700.a(LCD_2.o)
                0x00010920                LCD_2_Start
 .text.LCD_2_EnableRxInt
                0x0001093c        0xc .\CortexM3\ARM_GCC_493\Debug\PGRP700.a(LCD_2.o)
                0x0001093c                LCD_2_EnableRxInt
 .text.LCD_2_DisableRxInt
                0x00010948        0xc .\CortexM3\ARM_GCC_493\Debug\PGRP700.a(LCD_2.o)
                0x00010948                LCD_2_DisableRxInt
 .text.LCD_2_GetRxBufferSize
                0x00010954       0x54 .\CortexM3\ARM_GCC_493\Debug\PGRP700.a(LCD_2.o)
                0x00010954                LCD_2_GetRxBufferSize
 .text.LCD_2_ClearRxBuffer
                0x000109a8       0x3c .\CortexM3\ARM_GCC_493\Debug\PGRP700.a(LCD_2.o)
                0x000109a8                LCD_2_ClearRxBuffer
 .text.LCD_2_PutChar
                0x000109e4       0x18 .\CortexM3\ARM_GCC_493\Debug\PGRP700.a(LCD_2.o)
                0x000109e4                LCD_2_PutChar
 .text.LCD_2_RXISR
                0x000109fc       0x80 .\CortexM3\ARM_GCC_493\Debug\PGRP700.a(LCD_2_INT.o)
                0x000109fc                LCD_2_RXISR
 .text.Pin_WP_Write
                0x00010a7c       0x18 .\CortexM3\ARM_GCC_493\Debug\PGRP700.a(Pin_WP.o)
                0x00010a7c                Pin_WP_Write
 .text.IB1_Write
                0x00010a94       0x18 .\CortexM3\ARM_GCC_493\Debug\PGRP700.a(IB1.o)
                0x00010a94                IB1_Write
 .text.IB1_Read
                0x00010aac       0x10 .\CortexM3\ARM_GCC_493\Debug\PGRP700.a(IB1.o)
                0x00010aac                IB1_Read
 .text.IB2_Write
                0x00010abc       0x18 .\CortexM3\ARM_GCC_493\Debug\PGRP700.a(IB2.o)
                0x00010abc                IB2_Write
 .text.IB2_Read
                0x00010ad4        0xc .\CortexM3\ARM_GCC_493\Debug\PGRP700.a(IB2.o)
                0x00010ad4                IB2_Read
 .text.I2C_1_Init
                0x00010ae0       0x58 .\CortexM3\ARM_GCC_493\Debug\PGRP700.a(I2C_1.o)
                0x00010ae0                I2C_1_Init
 .text.I2C_1_Enable
                0x00010b38       0x24 .\CortexM3\ARM_GCC_493\Debug\PGRP700.a(I2C_1.o)
                0x00010b38                I2C_1_Enable
 .text.I2C_1_Start
                0x00010b5c       0x28 .\CortexM3\ARM_GCC_493\Debug\PGRP700.a(I2C_1.o)
                0x00010b5c                I2C_1_Start
 .text.I2C_1_ISR
                0x00010b84      0x2d0 .\CortexM3\ARM_GCC_493\Debug\PGRP700.a(I2C_1_INT.o)
                0x00010b84                I2C_1_ISR
 .text.I2C_1_MasterSendStart
                0x00010e54       0x80 .\CortexM3\ARM_GCC_493\Debug\PGRP700.a(I2C_1_MASTER.o)
                0x00010e54                I2C_1_MasterSendStart
 .text.I2C_1_MasterSendStop
                0x00010ed4       0x38 .\CortexM3\ARM_GCC_493\Debug\PGRP700.a(I2C_1_MASTER.o)
                0x00010ed4                I2C_1_MasterSendStop
 .text.I2C_1_MasterWriteByte
                0x00010f0c       0x58 .\CortexM3\ARM_GCC_493\Debug\PGRP700.a(I2C_1_MASTER.o)
                0x00010f0c                I2C_1_MasterWriteByte
 .text.I2C_1_MasterReadByte
                0x00010f64       0x58 .\CortexM3\ARM_GCC_493\Debug\PGRP700.a(I2C_1_MASTER.o)
                0x00010f64                I2C_1_MasterReadByte
 .text.I2C_1_MasterClearStatus
                0x00010fbc       0x10 .\CortexM3\ARM_GCC_493\Debug\PGRP700.a(I2C_1_MASTER.o)
                0x00010fbc                I2C_1_MasterClearStatus
 .text.I2C_1_MasterClearReadBuf
                0x00010fcc       0x1c .\CortexM3\ARM_GCC_493\Debug\PGRP700.a(I2C_1_MASTER.o)
                0x00010fcc                I2C_1_MasterClearReadBuf
 .text.I2C_1_MasterClearWriteBuf
                0x00010fe8       0x1c .\CortexM3\ARM_GCC_493\Debug\PGRP700.a(I2C_1_MASTER.o)
                0x00010fe8                I2C_1_MasterClearWriteBuf
 .text.I2C_1_Workaround
                0x00011004        0x4 .\CortexM3\ARM_GCC_493\Debug\PGRP700.a(I2C_1_MASTER.o)
                0x00011004                I2C_1_Workaround
 .text.Impresora_IntClock_Start
                0x00011008       0x1c .\CortexM3\ARM_GCC_493\Debug\PGRP700.a(Impresora_IntClock.o)
                0x00011008                Impresora_IntClock_Start
 .text.LCD_1_IntClock_Start
                0x00011024       0x1c .\CortexM3\ARM_GCC_493\Debug\PGRP700.a(LCD_1_IntClock.o)
                0x00011024                LCD_1_IntClock_Start
 .text.LCD_2_IntClock_Start
                0x00011040       0x1c .\CortexM3\ARM_GCC_493\Debug\PGRP700.a(LCD_2_IntClock.o)
                0x00011040                LCD_2_IntClock_Start
 *fill*         0x0001105c        0x4 
 .text          0x00011060       0x20 .\CortexM3\ARM_GCC_493\Debug\PGRP700.a(CyBootAsmGnu.o)
                0x00011060                CyDelayCycles
                0x00011070                CyEnterCriticalSection
                0x00011078                CyExitCriticalSection
 .text.CyHalt   0x00011080        0x4 .\CortexM3\ARM_GCC_493\Debug\PGRP700.a(CyLib.o)
                0x00011080                CyHalt
 .text.CyDelay  0x00011084       0x2c .\CortexM3\ARM_GCC_493\Debug\PGRP700.a(CyLib.o)
                0x00011084                CyDelay
 .text.CyDelayUs
                0x000110b0       0x14 .\CortexM3\ARM_GCC_493\Debug\PGRP700.a(CyLib.o)
                0x000110b0                CyDelayUs
 .text.CyIntSetVector
                0x000110c4       0x28 .\CortexM3\ARM_GCC_493\Debug\PGRP700.a(CyLib.o)
                0x000110c4                CyIntSetVector
 .text.CyIntSetPriority
                0x000110ec       0x30 .\CortexM3\ARM_GCC_493\Debug\PGRP700.a(CyLib.o)
                0x000110ec                CyIntSetPriority
 .text.__libc_init_array
                0x0001111c       0x4c c:/program files (x86)/cypress/psoc creator/3.3/psoc creator/import/gnu/arm/4.9.3/bin/../lib/gcc/arm-none-eabi/4.9.3/../../../../arm-none-eabi/lib/armv7-m\libg_nano.a(lib_a-init.o)
                0x0001111c                __libc_init_array
 .text.memcpy   0x00011168       0x16 c:/program files (x86)/cypress/psoc creator/3.3/psoc creator/import/gnu/arm/4.9.3/bin/../lib/gcc/arm-none-eabi/4.9.3/../../../../arm-none-eabi/lib/armv7-m\libg_nano.a(lib_a-memcpy.o)
                0x00011168                memcpy
 .text.memset   0x0001117e       0x10 c:/program files (x86)/cypress/psoc creator/3.3/psoc creator/import/gnu/arm/4.9.3/bin/../lib/gcc/arm-none-eabi/4.9.3/../../../../arm-none-eabi/lib/armv7-m\libg_nano.a(lib_a-memset.o)
                0x0001117e                memset
 *(.plt)
 *(.gnu.warning)
 *(.glue_7t)
 .glue_7t       0x00000000        0x0 linker stubs
 *(.glue_7)
 .glue_7        0x00000000        0x0 linker stubs
 *(.vfp11_veneer)
 .vfp11_veneer  0x00000000        0x0 linker stubs
 *(.bootloader)
 *(.ARM.extab* .gnu.linkonce.armextab.*)
 *(.gcc_except_table)

.v4_bx          0x00011190        0x0
 .v4_bx         0x00000000        0x0 linker stubs

.iplt           0x00011190        0x0
 .iplt          0x00000000        0x0 c:/program files (x86)/cypress/psoc creator/3.3/psoc creator/import/gnu/arm/4.9.3/bin/../lib/gcc/arm-none-eabi/4.9.3/armv7-m/crtbegin.o

.eh_frame_hdr
 *(.eh_frame_hdr)

.eh_frame       0x00011190        0x4
 *(.eh_frame)
 .eh_frame      0x00011190        0x0 c:/program files (x86)/cypress/psoc creator/3.3/psoc creator/import/gnu/arm/4.9.3/bin/../lib/gcc/arm-none-eabi/4.9.3/armv7-m/crtbegin.o
 .eh_frame      0x00011190        0x4 c:/program files (x86)/cypress/psoc creator/3.3/psoc creator/import/gnu/arm/4.9.3/bin/../lib/gcc/arm-none-eabi/4.9.3/armv7-m/crtend.o
                0x00011194                PROVIDE (__exidx_start, .)

.ARM.exidx
 *(.ARM.exidx* .gnu.linkonce.armexidx.*)
                0x00011194                __exidx_end = .

.rodata         0x00011194     0x84ec
 *(.rodata .rodata.* .gnu.linkonce.r.*)
 .rodata        0x00011194        0xc .\CortexM3\ARM_GCC_493\Debug\protocolo.o
 .rodata        0x000111a0      0x100 .\CortexM3\ARM_GCC_493\Debug\LCD.o
 .rodata        0x000112a0     0x8370 .\CortexM3\ARM_GCC_493\Debug\Print.o
                0x000112ac                biomax
                0x00011894                brio
                0x00011e7c                cencosud
                0x00012464                ecospetrol
                0x00012a4c                esso
                0x00013034                exito
                0x000133e8                National
                0x000139d0                mineroil
                0x00013d84                mobil
                0x00014138                petrobras
                0x00014720                plus
                0x00014a14                terpel
                0x00014ffc                texaco
                0x000155e4                zeus
                0x000158d8                petromil
                0x00015ec0                biomax1
                0x00016270                brio1
                0x00016620                cencosud1
                0x000169d0                ecospetrol1
                0x00016d80                esso1
                0x00017130                National1
                0x000174e0                mineroil1
                0x00017890                mobil1
                0x00017c40                petrobras1
                0x00017ff0                plus1
                0x000183a0                terpel1
                0x00018750                texaco1
                0x00018b00                zeus1
                0x00018eb0                petromil1
                0x00019260                exito1
 .rodata        0x00019610       0x3c .\CortexM3\ARM_GCC_493\Debug\PGRP700.a(cyfitter_cfg.o)
                0x0001964c                . = ALIGN (0x4)
 *(.init)
 .init          0x0001964c        0x4 c:/program files (x86)/cypress/psoc creator/3.3/psoc creator/import/gnu/arm/4.9.3/bin/../lib/gcc/arm-none-eabi/4.9.3/armv7-m/crti.o
                0x0001964c                _init
 .init          0x00019650        0x8 c:/program files (x86)/cypress/psoc creator/3.3/psoc creator/import/gnu/arm/4.9.3/bin/../lib/gcc/arm-none-eabi/4.9.3/armv7-m/crtn.o
                0x00019658                . = ALIGN (0x4)
                0x00019658                __preinit_array_start = .
 *(.preinit_array)
                0x00019658                __preinit_array_end = .
                0x00019658                . = ALIGN (0x4)
                0x00019658                __init_array_start = .
 *(SORT(.init_array.*))
 *(.init_array)
 .init_array    0x00019658        0x4 c:/program files (x86)/cypress/psoc creator/3.3/psoc creator/import/gnu/arm/4.9.3/bin/../lib/gcc/arm-none-eabi/4.9.3/armv7-m/crtbegin.o
 .init_array    0x0001965c        0x4 .\CortexM3\ARM_GCC_493\Debug\Cm3Start.o
                0x00019660                __init_array_end = .
                0x00019660                . = ALIGN (0x4)
 *(.fini)
 .fini          0x00019660        0x4 c:/program files (x86)/cypress/psoc creator/3.3/psoc creator/import/gnu/arm/4.9.3/bin/../lib/gcc/arm-none-eabi/4.9.3/armv7-m/crti.o
                0x00019660                _fini
 .fini          0x00019664        0x8 c:/program files (x86)/cypress/psoc creator/3.3/psoc creator/import/gnu/arm/4.9.3/bin/../lib/gcc/arm-none-eabi/4.9.3/armv7-m/crtn.o
                0x0001966c                . = ALIGN (0x4)
                0x0001966c                __fini_array_start = .
 *(.fini_array)
 .fini_array    0x0001966c        0x4 c:/program files (x86)/cypress/psoc creator/3.3/psoc creator/import/gnu/arm/4.9.3/bin/../lib/gcc/arm-none-eabi/4.9.3/armv7-m/crtbegin.o
 *(SORT(.fini_array.*))
                0x00019670                __fini_array_end = .
                0x00019670                . = ALIGN (0x4)
 *crtbegin.o(.ctors)
 *(EXCLUDE_FILE(*crtend.o) .ctors)
 *(SORT(.ctors.*))
 *crtend.o(.ctors)
                0x00019670                . = ALIGN (0x4)
 *crtbegin.o(.dtors)
 *(EXCLUDE_FILE(*crtend.o) .dtors)
 *(SORT(.dtors.*))
 *crtend.o(.dtors)
                0x00019670                . = ALIGN (0x4)
                0x00019670                __cy_regions = .
                0x00019670        0x4 LONG 0x19680 __cy_region_init_ram
                0x00019674        0x4 LONG 0x1fff8108 __cy_region_start_data
                0x00019678        0x4 LONG 0x1e8 __cy_region_init_size_ram
                0x0001967c        0x4 LONG 0x8a0 __cy_region_zero_size_ram
                0x00019680                __cy_regions_end = .
                0x00019680                . = ALIGN (0x8)
                0x00019680                _etext = .

.cy_checksum_exclude
                0x00019680        0x0
 *(.cy_checksum_exclude)

.ramvectors     0x1fff8000      0x100
                0x1fff8000                __cy_region_start_ram = .
 *(.ramvectors)
 .ramvectors    0x1fff8000      0x100 .\CortexM3\ARM_GCC_493\Debug\Cm3Start.o
                0x1fff8000                CyRamVectors

.noinit         0x1fff8100        0x5
 *(.noinit)
 .noinit        0x1fff8100        0x4 .\CortexM3\ARM_GCC_493\Debug\Cm3Start.o
 .noinit        0x1fff8104        0x1 .\CortexM3\ARM_GCC_493\Debug\PGRP700.a(CyLib.o)
                0x1fff8104                CyResetStatus

.data           0x1fff8108      0x1e8 load address 0x00019680
                0x1fff8108                __cy_region_start_data = .
 *(.jcr)
 .jcr           0x1fff8108        0x0 c:/program files (x86)/cypress/psoc creator/3.3/psoc creator/import/gnu/arm/4.9.3/bin/../lib/gcc/arm-none-eabi/4.9.3/armv7-m/crtbegin.o
 .jcr           0x1fff8108        0x4 c:/program files (x86)/cypress/psoc creator/3.3/psoc creator/import/gnu/arm/4.9.3/bin/../lib/gcc/arm-none-eabi/4.9.3/armv7-m/crtend.o
 *(.got.plt)
 *(.got)
 *(.shdata)
 *(.data .data.* .gnu.linkonce.d.*)
 .data          0x1fff810c       0x54 .\CortexM3\ARM_GCC_493\Debug\main.o
                0x1fff810c                pasword_corte
                0x1fff8114                letras
                0x1fff8130                puk
                0x1fff8138                test
                0x1fff814c                serial
 .data          0x1fff8160       0x50 .\CortexM3\ARM_GCC_493\Debug\protocolo.o
                0x1fff8160                msn_tc
                0x1fff8168                msn_lecact
                0x1fff8178                msn_lecaan
                0x1fff818c                msn_tventas
                0x1fff81a0                msn_totalcero
 .data          0x1fff81b0      0x12c .\CortexM3\ARM_GCC_493\Debug\Print.o
                0x1fff81b0                msn_din
                0x1fff81c0                msn_vol
                0x1fff81d0                msn_eds
                0x1fff81e4                msn_nit
                0x1fff81e8                msn_tel
                0x1fff81ec                msn_numero
                0x1fff81f4                msn_fecha
                0x1fff81fc                msn_hora
                0x1fff8204                msn_copia
                0x1fff820c                msn_pos
                0x1fff8218                msn_producto
                0x1fff8224                msn_ppu
                0x1fff8234                msn_placa
                0x1fff8240                msn_cuenta
                0x1fff824c                msn_km
                0x1fff8258                msn_id
                0x1fff8264                msn_idcorte
                0x1fff8274                msn_fcorte
                0x1fff8284                msn_hcorte
                0x1fff8294                msn_ufcorte
                0x1fff82ac                msn_uhcorte
                0x1fff82c4                msn_consecutivo
 .data          0x1fff82dc       0x10 .\CortexM3\ARM_GCC_493\Debug\PGRP700.a(CyLib.o)
                0x1fff82dc                cydelay_32k_ms
                0x1fff82e0                cydelay_freq_khz
                0x1fff82e4                cydelay_freq_mhz
                0x1fff82e8                cydelay_freq_hz
                0x1fff82f0                . = ALIGN (0x8)
 *fill*         0x1fff82ec        0x4 
 *(.ram)
                0x1fff82f0                _edata = .

.igot.plt       0x1fff82f0        0x0 load address 0x00019868
 .igot.plt      0x00000000        0x0 c:/program files (x86)/cypress/psoc creator/3.3/psoc creator/import/gnu/arm/4.9.3/bin/../lib/gcc/arm-none-eabi/4.9.3/armv7-m/crtbegin.o

.bss            0x1fff82f0      0x8a0 load address 0x00019868
                0x1fff82f0                PROVIDE (__bss_start__, .)
 *(.shbss)
 *(.bss .bss.* .gnu.linkonce.b.*)
 .bss           0x1fff82f0       0x1c c:/program files (x86)/cypress/psoc creator/3.3/psoc creator/import/gnu/arm/4.9.3/bin/../lib/gcc/arm-none-eabi/4.9.3/armv7-m/crtbegin.o
 .bss           0x1fff830c        0xa .\CortexM3\ARM_GCC_493\Debug\PGRP700.a(Surtidor.o)
                0x1fff830c                Surtidor_initVar
                0x1fff830e                Surtidor_rxBufferRead
                0x1fff8310                Surtidor_rxBufferWrite
                0x1fff8312                Surtidor_rxBufferLoopDetect
                0x1fff8313                Surtidor_rxBufferOverflow
 .bss           0x1fff8316        0x6 .\CortexM3\ARM_GCC_493\Debug\PGRP700.a(Impresora.o)
                0x1fff8316                Impresora_initVar
                0x1fff8317                Impresora_rxBufferRead
                0x1fff8318                Impresora_rxBufferWrite
                0x1fff8319                Impresora_rxBufferLoopDetect
                0x1fff831a                Impresora_rxBufferOverflow
 .bss           0x1fff831c        0x6 .\CortexM3\ARM_GCC_493\Debug\PGRP700.a(LCD_1.o)
                0x1fff831c                LCD_1_initVar
                0x1fff831d                LCD_1_rxBufferRead
                0x1fff831e                LCD_1_rxBufferWrite
                0x1fff831f                LCD_1_rxBufferLoopDetect
                0x1fff8320                LCD_1_rxBufferOverflow
 .bss           0x1fff8322        0x6 .\CortexM3\ARM_GCC_493\Debug\PGRP700.a(LCD_2.o)
                0x1fff8322                LCD_2_initVar
                0x1fff8323                LCD_2_rxBufferRead
                0x1fff8324                LCD_2_rxBufferWrite
                0x1fff8325                LCD_2_rxBufferLoopDetect
                0x1fff8326                LCD_2_rxBufferOverflow
 .bss           0x1fff8328        0x1 .\CortexM3\ARM_GCC_493\Debug\PGRP700.a(I2C_1.o)
                0x1fff8328                I2C_1_initVar
 *(COMMON)
 *fill*         0x1fff8329        0x3 
 COMMON         0x1fff832c      0x6bf .\CortexM3\ARM_GCC_493\Debug\main.o
                0x1fff832c                copia_recibo
                0x1fff832e                flujo_LCD
                0x1fff832f                flujo_pos2
                0x1fff8330                venta_activa4
                0x1fff8331                comas1
                0x1fff8334                b
                0x1fff8338                no_imprime2
                0x1fff833c                Buffer_LCD4
                0x1fff83d4                decimalD
                0x1fff83d8                producto2n
                0x1fff83e4                x
                0x1fff83e8                modulo
                0x1fff8578                grado2
                0x1fff857a                id_corte
                0x1fff857c                flujo_LCD3
                0x1fff857d                venta_activa2
                0x1fff8580                producto1n
                0x1fff858b                no_imprime
                0x1fff858c                versurt
                0x1fff858d                crc_total
                0x1fff8590                producto4n
                0x1fff859c                w
                0x1fff85a0                bandera
                0x1fff85a2                seleccion_pos2
                0x1fff85a3                estado_0
                0x1fff85a4                flujo_LCD2
                0x1fff85a5                flujo_pos3
                0x1fff85a6                estado_lcd2
                0x1fff85a7                flujo_pos
                0x1fff85a8                producto4
                0x1fff85a9                teclas1
                0x1fff85aa                comas2
                0x1fff85ab                producto
                0x1fff85ac                z
                0x1fff85b0                buffer_i2c
                0x1fff85f0                cont1
                0x1fff85f1                teclado2
                0x1fff85f2                flujo_LCD4
                0x1fff85f3                teclado
                0x1fff85f4                c
                0x1fff85f8                Buffer_LCD3
                0x1fff8690                pos_ibutton
                0x1fff8694                id_venta
                0x1fff869a                producto1b
                0x1fff869b                venta_activa3
                0x1fff869c                producto4b
                0x1fff869d                ppux10
                0x1fff869e                estado_lcd1
                0x1fff869f                producto2b
                0x1fff86a0                y
                0x1fff86a4                d
                0x1fff86a8                rventa2
                0x1fff8789                flujo_pos4
                0x1fff878c                tipo_imp
                0x1fff878e                grado4
                0x1fff878f                grado3
                0x1fff8790                a_copias
                0x1fff8794                print1
                0x1fff8796                producto2
                0x1fff8797                grado1
                0x1fff8798                Buffer_LCD1
                0x1fff8830                seleccion_pos
                0x1fff8831                teclas2
                0x1fff8834                print2
                0x1fff8836                producto3b
                0x1fff8838                rventa
                0x1fff891c                fecha_corte
                0x1fff8924                a
                0x1fff8928                venta_activa
                0x1fff8929                imagen
                0x1fff892a                decimalV
                0x1fff892b                producto3
                0x1fff892c                resultado
                0x1fff893c                no_venta
                0x1fff8940                copia_recibo2
                0x1fff8942                nombreproducto
                0x1fff8943                producto1
                0x1fff8944                Buffer_LCD2
                0x1fff89dc                n_copias
                0x1fff89e0                producto3n
 *fill*         0x1fff89eb        0x1 
 COMMON         0x1fff89ec      0x100 .\CortexM3\ARM_GCC_493\Debug\PGRP700.a(Surtidor.o)
                0x1fff89ec                Surtidor_rxBuffer
 COMMON         0x1fff8aec       0x64 .\CortexM3\ARM_GCC_493\Debug\PGRP700.a(Impresora.o)
                0x1fff8aec                Impresora_rxBuffer
 COMMON         0x1fff8b50       0x14 .\CortexM3\ARM_GCC_493\Debug\PGRP700.a(LCD_1.o)
                0x1fff8b50                LCD_1_rxBuffer
 COMMON         0x1fff8b64       0x14 .\CortexM3\ARM_GCC_493\Debug\PGRP700.a(LCD_2.o)
                0x1fff8b64                LCD_2_rxBuffer
 COMMON         0x1fff8b78        0x1 .\CortexM3\ARM_GCC_493\Debug\PGRP700.a(I2C_1.o)
                0x1fff8b78                I2C_1_state
 *fill*         0x1fff8b79        0x3 
 COMMON         0x1fff8b7c       0x11 .\CortexM3\ARM_GCC_493\Debug\PGRP700.a(I2C_1_MASTER.o)
                0x1fff8b7c                I2C_1_mstrWrBufIndex
                0x1fff8b7d                I2C_1_mstrControl
                0x1fff8b7e                I2C_1_mstrStatus
                0x1fff8b7f                I2C_1_mstrWrBufSize
                0x1fff8b80                I2C_1_mstrRdBufIndex
                0x1fff8b84                I2C_1_mstrWrBufPtr
                0x1fff8b88                I2C_1_mstrRdBufPtr
                0x1fff8b8c                I2C_1_mstrRdBufSize
                0x1fff8b90                . = ALIGN (0x8)
 *fill*         0x1fff8b8d        0x3 
 *(.ram.b)
                0x1fff8b90                _end = .
                0x1fff8b90                __end = .
                0x1fff8b90                PROVIDE (end, .)
                0x1fff8b90                PROVIDE (__bss_end__, .)
                0x00019680                __cy_region_init_ram = LOADADDR (.data)
                0x000001e8                __cy_region_init_size_ram = (_edata - ADDR (.data))
                0x000008a0                __cy_region_zero_size_ram = (_end - _edata)

.heap           0x1fff8b90       0x80 load address 0x00019868
                0x1fff8b90                . = _end
                0x1fff8c10                . = (. + 0x80)
 *fill*         0x1fff8b90       0x80 
                0x1fff8c10                __cy_heap_limit = .

.stack          0x20007800      0x800
                0x20007800                __cy_stack_limit = .
                0x20008000                . = (. + 0x800)
 *fill*         0x20007800      0x800 
                0x00000001                ASSERT ((__cy_stack_limit >= __cy_heap_limit), region RAM overflowed with stack)
                0x00000000                cy_checksum_exclude_size = (CY_APPL_LOADABLE == 0x1)?SIZEOF (.cy_checksum_exclude):0x0
                0x00000001                ASSERT ((cy_checksum_exclude_size <= CY_CHECKSUM_EXCLUDE_SIZE), CY_BOOT: Section .cy_checksum_exclude size exceedes specified limit.)

.cyloadermeta
 *(.cyloadermeta)

.cyloadablemeta
 *(.cyloadablemeta)

.cyconfigecc    0x80000000      0xd68
 *(.cyconfigecc)
 .cyconfigecc   0x80000000      0xd68 .\CortexM3\ARM_GCC_493\Debug\cymetadata.o
                0x80000000                cy_meta_configecc

.cycustnvl      0x90000000        0x4
 *(.cycustnvl)
 .cycustnvl     0x90000000        0x4 .\CortexM3\ARM_GCC_493\Debug\cymetadata.o
                0x90000000                cy_meta_custnvl

.cywolatch      0x90100000        0x4
 *(.cywolatch)
 .cywolatch     0x90100000        0x4 .\CortexM3\ARM_GCC_493\Debug\cymetadata.o
                0x90100000                cy_meta_wonvl

.cyeeprom       0x90200000        0x0
 *(.cyeeprom)
                0x00000001                ASSERT ((. <= ((0x90200000 + ee_offset) + ee_size)), .cyeeprom data will not fit in EEPROM)

.cyflashprotect
                0x90400000      0x100
 *(.cyflashprotect)
 .cyflashprotect
                0x90400000      0x100 .\CortexM3\ARM_GCC_493\Debug\cymetadata.o
                0x90400000                cy_meta_flashprotect

.cymeta         0x90500000        0xc
 *(.cymeta)
 .cymeta        0x90500000        0xc .\CortexM3\ARM_GCC_493\Debug\cymetadata.o
                0x90500000                cy_metadata

.rel.dyn        0x00019868        0x0 load address 0x9050000c
 .rel.iplt      0x00000000        0x0 c:/program files (x86)/cypress/psoc creator/3.3/psoc creator/import/gnu/arm/4.9.3/bin/../lib/gcc/arm-none-eabi/4.9.3/armv7-m/crtbegin.o

.stab
 *(.stab)

.stabstr
 *(.stabstr)

.debug
 *(.debug)

.line
 *(.line)

.debug_srcinfo
 *(.debug_srcinfo)

.debug_sfnames
 *(.debug_sfnames)

.debug_aranges  0x00000000      0xeb8
 *(.debug_aranges)
 .debug_aranges
                0x00000000       0x58 .\CortexM3\ARM_GCC_493\Debug\main.o
 .debug_aranges
                0x00000058       0x50 .\CortexM3\ARM_GCC_493\Debug\protocolo.o
 .debug_aranges
                0x000000a8       0x90 .\CortexM3\ARM_GCC_493\Debug\LCD.o
 .debug_aranges
                0x00000138       0x50 .\CortexM3\ARM_GCC_493\Debug\I2C.o
 .debug_aranges
                0x00000188       0x48 .\CortexM3\ARM_GCC_493\Debug\ibuton.o
 .debug_aranges
                0x000001d0       0x58 .\CortexM3\ARM_GCC_493\Debug\Print.o
 .debug_aranges
                0x00000228       0x18 .\CortexM3\ARM_GCC_493\Debug\cymetadata.o
 .debug_aranges
                0x00000240       0x48 .\CortexM3\ARM_GCC_493\Debug\Cm3Start.o
 .debug_aranges
                0x00000288       0x58 .\CortexM3\ARM_GCC_493\Debug\PGRP700.a(cyfitter_cfg.o)
 .debug_aranges
                0x000002e0      0x100 .\CortexM3\ARM_GCC_493\Debug\PGRP700.a(Surtidor.o)
 .debug_aranges
                0x000003e0       0x20 .\CortexM3\ARM_GCC_493\Debug\PGRP700.a(Surtidor_INT.o)
 .debug_aranges
                0x00000400      0x100 .\CortexM3\ARM_GCC_493\Debug\PGRP700.a(Impresora.o)
 .debug_aranges
                0x00000500       0x20 .\CortexM3\ARM_GCC_493\Debug\PGRP700.a(Impresora_INT.o)
 .debug_aranges
                0x00000520      0x100 .\CortexM3\ARM_GCC_493\Debug\PGRP700.a(LCD_1.o)
 .debug_aranges
                0x00000620       0x20 .\CortexM3\ARM_GCC_493\Debug\PGRP700.a(LCD_1_INT.o)
 .debug_aranges
                0x00000640      0x100 .\CortexM3\ARM_GCC_493\Debug\PGRP700.a(LCD_2.o)
 .debug_aranges
                0x00000740       0x20 .\CortexM3\ARM_GCC_493\Debug\PGRP700.a(LCD_2_INT.o)
 .debug_aranges
                0x00000760       0x38 .\CortexM3\ARM_GCC_493\Debug\PGRP700.a(Pin_WP.o)
 .debug_aranges
                0x00000798       0x38 .\CortexM3\ARM_GCC_493\Debug\PGRP700.a(IB1.o)
 .debug_aranges
                0x000007d0       0x38 .\CortexM3\ARM_GCC_493\Debug\PGRP700.a(IB2.o)
 .debug_aranges
                0x00000808       0x38 .\CortexM3\ARM_GCC_493\Debug\PGRP700.a(I2C_1.o)
 .debug_aranges
                0x00000840       0x20 .\CortexM3\ARM_GCC_493\Debug\PGRP700.a(I2C_1_INT.o)
 .debug_aranges
                0x00000860       0x38 .\CortexM3\ARM_GCC_493\Debug\PGRP700.a(I2C_1_PM.o)
 .debug_aranges
                0x00000898       0x88 .\CortexM3\ARM_GCC_493\Debug\PGRP700.a(I2C_1_MASTER.o)
 .debug_aranges
                0x00000920       0x70 .\CortexM3\ARM_GCC_493\Debug\PGRP700.a(Impresora_IntClock.o)
 .debug_aranges
                0x00000990       0x70 .\CortexM3\ARM_GCC_493\Debug\PGRP700.a(LCD_1_IntClock.o)
 .debug_aranges
                0x00000a00       0x70 .\CortexM3\ARM_GCC_493\Debug\PGRP700.a(LCD_2_IntClock.o)
 .debug_aranges
                0x00000a70       0x20 .\CortexM3\ARM_GCC_493\Debug\PGRP700.a(CyBootAsmGnu.o)
 .debug_aranges
                0x00000a90      0x298 .\CortexM3\ARM_GCC_493\Debug\PGRP700.a(CyLib.o)
 .debug_aranges
                0x00000d28       0x98 .\CortexM3\ARM_GCC_493\Debug\PGRP700.a(cyPm.o)
 .debug_aranges
                0x00000dc0       0x80 .\CortexM3\ARM_GCC_493\Debug\PGRP700.a(CyFlash.o)
 .debug_aranges
                0x00000e40       0x78 .\CortexM3\ARM_GCC_493\Debug\PGRP700.a(CySpc.o)

.debug_pubnames
 *(.debug_pubnames)

.debug_info     0x00000000    0x19c3b
 *(.debug_info .gnu.linkonce.wi.*)
 .debug_info    0x00000000     0x8c45 .\CortexM3\ARM_GCC_493\Debug\main.o
 .debug_info    0x00008c45     0x3cae .\CortexM3\ARM_GCC_493\Debug\protocolo.o
 .debug_info    0x0000c8f3     0x14d1 .\CortexM3\ARM_GCC_493\Debug\LCD.o
 .debug_info    0x0000ddc4      0xec3 .\CortexM3\ARM_GCC_493\Debug\I2C.o
 .debug_info    0x0000ec87     0x16b8 .\CortexM3\ARM_GCC_493\Debug\ibuton.o
 .debug_info    0x0001033f     0x2bff .\CortexM3\ARM_GCC_493\Debug\Print.o
 .debug_info    0x00012f3e      0x13f .\CortexM3\ARM_GCC_493\Debug\cymetadata.o
 .debug_info    0x0001307d      0x3a5 .\CortexM3\ARM_GCC_493\Debug\Cm3Start.o
 .debug_info    0x00013422      0x60d .\CortexM3\ARM_GCC_493\Debug\PGRP700.a(cyfitter_cfg.o)
 .debug_info    0x00013a2f      0x78c .\CortexM3\ARM_GCC_493\Debug\PGRP700.a(Surtidor.o)
 .debug_info    0x000141bb      0x13b .\CortexM3\ARM_GCC_493\Debug\PGRP700.a(Surtidor_INT.o)
 .debug_info    0x000142f6      0x7b2 .\CortexM3\ARM_GCC_493\Debug\PGRP700.a(Impresora.o)
 .debug_info    0x00014aa8      0x12a .\CortexM3\ARM_GCC_493\Debug\PGRP700.a(Impresora_INT.o)
 .debug_info    0x00014bd2      0x7b2 .\CortexM3\ARM_GCC_493\Debug\PGRP700.a(LCD_1.o)
 .debug_info    0x00015384      0x12a .\CortexM3\ARM_GCC_493\Debug\PGRP700.a(LCD_1_INT.o)
 .debug_info    0x000154ae      0x7b2 .\CortexM3\ARM_GCC_493\Debug\PGRP700.a(LCD_2.o)
 .debug_info    0x00015c60      0x12a .\CortexM3\ARM_GCC_493\Debug\PGRP700.a(LCD_2_INT.o)
 .debug_info    0x00015d8a      0x11f .\CortexM3\ARM_GCC_493\Debug\PGRP700.a(Pin_WP.o)
 .debug_info    0x00015ea9      0x11f .\CortexM3\ARM_GCC_493\Debug\PGRP700.a(IB1.o)
 .debug_info    0x00015fc8      0x121 .\CortexM3\ARM_GCC_493\Debug\PGRP700.a(IB2.o)
 .debug_info    0x000160e9      0x2d7 .\CortexM3\ARM_GCC_493\Debug\PGRP700.a(I2C_1.o)
 .debug_info    0x000163c0      0x193 .\CortexM3\ARM_GCC_493\Debug\PGRP700.a(I2C_1_INT.o)
 .debug_info    0x00016553      0x1f2 .\CortexM3\ARM_GCC_493\Debug\PGRP700.a(I2C_1_PM.o)
 .debug_info    0x00016745      0x412 .\CortexM3\ARM_GCC_493\Debug\PGRP700.a(I2C_1_MASTER.o)
 .debug_info    0x00016b57      0x283 .\CortexM3\ARM_GCC_493\Debug\PGRP700.a(Impresora_IntClock.o)
 .debug_info    0x00016dda      0x283 .\CortexM3\ARM_GCC_493\Debug\PGRP700.a(LCD_1_IntClock.o)
 .debug_info    0x0001705d      0x283 .\CortexM3\ARM_GCC_493\Debug\PGRP700.a(LCD_2_IntClock.o)
 .debug_info    0x000172e0       0x98 .\CortexM3\ARM_GCC_493\Debug\PGRP700.a(CyBootAsmGnu.o)
 .debug_info    0x00017378     0x1371 .\CortexM3\ARM_GCC_493\Debug\PGRP700.a(CyLib.o)
 .debug_info    0x000186e9      0xa58 .\CortexM3\ARM_GCC_493\Debug\PGRP700.a(cyPm.o)
 .debug_info    0x00019141      0x60a .\CortexM3\ARM_GCC_493\Debug\PGRP700.a(CyFlash.o)
 .debug_info    0x0001974b      0x4f0 .\CortexM3\ARM_GCC_493\Debug\PGRP700.a(CySpc.o)

.debug_abbrev   0x00000000     0x2c00
 *(.debug_abbrev)
 .debug_abbrev  0x00000000      0x1cc .\CortexM3\ARM_GCC_493\Debug\main.o
 .debug_abbrev  0x000001cc      0x227 .\CortexM3\ARM_GCC_493\Debug\protocolo.o
 .debug_abbrev  0x000003f3      0x1b6 .\CortexM3\ARM_GCC_493\Debug\LCD.o
 .debug_abbrev  0x000005a9      0x221 .\CortexM3\ARM_GCC_493\Debug\I2C.o
 .debug_abbrev  0x000007ca      0x201 .\CortexM3\ARM_GCC_493\Debug\ibuton.o
 .debug_abbrev  0x000009cb      0x216 .\CortexM3\ARM_GCC_493\Debug\Print.o
 .debug_abbrev  0x00000be1       0x77 .\CortexM3\ARM_GCC_493\Debug\cymetadata.o
 .debug_abbrev  0x00000c58      0x20f .\CortexM3\ARM_GCC_493\Debug\Cm3Start.o
 .debug_abbrev  0x00000e67      0x212 .\CortexM3\ARM_GCC_493\Debug\PGRP700.a(cyfitter_cfg.o)
 .debug_abbrev  0x00001079      0x1d0 .\CortexM3\ARM_GCC_493\Debug\PGRP700.a(Surtidor.o)
 .debug_abbrev  0x00001249       0x8a .\CortexM3\ARM_GCC_493\Debug\PGRP700.a(Surtidor_INT.o)
 .debug_abbrev  0x000012d3      0x1d0 .\CortexM3\ARM_GCC_493\Debug\PGRP700.a(Impresora.o)
 .debug_abbrev  0x000014a3       0x8a .\CortexM3\ARM_GCC_493\Debug\PGRP700.a(Impresora_INT.o)
 .debug_abbrev  0x0000152d      0x1d0 .\CortexM3\ARM_GCC_493\Debug\PGRP700.a(LCD_1.o)
 .debug_abbrev  0x000016fd       0x8a .\CortexM3\ARM_GCC_493\Debug\PGRP700.a(LCD_1_INT.o)
 .debug_abbrev  0x00001787      0x1d0 .\CortexM3\ARM_GCC_493\Debug\PGRP700.a(LCD_2.o)
 .debug_abbrev  0x00001957       0x8a .\CortexM3\ARM_GCC_493\Debug\PGRP700.a(LCD_2_INT.o)
 .debug_abbrev  0x000019e1       0x90 .\CortexM3\ARM_GCC_493\Debug\PGRP700.a(Pin_WP.o)
 .debug_abbrev  0x00001a71       0x90 .\CortexM3\ARM_GCC_493\Debug\PGRP700.a(IB1.o)
 .debug_abbrev  0x00001b01       0x90 .\CortexM3\ARM_GCC_493\Debug\PGRP700.a(IB2.o)
 .debug_abbrev  0x00001b91      0x159 .\CortexM3\ARM_GCC_493\Debug\PGRP700.a(I2C_1.o)
 .debug_abbrev  0x00001cea       0xdb .\CortexM3\ARM_GCC_493\Debug\PGRP700.a(I2C_1_INT.o)
 .debug_abbrev  0x00001dc5      0x12b .\CortexM3\ARM_GCC_493\Debug\PGRP700.a(I2C_1_PM.o)
 .debug_abbrev  0x00001ef0      0x13c .\CortexM3\ARM_GCC_493\Debug\PGRP700.a(I2C_1_MASTER.o)
 .debug_abbrev  0x0000202c      0x139 .\CortexM3\ARM_GCC_493\Debug\PGRP700.a(Impresora_IntClock.o)
 .debug_abbrev  0x00002165      0x139 .\CortexM3\ARM_GCC_493\Debug\PGRP700.a(LCD_1_IntClock.o)
 .debug_abbrev  0x0000229e      0x139 .\CortexM3\ARM_GCC_493\Debug\PGRP700.a(LCD_2_IntClock.o)
 .debug_abbrev  0x000023d7       0x14 .\CortexM3\ARM_GCC_493\Debug\PGRP700.a(CyBootAsmGnu.o)
 .debug_abbrev  0x000023eb      0x296 .\CortexM3\ARM_GCC_493\Debug\PGRP700.a(CyLib.o)
 .debug_abbrev  0x00002681      0x1ed .\CortexM3\ARM_GCC_493\Debug\PGRP700.a(cyPm.o)
 .debug_abbrev  0x0000286e      0x1d1 .\CortexM3\ARM_GCC_493\Debug\PGRP700.a(CyFlash.o)
 .debug_abbrev  0x00002a3f      0x1c1 .\CortexM3\ARM_GCC_493\Debug\PGRP700.a(CySpc.o)

.debug_line     0x00000000     0x78de
 *(.debug_line)
 .debug_line    0x00000000     0x1924 .\CortexM3\ARM_GCC_493\Debug\main.o
 .debug_line    0x00001924     0x169c .\CortexM3\ARM_GCC_493\Debug\protocolo.o
 .debug_line    0x00002fc0      0x67b .\CortexM3\ARM_GCC_493\Debug\LCD.o
 .debug_line    0x0000363b      0x322 .\CortexM3\ARM_GCC_493\Debug\I2C.o
 .debug_line    0x0000395d      0x441 .\CortexM3\ARM_GCC_493\Debug\ibuton.o
 .debug_line    0x00003d9e      0xc80 .\CortexM3\ARM_GCC_493\Debug\Print.o
 .debug_line    0x00004a1e       0x53 .\CortexM3\ARM_GCC_493\Debug\cymetadata.o
 .debug_line    0x00004a71      0x249 .\CortexM3\ARM_GCC_493\Debug\Cm3Start.o
 .debug_line    0x00004cba      0x203 .\CortexM3\ARM_GCC_493\Debug\PGRP700.a(cyfitter_cfg.o)
 .debug_line    0x00004ebd      0x31b .\CortexM3\ARM_GCC_493\Debug\PGRP700.a(Surtidor.o)
 .debug_line    0x000051d8       0x8e .\CortexM3\ARM_GCC_493\Debug\PGRP700.a(Surtidor_INT.o)
 .debug_line    0x00005266      0x334 .\CortexM3\ARM_GCC_493\Debug\PGRP700.a(Impresora.o)
 .debug_line    0x0000559a       0x90 .\CortexM3\ARM_GCC_493\Debug\PGRP700.a(Impresora_INT.o)
 .debug_line    0x0000562a      0x32c .\CortexM3\ARM_GCC_493\Debug\PGRP700.a(LCD_1.o)
 .debug_line    0x00005956       0x88 .\CortexM3\ARM_GCC_493\Debug\PGRP700.a(LCD_1_INT.o)
 .debug_line    0x000059de      0x32c .\CortexM3\ARM_GCC_493\Debug\PGRP700.a(LCD_2.o)
 .debug_line    0x00005d0a       0x88 .\CortexM3\ARM_GCC_493\Debug\PGRP700.a(LCD_2_INT.o)
 .debug_line    0x00005d92       0x95 .\CortexM3\ARM_GCC_493\Debug\PGRP700.a(Pin_WP.o)
 .debug_line    0x00005e27       0x92 .\CortexM3\ARM_GCC_493\Debug\PGRP700.a(IB1.o)
 .debug_line    0x00005eb9       0x92 .\CortexM3\ARM_GCC_493\Debug\PGRP700.a(IB2.o)
 .debug_line    0x00005f4b       0xde .\CortexM3\ARM_GCC_493\Debug\PGRP700.a(I2C_1.o)
 .debug_line    0x00006029      0x12a .\CortexM3\ARM_GCC_493\Debug\PGRP700.a(I2C_1_INT.o)
 .debug_line    0x00006153       0xc4 .\CortexM3\ARM_GCC_493\Debug\PGRP700.a(I2C_1_PM.o)
 .debug_line    0x00006217      0x203 .\CortexM3\ARM_GCC_493\Debug\PGRP700.a(I2C_1_MASTER.o)
 .debug_line    0x0000641a      0x19a .\CortexM3\ARM_GCC_493\Debug\PGRP700.a(Impresora_IntClock.o)
 .debug_line    0x000065b4      0x196 .\CortexM3\ARM_GCC_493\Debug\PGRP700.a(LCD_1_IntClock.o)
 .debug_line    0x0000674a      0x196 .\CortexM3\ARM_GCC_493\Debug\PGRP700.a(LCD_2_IntClock.o)
 .debug_line    0x000068e0       0x68 .\CortexM3\ARM_GCC_493\Debug\PGRP700.a(CyBootAsmGnu.o)
 .debug_line    0x00006948      0x806 .\CortexM3\ARM_GCC_493\Debug\PGRP700.a(CyLib.o)
 .debug_line    0x0000714e      0x366 .\CortexM3\ARM_GCC_493\Debug\PGRP700.a(cyPm.o)
 .debug_line    0x000074b4      0x1ec .\CortexM3\ARM_GCC_493\Debug\PGRP700.a(CyFlash.o)
 .debug_line    0x000076a0      0x23e .\CortexM3\ARM_GCC_493\Debug\PGRP700.a(CySpc.o)

.debug_frame    0x00000000     0x2628
 *(.debug_frame)
 .debug_frame   0x00000000       0xf4 .\CortexM3\ARM_GCC_493\Debug\main.o
 .debug_frame   0x000000f4      0x108 .\CortexM3\ARM_GCC_493\Debug\protocolo.o
 .debug_frame   0x000001fc      0x258 .\CortexM3\ARM_GCC_493\Debug\LCD.o
 .debug_frame   0x00000454       0xfc .\CortexM3\ARM_GCC_493\Debug\I2C.o
 .debug_frame   0x00000550       0xc4 .\CortexM3\ARM_GCC_493\Debug\ibuton.o
 .debug_frame   0x00000614      0x134 .\CortexM3\ARM_GCC_493\Debug\Print.o
 .debug_frame   0x00000748       0xac .\CortexM3\ARM_GCC_493\Debug\Cm3Start.o
 .debug_frame   0x000007f4       0xe4 .\CortexM3\ARM_GCC_493\Debug\PGRP700.a(cyfitter_cfg.o)
 .debug_frame   0x000008d8      0x290 .\CortexM3\ARM_GCC_493\Debug\PGRP700.a(Surtidor.o)
 .debug_frame   0x00000b68       0x20 .\CortexM3\ARM_GCC_493\Debug\PGRP700.a(Surtidor_INT.o)
 .debug_frame   0x00000b88      0x290 .\CortexM3\ARM_GCC_493\Debug\PGRP700.a(Impresora.o)
 .debug_frame   0x00000e18       0x20 .\CortexM3\ARM_GCC_493\Debug\PGRP700.a(Impresora_INT.o)
 .debug_frame   0x00000e38      0x290 .\CortexM3\ARM_GCC_493\Debug\PGRP700.a(LCD_1.o)
 .debug_frame   0x000010c8       0x20 .\CortexM3\ARM_GCC_493\Debug\PGRP700.a(LCD_1_INT.o)
 .debug_frame   0x000010e8      0x290 .\CortexM3\ARM_GCC_493\Debug\PGRP700.a(LCD_2.o)
 .debug_frame   0x00001378       0x20 .\CortexM3\ARM_GCC_493\Debug\PGRP700.a(LCD_2_INT.o)
 .debug_frame   0x00001398       0x50 .\CortexM3\ARM_GCC_493\Debug\PGRP700.a(Pin_WP.o)
 .debug_frame   0x000013e8       0x50 .\CortexM3\ARM_GCC_493\Debug\PGRP700.a(IB1.o)
 .debug_frame   0x00001438       0x50 .\CortexM3\ARM_GCC_493\Debug\PGRP700.a(IB2.o)
 .debug_frame   0x00001488       0x8c .\CortexM3\ARM_GCC_493\Debug\PGRP700.a(I2C_1.o)
 .debug_frame   0x00001514       0x30 .\CortexM3\ARM_GCC_493\Debug\PGRP700.a(I2C_1_INT.o)
 .debug_frame   0x00001544       0x74 .\CortexM3\ARM_GCC_493\Debug\PGRP700.a(I2C_1_PM.o)
 .debug_frame   0x000015b8      0x120 .\CortexM3\ARM_GCC_493\Debug\PGRP700.a(I2C_1_MASTER.o)
 .debug_frame   0x000016d8       0xe0 .\CortexM3\ARM_GCC_493\Debug\PGRP700.a(Impresora_IntClock.o)
 .debug_frame   0x000017b8       0xe0 .\CortexM3\ARM_GCC_493\Debug\PGRP700.a(LCD_1_IntClock.o)
 .debug_frame   0x00001898       0xe0 .\CortexM3\ARM_GCC_493\Debug\PGRP700.a(LCD_2_IntClock.o)
 .debug_frame   0x00001978      0x728 .\CortexM3\ARM_GCC_493\Debug\PGRP700.a(CyLib.o)
 .debug_frame   0x000020a0      0x1f8 .\CortexM3\ARM_GCC_493\Debug\PGRP700.a(cyPm.o)
 .debug_frame   0x00002298      0x174 .\CortexM3\ARM_GCC_493\Debug\PGRP700.a(CyFlash.o)
 .debug_frame   0x0000240c      0x160 .\CortexM3\ARM_GCC_493\Debug\PGRP700.a(CySpc.o)
 .debug_frame   0x0000256c       0x20 c:/program files (x86)/cypress/psoc creator/3.3/psoc creator/import/gnu/arm/4.9.3/bin/../lib/gcc/arm-none-eabi/4.9.3/../../../../arm-none-eabi/lib/armv7-m\libg_nano.a(lib_a-errno.o)
 .debug_frame   0x0000258c       0x28 c:/program files (x86)/cypress/psoc creator/3.3/psoc creator/import/gnu/arm/4.9.3/bin/../lib/gcc/arm-none-eabi/4.9.3/../../../../arm-none-eabi/lib/armv7-m\libg_nano.a(lib_a-exit.o)
 .debug_frame   0x000025b4       0x2c c:/program files (x86)/cypress/psoc creator/3.3/psoc creator/import/gnu/arm/4.9.3/bin/../lib/gcc/arm-none-eabi/4.9.3/../../../../arm-none-eabi/lib/armv7-m\libg_nano.a(lib_a-init.o)
 .debug_frame   0x000025e0       0x28 c:/program files (x86)/cypress/psoc creator/3.3/psoc creator/import/gnu/arm/4.9.3/bin/../lib/gcc/arm-none-eabi/4.9.3/../../../../arm-none-eabi/lib/armv7-m\libg_nano.a(lib_a-memcpy.o)
 .debug_frame   0x00002608       0x20 c:/program files (x86)/cypress/psoc creator/3.3/psoc creator/import/gnu/arm/4.9.3/bin/../lib/gcc/arm-none-eabi/4.9.3/../../../../arm-none-eabi/lib/armv7-m\libg_nano.a(lib_a-memset.o)

.debug_str      0x00000000     0x31c3
 *(.debug_str)
 .debug_str     0x00000000      0x7d4 .\CortexM3\ARM_GCC_493\Debug\main.o
                                0x86b (size before relaxing)
 .debug_str     0x000007d4      0x122 .\CortexM3\ARM_GCC_493\Debug\protocolo.o
                                0x6f1 (size before relaxing)
 .debug_str     0x000008f6       0x1b .\CortexM3\ARM_GCC_493\Debug\LCD.o
                                0x62d (size before relaxing)
 .debug_str     0x00000911       0x8f .\CortexM3\ARM_GCC_493\Debug\I2C.o
                                0x643 (size before relaxing)
 .debug_str     0x000009a0       0x44 .\CortexM3\ARM_GCC_493\Debug\ibuton.o
                                0x612 (size before relaxing)
 .debug_str     0x000009e4      0x222 .\CortexM3\ARM_GCC_493\Debug\Print.o
                                0x809 (size before relaxing)
 .debug_str     0x00000c06       0x77 .\CortexM3\ARM_GCC_493\Debug\cymetadata.o
                                0x1f2 (size before relaxing)
 .debug_str     0x00000c7d      0x160 .\CortexM3\ARM_GCC_493\Debug\Cm3Start.o
                                0x306 (size before relaxing)
 .debug_str     0x00000ddd      0x18b .\CortexM3\ARM_GCC_493\Debug\PGRP700.a(cyfitter_cfg.o)
                                0x340 (size before relaxing)
 .debug_str     0x00000f68      0x37d .\CortexM3\ARM_GCC_493\Debug\PGRP700.a(Surtidor.o)
                                0x5bd (size before relaxing)
 .debug_str     0x000012e5       0x52 .\CortexM3\ARM_GCC_493\Debug\PGRP700.a(Surtidor_INT.o)
                                0x24e (size before relaxing)
 .debug_str     0x00001337      0x35b .\CortexM3\ARM_GCC_493\Debug\PGRP700.a(Impresora.o)
                                0x612 (size before relaxing)
 .debug_str     0x00001692       0x39 .\CortexM3\ARM_GCC_493\Debug\PGRP700.a(Impresora_INT.o)
                                0x24e (size before relaxing)
 .debug_str     0x000016cb      0x280 .\CortexM3\ARM_GCC_493\Debug\PGRP700.a(LCD_1.o)
                                0x57a (size before relaxing)
 .debug_str     0x0000194b       0x31 .\CortexM3\ARM_GCC_493\Debug\PGRP700.a(LCD_1_INT.o)
                                0x232 (size before relaxing)
 .debug_str     0x0000197c      0x280 .\CortexM3\ARM_GCC_493\Debug\PGRP700.a(LCD_2.o)
                                0x57a (size before relaxing)
 .debug_str     0x00001bfc       0x31 .\CortexM3\ARM_GCC_493\Debug\PGRP700.a(LCD_2_INT.o)
                                0x232 (size before relaxing)
 .debug_str     0x00001c2d       0x65 .\CortexM3\ARM_GCC_493\Debug\PGRP700.a(Pin_WP.o)
                                0x1ef (size before relaxing)
 .debug_str     0x00001c92       0x40 .\CortexM3\ARM_GCC_493\Debug\PGRP700.a(IB1.o)
                                0x1e0 (size before relaxing)
 .debug_str     0x00001cd2       0x40 .\CortexM3\ARM_GCC_493\Debug\PGRP700.a(IB2.o)
                                0x1e0 (size before relaxing)
 .debug_str     0x00001d12       0xd3 .\CortexM3\ARM_GCC_493\Debug\PGRP700.a(I2C_1.o)
                                0x300 (size before relaxing)
 .debug_str     0x00001de5       0xe2 .\CortexM3\ARM_GCC_493\Debug\PGRP700.a(I2C_1_INT.o)
                                0x282 (size before relaxing)
 .debug_str     0x00001ec7       0x62 .\CortexM3\ARM_GCC_493\Debug\PGRP700.a(I2C_1_PM.o)
                                0x28e (size before relaxing)
 .debug_str     0x00001f29       0xed .\CortexM3\ARM_GCC_493\Debug\PGRP700.a(I2C_1_MASTER.o)
                                0x3df (size before relaxing)
 .debug_str     0x00002016      0x1b7 .\CortexM3\ARM_GCC_493\Debug\PGRP700.a(Impresora_IntClock.o)
                                0x37a (size before relaxing)
 .debug_str     0x000021cd      0x144 .\CortexM3\ARM_GCC_493\Debug\PGRP700.a(LCD_1_IntClock.o)
                                0x34a (size before relaxing)
 .debug_str     0x00002311      0x144 .\CortexM3\ARM_GCC_493\Debug\PGRP700.a(LCD_2_IntClock.o)
                                0x34a (size before relaxing)
 .debug_str     0x00002455      0x7ce .\CortexM3\ARM_GCC_493\Debug\PGRP700.a(CyLib.o)
                                0xa2b (size before relaxing)
 .debug_str     0x00002c23      0x35b .\CortexM3\ARM_GCC_493\Debug\PGRP700.a(cyPm.o)
                                0x723 (size before relaxing)
 .debug_str     0x00002f7e      0x197 .\CortexM3\ARM_GCC_493\Debug\PGRP700.a(CyFlash.o)
                                0x39d (size before relaxing)
 .debug_str     0x00003115       0xae .\CortexM3\ARM_GCC_493\Debug\PGRP700.a(CySpc.o)
                                0x326 (size before relaxing)

.debug_loc      0x00000000     0x525f
 *(.debug_loc)
 .debug_loc     0x00000000       0x64 .\CortexM3\ARM_GCC_493\Debug\main.o
 .debug_loc     0x00000064      0x78a .\CortexM3\ARM_GCC_493\Debug\protocolo.o
 .debug_loc     0x000007ee      0x3f0 .\CortexM3\ARM_GCC_493\Debug\LCD.o
 .debug_loc     0x00000bde      0x3f1 .\CortexM3\ARM_GCC_493\Debug\I2C.o
 .debug_loc     0x00000fcf      0x6eb .\CortexM3\ARM_GCC_493\Debug\ibuton.o
 .debug_loc     0x000016ba      0xb2a .\CortexM3\ARM_GCC_493\Debug\Print.o
 .debug_loc     0x000021e4      0x144 .\CortexM3\ARM_GCC_493\Debug\Cm3Start.o
 .debug_loc     0x00002328      0x259 .\CortexM3\ARM_GCC_493\Debug\PGRP700.a(cyfitter_cfg.o)
 .debug_loc     0x00002581      0x32f .\CortexM3\ARM_GCC_493\Debug\PGRP700.a(Surtidor.o)
 .debug_loc     0x000028b0       0x3e .\CortexM3\ARM_GCC_493\Debug\PGRP700.a(Surtidor_INT.o)
 .debug_loc     0x000028ee      0x32f .\CortexM3\ARM_GCC_493\Debug\PGRP700.a(Impresora.o)
 .debug_loc     0x00002c1d       0x3e .\CortexM3\ARM_GCC_493\Debug\PGRP700.a(Impresora_INT.o)
 .debug_loc     0x00002c5b      0x32f .\CortexM3\ARM_GCC_493\Debug\PGRP700.a(LCD_1.o)
 .debug_loc     0x00002f8a       0x3e .\CortexM3\ARM_GCC_493\Debug\PGRP700.a(LCD_1_INT.o)
 .debug_loc     0x00002fc8      0x32f .\CortexM3\ARM_GCC_493\Debug\PGRP700.a(LCD_2.o)
 .debug_loc     0x000032f7       0x3e .\CortexM3\ARM_GCC_493\Debug\PGRP700.a(LCD_2_INT.o)
 .debug_loc     0x00003335       0x42 .\CortexM3\ARM_GCC_493\Debug\PGRP700.a(Pin_WP.o)
 .debug_loc     0x00003377       0x42 .\CortexM3\ARM_GCC_493\Debug\PGRP700.a(IB1.o)
 .debug_loc     0x000033b9       0x55 .\CortexM3\ARM_GCC_493\Debug\PGRP700.a(IB2.o)
 .debug_loc     0x0000340e       0x26 .\CortexM3\ARM_GCC_493\Debug\PGRP700.a(I2C_1.o)
 .debug_loc     0x00003434       0x29 .\CortexM3\ARM_GCC_493\Debug\PGRP700.a(I2C_1_INT.o)
 .debug_loc     0x0000345d       0x13 .\CortexM3\ARM_GCC_493\Debug\PGRP700.a(I2C_1_PM.o)
 .debug_loc     0x00003470      0x531 .\CortexM3\ARM_GCC_493\Debug\PGRP700.a(I2C_1_MASTER.o)
 .debug_loc     0x000039a1      0x128 .\CortexM3\ARM_GCC_493\Debug\PGRP700.a(Impresora_IntClock.o)
 .debug_loc     0x00003ac9      0x12c .\CortexM3\ARM_GCC_493\Debug\PGRP700.a(LCD_1_IntClock.o)
 .debug_loc     0x00003bf5      0x128 .\CortexM3\ARM_GCC_493\Debug\PGRP700.a(LCD_2_IntClock.o)
 .debug_loc     0x00003d1d      0xa11 .\CortexM3\ARM_GCC_493\Debug\PGRP700.a(CyLib.o)
 .debug_loc     0x0000472e      0x1e4 .\CortexM3\ARM_GCC_493\Debug\PGRP700.a(cyPm.o)
 .debug_loc     0x00004912      0x300 .\CortexM3\ARM_GCC_493\Debug\PGRP700.a(CyFlash.o)
 .debug_loc     0x00004c12      0x64d .\CortexM3\ARM_GCC_493\Debug\PGRP700.a(CySpc.o)

.debug_macinfo
 *(.debug_macinfo)

.debug_ranges   0x00000000      0xca0
 *(.debug_ranges)
 .debug_ranges  0x00000000       0x48 .\CortexM3\ARM_GCC_493\Debug\main.o
 .debug_ranges  0x00000048       0x40 .\CortexM3\ARM_GCC_493\Debug\protocolo.o
 .debug_ranges  0x00000088       0x80 .\CortexM3\ARM_GCC_493\Debug\LCD.o
 .debug_ranges  0x00000108       0x40 .\CortexM3\ARM_GCC_493\Debug\I2C.o
 .debug_ranges  0x00000148       0x38 .\CortexM3\ARM_GCC_493\Debug\ibuton.o
 .debug_ranges  0x00000180       0x48 .\CortexM3\ARM_GCC_493\Debug\Print.o
 .debug_ranges  0x000001c8       0x38 .\CortexM3\ARM_GCC_493\Debug\Cm3Start.o
 .debug_ranges  0x00000200       0x48 .\CortexM3\ARM_GCC_493\Debug\PGRP700.a(cyfitter_cfg.o)
 .debug_ranges  0x00000248       0xf0 .\CortexM3\ARM_GCC_493\Debug\PGRP700.a(Surtidor.o)
 .debug_ranges  0x00000338       0x10 .\CortexM3\ARM_GCC_493\Debug\PGRP700.a(Surtidor_INT.o)
 .debug_ranges  0x00000348       0xf0 .\CortexM3\ARM_GCC_493\Debug\PGRP700.a(Impresora.o)
 .debug_ranges  0x00000438       0x10 .\CortexM3\ARM_GCC_493\Debug\PGRP700.a(Impresora_INT.o)
 .debug_ranges  0x00000448       0xf0 .\CortexM3\ARM_GCC_493\Debug\PGRP700.a(LCD_1.o)
 .debug_ranges  0x00000538       0x10 .\CortexM3\ARM_GCC_493\Debug\PGRP700.a(LCD_1_INT.o)
 .debug_ranges  0x00000548       0xf0 .\CortexM3\ARM_GCC_493\Debug\PGRP700.a(LCD_2.o)
 .debug_ranges  0x00000638       0x10 .\CortexM3\ARM_GCC_493\Debug\PGRP700.a(LCD_2_INT.o)
 .debug_ranges  0x00000648       0x28 .\CortexM3\ARM_GCC_493\Debug\PGRP700.a(Pin_WP.o)
 .debug_ranges  0x00000670       0x28 .\CortexM3\ARM_GCC_493\Debug\PGRP700.a(IB1.o)
 .debug_ranges  0x00000698       0x28 .\CortexM3\ARM_GCC_493\Debug\PGRP700.a(IB2.o)
 .debug_ranges  0x000006c0       0x28 .\CortexM3\ARM_GCC_493\Debug\PGRP700.a(I2C_1.o)
 .debug_ranges  0x000006e8       0x10 .\CortexM3\ARM_GCC_493\Debug\PGRP700.a(I2C_1_INT.o)
 .debug_ranges  0x000006f8       0x28 .\CortexM3\ARM_GCC_493\Debug\PGRP700.a(I2C_1_PM.o)
 .debug_ranges  0x00000720       0x78 .\CortexM3\ARM_GCC_493\Debug\PGRP700.a(I2C_1_MASTER.o)
 .debug_ranges  0x00000798       0x60 .\CortexM3\ARM_GCC_493\Debug\PGRP700.a(Impresora_IntClock.o)
 .debug_ranges  0x000007f8       0x60 .\CortexM3\ARM_GCC_493\Debug\PGRP700.a(LCD_1_IntClock.o)
 .debug_ranges  0x00000858       0x60 .\CortexM3\ARM_GCC_493\Debug\PGRP700.a(LCD_2_IntClock.o)
 .debug_ranges  0x000008b8      0x288 .\CortexM3\ARM_GCC_493\Debug\PGRP700.a(CyLib.o)
 .debug_ranges  0x00000b40       0x88 .\CortexM3\ARM_GCC_493\Debug\PGRP700.a(cyPm.o)
 .debug_ranges  0x00000bc8       0x70 .\CortexM3\ARM_GCC_493\Debug\PGRP700.a(CyFlash.o)
 .debug_ranges  0x00000c38       0x68 .\CortexM3\ARM_GCC_493\Debug\PGRP700.a(CySpc.o)

.comment        0x00000000       0x70
 .comment       0x00000000       0x70 .\CortexM3\ARM_GCC_493\Debug\main.o
                                 0x71 (size before relaxing)
 .comment       0x00000000       0x71 .\CortexM3\ARM_GCC_493\Debug\protocolo.o
 .comment       0x00000000       0x71 .\CortexM3\ARM_GCC_493\Debug\LCD.o
 .comment       0x00000000       0x71 .\CortexM3\ARM_GCC_493\Debug\I2C.o
 .comment       0x00000000       0x71 .\CortexM3\ARM_GCC_493\Debug\ibuton.o
 .comment       0x00000000       0x71 .\CortexM3\ARM_GCC_493\Debug\Print.o
 .comment       0x00000000       0x71 .\CortexM3\ARM_GCC_493\Debug\cymetadata.o
 .comment       0x00000000       0x71 .\CortexM3\ARM_GCC_493\Debug\Cm3Start.o
 .comment       0x00000000       0x71 .\CortexM3\ARM_GCC_493\Debug\PGRP700.a(cyfitter_cfg.o)
 .comment       0x00000000       0x71 .\CortexM3\ARM_GCC_493\Debug\PGRP700.a(Surtidor.o)
 .comment       0x00000000       0x71 .\CortexM3\ARM_GCC_493\Debug\PGRP700.a(Surtidor_INT.o)
 .comment       0x00000000       0x71 .\CortexM3\ARM_GCC_493\Debug\PGRP700.a(Impresora.o)
 .comment       0x00000000       0x71 .\CortexM3\ARM_GCC_493\Debug\PGRP700.a(Impresora_INT.o)
 .comment       0x00000000       0x71 .\CortexM3\ARM_GCC_493\Debug\PGRP700.a(LCD_1.o)
 .comment       0x00000000       0x71 .\CortexM3\ARM_GCC_493\Debug\PGRP700.a(LCD_1_INT.o)
 .comment       0x00000000       0x71 .\CortexM3\ARM_GCC_493\Debug\PGRP700.a(LCD_2.o)
 .comment       0x00000000       0x71 .\CortexM3\ARM_GCC_493\Debug\PGRP700.a(LCD_2_INT.o)
 .comment       0x00000000       0x71 .\CortexM3\ARM_GCC_493\Debug\PGRP700.a(Pin_WP.o)
 .comment       0x00000000       0x71 .\CortexM3\ARM_GCC_493\Debug\PGRP700.a(IB1.o)
 .comment       0x00000000       0x71 .\CortexM3\ARM_GCC_493\Debug\PGRP700.a(IB2.o)
 .comment       0x00000000       0x71 .\CortexM3\ARM_GCC_493\Debug\PGRP700.a(I2C_1.o)
 .comment       0x00000000       0x71 .\CortexM3\ARM_GCC_493\Debug\PGRP700.a(I2C_1_INT.o)
 .comment       0x00000000       0x71 .\CortexM3\ARM_GCC_493\Debug\PGRP700.a(I2C_1_PM.o)
 .comment       0x00000000       0x71 .\CortexM3\ARM_GCC_493\Debug\PGRP700.a(I2C_1_MASTER.o)
 .comment       0x00000000       0x71 .\CortexM3\ARM_GCC_493\Debug\PGRP700.a(Impresora_IntClock.o)
 .comment       0x00000000       0x71 .\CortexM3\ARM_GCC_493\Debug\PGRP700.a(LCD_1_IntClock.o)
 .comment       0x00000000       0x71 .\CortexM3\ARM_GCC_493\Debug\PGRP700.a(LCD_2_IntClock.o)
 .comment       0x00000000       0x71 .\CortexM3\ARM_GCC_493\Debug\PGRP700.a(CyLib.o)
 .comment       0x00000000       0x71 .\CortexM3\ARM_GCC_493\Debug\PGRP700.a(cyPm.o)
 .comment       0x00000000       0x71 .\CortexM3\ARM_GCC_493\Debug\PGRP700.a(CyFlash.o)
 .comment       0x00000000       0x71 .\CortexM3\ARM_GCC_493\Debug\PGRP700.a(CySpc.o)

.debug_weaknames
 *(.debug_weaknames)

.debug_funcnames
 *(.debug_funcnames)

.debug_typenames
 *(.debug_typenames)

.debug_varnames
 *(.debug_varnames)

.note.gnu.arm.ident
 *(.note.gnu.arm.ident)

.ARM.attributes
                0x00000000       0x29
 *(.ARM.attributes)
 .ARM.attributes
                0x00000000       0x1d c:/program files (x86)/cypress/psoc creator/3.3/psoc creator/import/gnu/arm/4.9.3/bin/../lib/gcc/arm-none-eabi/4.9.3/armv7-m/crti.o
 .ARM.attributes
                0x0000001d       0x2d c:/program files (x86)/cypress/psoc creator/3.3/psoc creator/import/gnu/arm/4.9.3/bin/../lib/gcc/arm-none-eabi/4.9.3/armv7-m/crtbegin.o
 .ARM.attributes
                0x0000004a       0x1b c:/program files (x86)/cypress/psoc creator/3.3/psoc creator/import/gnu/arm/4.9.3/bin/../lib/gcc/arm-none-eabi/4.9.3/../../../../arm-none-eabi/lib/armv7-m/crt0.o
 .ARM.attributes
                0x00000065       0x33 .\CortexM3\ARM_GCC_493\Debug\main.o
 .ARM.attributes
                0x00000098       0x33 .\CortexM3\ARM_GCC_493\Debug\protocolo.o
 .ARM.attributes
                0x000000cb       0x33 .\CortexM3\ARM_GCC_493\Debug\LCD.o
 .ARM.attributes
                0x000000fe       0x33 .\CortexM3\ARM_GCC_493\Debug\I2C.o
 .ARM.attributes
                0x00000131       0x33 .\CortexM3\ARM_GCC_493\Debug\ibuton.o
 .ARM.attributes
                0x00000164       0x33 .\CortexM3\ARM_GCC_493\Debug\Print.o
 .ARM.attributes
                0x00000197       0x33 .\CortexM3\ARM_GCC_493\Debug\cymetadata.o
 .ARM.attributes
                0x000001ca       0x33 .\CortexM3\ARM_GCC_493\Debug\Cm3Start.o
 .ARM.attributes
                0x000001fd       0x33 .\CortexM3\ARM_GCC_493\Debug\PGRP700.a(cyfitter_cfg.o)
 .ARM.attributes
                0x00000230       0x33 .\CortexM3\ARM_GCC_493\Debug\PGRP700.a(Surtidor.o)
 .ARM.attributes
                0x00000263       0x33 .\CortexM3\ARM_GCC_493\Debug\PGRP700.a(Surtidor_INT.o)
 .ARM.attributes
                0x00000296       0x33 .\CortexM3\ARM_GCC_493\Debug\PGRP700.a(Impresora.o)
 .ARM.attributes
                0x000002c9       0x33 .\CortexM3\ARM_GCC_493\Debug\PGRP700.a(Impresora_INT.o)
 .ARM.attributes
                0x000002fc       0x33 .\CortexM3\ARM_GCC_493\Debug\PGRP700.a(LCD_1.o)
 .ARM.attributes
                0x0000032f       0x33 .\CortexM3\ARM_GCC_493\Debug\PGRP700.a(LCD_1_INT.o)
 .ARM.attributes
                0x00000362       0x33 .\CortexM3\ARM_GCC_493\Debug\PGRP700.a(LCD_2.o)
 .ARM.attributes
                0x00000395       0x33 .\CortexM3\ARM_GCC_493\Debug\PGRP700.a(LCD_2_INT.o)
 .ARM.attributes
                0x000003c8       0x33 .\CortexM3\ARM_GCC_493\Debug\PGRP700.a(Pin_WP.o)
 .ARM.attributes
                0x000003fb       0x33 .\CortexM3\ARM_GCC_493\Debug\PGRP700.a(IB1.o)
 .ARM.attributes
                0x0000042e       0x33 .\CortexM3\ARM_GCC_493\Debug\PGRP700.a(IB2.o)
 .ARM.attributes
                0x00000461       0x33 .\CortexM3\ARM_GCC_493\Debug\PGRP700.a(I2C_1.o)
 .ARM.attributes
                0x00000494       0x33 .\CortexM3\ARM_GCC_493\Debug\PGRP700.a(I2C_1_INT.o)
 .ARM.attributes
                0x000004c7       0x33 .\CortexM3\ARM_GCC_493\Debug\PGRP700.a(I2C_1_PM.o)
 .ARM.attributes
                0x000004fa       0x33 .\CortexM3\ARM_GCC_493\Debug\PGRP700.a(I2C_1_MASTER.o)
 .ARM.attributes
                0x0000052d       0x33 .\CortexM3\ARM_GCC_493\Debug\PGRP700.a(Impresora_IntClock.o)
 .ARM.attributes
                0x00000560       0x33 .\CortexM3\ARM_GCC_493\Debug\PGRP700.a(LCD_1_IntClock.o)
 .ARM.attributes
                0x00000593       0x33 .\CortexM3\ARM_GCC_493\Debug\PGRP700.a(LCD_2_IntClock.o)
 .ARM.attributes
                0x000005c6       0x21 .\CortexM3\ARM_GCC_493\Debug\PGRP700.a(CyBootAsmGnu.o)
 .ARM.attributes
                0x000005e7       0x33 .\CortexM3\ARM_GCC_493\Debug\PGRP700.a(CyLib.o)
 .ARM.attributes
                0x0000061a       0x33 .\CortexM3\ARM_GCC_493\Debug\PGRP700.a(cyPm.o)
 .ARM.attributes
                0x0000064d       0x33 .\CortexM3\ARM_GCC_493\Debug\PGRP700.a(CyFlash.o)
 .ARM.attributes
                0x00000680       0x33 .\CortexM3\ARM_GCC_493\Debug\PGRP700.a(CySpc.o)
 .ARM.attributes
                0x000006b3       0x2d c:/program files (x86)/cypress/psoc creator/3.3/psoc creator/import/gnu/arm/4.9.3/bin/../lib/gcc/arm-none-eabi/4.9.3/../../../../arm-none-eabi/lib/armv7-m\libg_nano.a(lib_a-errno.o)
 .ARM.attributes
                0x000006e0       0x2d c:/program files (x86)/cypress/psoc creator/3.3/psoc creator/import/gnu/arm/4.9.3/bin/../lib/gcc/arm-none-eabi/4.9.3/../../../../arm-none-eabi/lib/armv7-m\libg_nano.a(lib_a-exit.o)
 .ARM.attributes
                0x0000070d       0x2d c:/program files (x86)/cypress/psoc creator/3.3/psoc creator/import/gnu/arm/4.9.3/bin/../lib/gcc/arm-none-eabi/4.9.3/../../../../arm-none-eabi/lib/armv7-m\libg_nano.a(lib_a-impure.o)
 .ARM.attributes
                0x0000073a       0x2d c:/program files (x86)/cypress/psoc creator/3.3/psoc creator/import/gnu/arm/4.9.3/bin/../lib/gcc/arm-none-eabi/4.9.3/../../../../arm-none-eabi/lib/armv7-m\libg_nano.a(lib_a-init.o)
 .ARM.attributes
                0x00000767       0x2d c:/program files (x86)/cypress/psoc creator/3.3/psoc creator/import/gnu/arm/4.9.3/bin/../lib/gcc/arm-none-eabi/4.9.3/../../../../arm-none-eabi/lib/armv7-m\libg_nano.a(lib_a-memcpy.o)
 .ARM.attributes
                0x00000794       0x2d c:/program files (x86)/cypress/psoc creator/3.3/psoc creator/import/gnu/arm/4.9.3/bin/../lib/gcc/arm-none-eabi/4.9.3/../../../../arm-none-eabi/lib/armv7-m\libg_nano.a(lib_a-memset.o)
 .ARM.attributes
                0x000007c1       0x2d c:/program files (x86)/cypress/psoc creator/3.3/psoc creator/import/gnu/arm/4.9.3/bin/../lib/gcc/arm-none-eabi/4.9.3/armv7-m/crtend.o
 .ARM.attributes
                0x000007ee       0x1d c:/program files (x86)/cypress/psoc creator/3.3/psoc creator/import/gnu/arm/4.9.3/bin/../lib/gcc/arm-none-eabi/4.9.3/armv7-m/crtn.o

/DISCARD/
 *(.note.GNU-stack)
OUTPUT(.\CortexM3\ARM_GCC_493\Debug\PGRP700.elf elf32-littlearm)
