Archive member included because of file (symbol)

.\CortexM3\ARM_GCC_493\Debug\PGRP700.a(cyfitter_cfg.o)
                              .\CortexM3\ARM_GCC_493\Debug\Cm3Start.o (cyfitter_cfg)
.\CortexM3\ARM_GCC_493\Debug\PGRP700.a(Surtidor.o)
                              .\CortexM3\ARM_GCC_493\Debug\main.o (Surtidor_Start)
.\CortexM3\ARM_GCC_493\Debug\PGRP700.a(Surtidor_INT.o)
                              .\CortexM3\ARM_GCC_493\Debug\PGRP700.a(Surtidor.o) (Surtidor_RXISR)
.\CortexM3\ARM_GCC_493\Debug\PGRP700.a(Impresora.o)
                              .\CortexM3\ARM_GCC_493\Debug\main.o (Impresora_Start)
.\CortexM3\ARM_GCC_493\Debug\PGRP700.a(Impresora_INT.o)
                              .\CortexM3\ARM_GCC_493\Debug\PGRP700.a(Impresora.o) (Impresora_RXISR)
.\CortexM3\ARM_GCC_493\Debug\PGRP700.a(LCD_1.o)
                              .\CortexM3\ARM_GCC_493\Debug\main.o (LCD_1_Start)
.\CortexM3\ARM_GCC_493\Debug\PGRP700.a(LCD_1_INT.o)
                              .\CortexM3\ARM_GCC_493\Debug\PGRP700.a(LCD_1.o) (LCD_1_RXISR)
.\CortexM3\ARM_GCC_493\Debug\PGRP700.a(LCD_2.o)
                              .\CortexM3\ARM_GCC_493\Debug\main.o (LCD_2_Start)
.\CortexM3\ARM_GCC_493\Debug\PGRP700.a(LCD_2_INT.o)
                              .\CortexM3\ARM_GCC_493\Debug\PGRP700.a(LCD_2.o) (LCD_2_RXISR)
.\CortexM3\ARM_GCC_493\Debug\PGRP700.a(Pin_WP.o)
                              .\CortexM3\ARM_GCC_493\Debug\I2C.o (Pin_WP_Write)
.\CortexM3\ARM_GCC_493\Debug\PGRP700.a(IB1.o)
                              .\CortexM3\ARM_GCC_493\Debug\ibuton.o (IB1_Write)
.\CortexM3\ARM_GCC_493\Debug\PGRP700.a(IB2.o)
                              .\CortexM3\ARM_GCC_493\Debug\ibuton.o (IB2_Write)
.\CortexM3\ARM_GCC_493\Debug\PGRP700.a(I2C_1.o)
                              .\CortexM3\ARM_GCC_493\Debug\main.o (I2C_1_Start)
.\CortexM3\ARM_GCC_493\Debug\PGRP700.a(I2C_1_INT.o)
                              .\CortexM3\ARM_GCC_493\Debug\PGRP700.a(I2C_1.o) (I2C_1_ISR)
.\CortexM3\ARM_GCC_493\Debug\PGRP700.a(I2C_1_PM.o)
                              .\CortexM3\ARM_GCC_493\Debug\PGRP700.a(I2C_1.o) (I2C_1_backup)
.\CortexM3\ARM_GCC_493\Debug\PGRP700.a(I2C_1_MASTER.o)
                              .\CortexM3\ARM_GCC_493\Debug\PGRP700.a(I2C_1_INT.o) (I2C_1_mstrStatus)
.\CortexM3\ARM_GCC_493\Debug\PGRP700.a(Impresora_IntClock.o)
                              .\CortexM3\ARM_GCC_493\Debug\PGRP700.a(Impresora.o) (Impresora_IntClock_Start)
.\CortexM3\ARM_GCC_493\Debug\PGRP700.a(LCD_1_IntClock.o)
                              .\CortexM3\ARM_GCC_493\Debug\PGRP700.a(LCD_1.o) (LCD_1_IntClock_Start)
.\CortexM3\ARM_GCC_493\Debug\PGRP700.a(LCD_2_IntClock.o)
                              .\CortexM3\ARM_GCC_493\Debug\PGRP700.a(LCD_2.o) (LCD_2_IntClock_Start)
.\CortexM3\ARM_GCC_493\Debug\PGRP700.a(CyBootAsmGnu.o)
                              .\CortexM3\ARM_GCC_493\Debug\PGRP700.a(cyfitter_cfg.o) (CyDelayCycles)
.\CortexM3\ARM_GCC_493\Debug\PGRP700.a(CyLib.o)
                              .\CortexM3\ARM_GCC_493\Debug\Cm3Start.o (CyHalt)
.\CortexM3\ARM_GCC_493\Debug\PGRP700.a(cyPm.o)
                              .\CortexM3\ARM_GCC_493\Debug\PGRP700.a(CyLib.o) (CyPmReadStatus)
.\CortexM3\ARM_GCC_493\Debug\PGRP700.a(CyFlash.o)
                              .\CortexM3\ARM_GCC_493\Debug\PGRP700.a(cyPm.o) (CyFlash_SetWaitCycles)
.\CortexM3\ARM_GCC_493\Debug\PGRP700.a(CySpc.o)
                              .\CortexM3\ARM_GCC_493\Debug\PGRP700.a(CyFlash.o) (CySpcStart)
c:/program files (x86)/cypress/psoc creator/3.3/psoc creator/import/gnu/arm/4.9.3/bin/../lib/gcc/arm-none-eabi/4.9.3/../../../../arm-none-eabi/lib/armv7-m\libg_nano.a(lib_a-errno.o)
                              .\CortexM3\ARM_GCC_493\Debug\Cm3Start.o (__errno)
c:/program files (x86)/cypress/psoc creator/3.3/psoc creator/import/gnu/arm/4.9.3/bin/../lib/gcc/arm-none-eabi/4.9.3/../../../../arm-none-eabi/lib/armv7-m\libg_nano.a(lib_a-exit.o)
                              c:/program files (x86)/cypress/psoc creator/3.3/psoc creator/import/gnu/arm/4.9.3/bin/../lib/gcc/arm-none-eabi/4.9.3/../../../../arm-none-eabi/lib/armv7-m/crt0.o (exit)
c:/program files (x86)/cypress/psoc creator/3.3/psoc creator/import/gnu/arm/4.9.3/bin/../lib/gcc/arm-none-eabi/4.9.3/../../../../arm-none-eabi/lib/armv7-m\libg_nano.a(lib_a-impure.o)
                              c:/program files (x86)/cypress/psoc creator/3.3/psoc creator/import/gnu/arm/4.9.3/bin/../lib/gcc/arm-none-eabi/4.9.3/../../../../arm-none-eabi/lib/armv7-m\libg_nano.a(lib_a-exit.o) (_global_impure_ptr)
c:/program files (x86)/cypress/psoc creator/3.3/psoc creator/import/gnu/arm/4.9.3/bin/../lib/gcc/arm-none-eabi/4.9.3/../../../../arm-none-eabi/lib/armv7-m\libg_nano.a(lib_a-init.o)
                              c:/program files (x86)/cypress/psoc creator/3.3/psoc creator/import/gnu/arm/4.9.3/bin/../lib/gcc/arm-none-eabi/4.9.3/../../../../arm-none-eabi/lib/armv7-m/crt0.o (__libc_init_array)
[...]
Memory Configuration

Name             Origin             Length             Attributes
rom              0x00000000         0x00040000         xr
ram              0x1fff8000         0x00010000         xrw
*default*        0x00000000         0xffffffff

Linker script and memory map

LOAD c:/program files (x86)/cypress/psoc creator/3.3/psoc creator/import/gnu/arm/4.9.3/bin/../lib/gcc/arm-none-eabi/4.9.3/armv7-m/crti.o
LOAD c:/program files (x86)/cypress/psoc creator/3.3/psoc creator/import/gnu/arm/4.9.3/bin/../lib/gcc/arm-none-eabi/4.9.3/armv7-m/crtbegin.o
LOAD c:/program files (x86)/cypress/psoc creator/3.3/psoc creator/import/gnu/arm/4.9.3/bin/../lib/gcc/arm-none-eabi/4.9.3/../../../../arm-none-eabi/lib/armv7-m/crt0.o
START GROUP
LOAD .\CortexM3\ARM_GCC_493\Debug\main.o
LOAD .\CortexM3\ARM_GCC_493\Debug\protocolo.o
LOAD .\CortexM3\ARM_GCC_493\Debug\LCD.o
LOAD .\CortexM3\ARM_GCC_493\Debug\I2C.o
LOAD .\CortexM3\ARM_GCC_493\Debug\ibuton.o
LOAD .\CortexM3\ARM_GCC_493\Debug\Print.o
LOAD .\CortexM3\ARM_GCC_493\Debug\cymetadata.o
LOAD .\CortexM3\ARM_GCC_493\Debug\Cm3Start.o
LOAD .\CortexM3\ARM_GCC_493\Debug\PGRP700.a
LOAD C:\Program Files (x86)\Cypress\PSoC Creator\3.3\PSoC Creator\psoc\content\cycomponentlibrary\CyComponentLibrary.cylib\CortexM3\ARM_GCC_493\Debug\CyComponentLibrary.a
END GROUP
START GROUP
LOAD c:/program files (x86)/cypress/psoc creator/3.3/psoc creator/import/gnu/arm/4.9.3/bin/../lib/gcc/arm-none-eabi/4.9.3/armv7-m\libgcc.a
LOAD c:/program files (x86)/cypress/psoc creator/3.3/psoc creator/import/gnu/arm/4.9.3/bin/../lib/gcc/arm-none-eabi/4.9.3/../../../../arm-none-eabi/lib/armv7-m\libg_nano.a
LOAD c:/program files (x86)/cypress/psoc creator/3.3/psoc creator/import/gnu/arm/4.9.3/bin/../lib/gcc/arm-none-eabi/4.9.3/../../../../arm-none-eabi/lib/armv7-m\libc_nano.a
END GROUP
START GROUP
LOAD c:/program files (x86)/cypress/psoc creator/3.3/psoc creator/import/gnu/arm/4.9.3/bin/../lib/gcc/arm-none-eabi/4.9.3/armv7-m\libgcc.a
LOAD c:/program files (x86)/cypress/psoc creator/3.3/psoc creator/import/gnu/arm/4.9.3/bin/../lib/gcc/arm-none-eabi/4.9.3/../../../../arm-none-eabi/lib/armv7-m\libc_nano.a
END GROUP
LOAD c:/program files (x86)/cypress/psoc creator/3.3/psoc creator/import/gnu/arm/4.9.3/bin/../lib/gcc/arm-none-eabi/4.9.3/armv7-m/crtend.o
LOAD c:/program files (x86)/cypress/psoc creator/3.3/psoc creator/import/gnu/arm/4.9.3/bin/../lib/gcc/arm-none-eabi/4.9.3/armv7-m/crtn.o
START GROUP
LOAD c:/program files (x86)/cypress/psoc creator/3.3/psoc creator/import/gnu/arm/4.9.3/bin/../lib/gcc/arm-none-eabi/4.9.3/armv7-m\libgcc.a
LOAD c:/program files (x86)/cypress/psoc creator/3.3/psoc creator/import/gnu/arm/4.9.3/bin/../lib/gcc/arm-none-eabi/4.9.3/../../../../arm-none-eabi/lib/armv7-m\libc.a
LOAD c:/program files (x86)/cypress/psoc creator/3.3/psoc creator/import/gnu/arm/4.9.3/bin/../lib/gcc/arm-none-eabi/4.9.3/../../../../arm-none-eabi/lib/armv7-m\libnosys.a
END GROUP
                0x00000000                CY_APPL_ORIGIN = 0x0
                0x00000100                CY_FLASH_ROW_SIZE = 0x100
                0x00000020                CY_ECC_ROW_SIZE = 0x20
                0x00000000                CY_EE_IN_BTLDR = 0x0
                0x00000000                CY_APPL_LOADABLE = 0x0
                0x00000800                CY_EE_SIZE = 0x800
                0x00000001                CY_APPL_NUM = 0x1
                0x00000001                CY_APPL_MAX = 0x1
                0x00000040                CY_METADATA_SIZE = 0x40
                0x00000000                CY_APPL_LOADABLE = 0x0
                0x00000000                CY_CHECKSUM_EXCLUDE_SIZE = ALIGN (0x0, CY_FLASH_ROW_SIZE)
                0x1fff8cb8                PROVIDE (__cy_heap_start, _end)
                0x00000001                PROVIDE (__cy_region_num, ((__cy_regions_end - __cy_regions) / 0x10))
                0x20008000                PROVIDE (__cy_stack, (ORIGIN (ram) + 0x10000))
                0x20007800                PROVIDE (__cy_heap_end, (__cy_stack - 0x800))

.cybootloader   0x00000000        0x0
 *(.cybootloader)
                0x00000000                appl1_start = CY_APPL_ORIGIN?CY_APPL_ORIGIN:ALIGN (CY_FLASH_ROW_SIZE)
                0x0001ff00                appl2_start = (appl1_start + ALIGN ((((0x40000 - appl1_start) - (0x2 * CY_FLASH_ROW_SIZE)) / 0x2), CY_FLASH_ROW_SIZE))
                0x00000000                appl_start = (CY_APPL_NUM == 0x1)?appl1_start:appl2_start
                0x00000000                ecc_offset = ((appl_start / CY_FLASH_ROW_SIZE) * CY_ECC_ROW_SIZE)
                0x00000000                ee_offset = (CY_APPL_LOADABLE && ! (CY_EE_IN_BTLDR))?((CY_EE_SIZE / CY_APPL_MAX) * (CY_APPL_NUM - 0x1)):0x0
                0x00000800                ee_size = (CY_APPL_LOADABLE && ! (CY_EE_IN_BTLDR))?(CY_EE_SIZE / CY_APPL_MAX):CY_EE_SIZE
                0x00000000                PROVIDE (CY_ECC_OFFSET, ecc_offset)

.text           0x00000000    0x11e6e
 CREATE_OBJECT_SYMBOLS
                0x00000000                PROVIDE (__cy_interrupt_vector, RomVectors)
 *(.romvectors)
 .romvectors    0x00000000       0x10 .\CortexM3\ARM_GCC_493\Debug\Cm3Start.o
                0x00000000                RomVectors
                0x00000001                ASSERT ((. != __cy_interrupt_vector), No interrupt vector)
                0x00000001                ASSERT (CY_APPL_ORIGIN?(SIZEOF (.cybootloader) <= CY_APPL_ORIGIN):0x1, Wrong image location)
                0x00000010                PROVIDE (__cy_reset, Reset)
 *(.text.Reset)
 .text.Reset    0x00000010       0x18 .\CortexM3\ARM_GCC_493\Debug\Cm3Start.o
                0x00000010                Reset
                0x00000001                ASSERT ((. != __cy_reset), No reset code)
 *(.dma_init)
                0x00000001                ASSERT ((((appl_start + .) <= 0x10000) || 0x1), DMA Init must be within the first 64k of flash)
 *(.text .text.* .gnu.linkonce.t.*)
 .text          0x00000028       0x5c c:/program files (x86)/cypress/psoc creator/3.3/psoc creator/import/gnu/arm/4.9.3/bin/../lib/gcc/arm-none-eabi/4.9.3/armv7-m/crtbegin.o
 .text.init     0x00000084      0x6e4 .\CortexM3\ARM_GCC_493\Debug\main.o
                0x00000084                init
 .text.init_surt
                0x00000768       0xdc .\CortexM3\ARM_GCC_493\Debug\main.o
                0x00000768                init_surt
 .text.init_pantallas
                0x00000844       0x38 .\CortexM3\ARM_GCC_493\Debug\main.o
                0x00000844                init_pantallas
 .text.polling_pos1
                0x0000087c     0x3eac .\CortexM3\ARM_GCC_493\Debug\main.o
                0x0000087c                polling_pos1
 .text.polling_pos2
                0x00004728     0x16e0 .\CortexM3\ARM_GCC_493\Debug\main.o
                0x00004728                polling_pos2
 .text.polling_pos3
                0x00005e08     0x16e4 .\CortexM3\ARM_GCC_493\Debug\main.o
                0x00005e08                polling_pos3
 .text.polling_pos4
                0x000074ec     0x16e4 .\CortexM3\ARM_GCC_493\Debug\main.o
                0x000074ec                polling_pos4
 .text.main     0x00008bd0       0x54 .\CortexM3\ARM_GCC_493\Debug\main.o
                0x00008bd0                main
 .text.ver_pos  0x00008c24      0x114 .\CortexM3\ARM_GCC_493\Debug\protocolo.o
                0x00008c24                ver_pos
 .text.get_estado
                0x00008d38       0x28 .\CortexM3\ARM_GCC_493\Debug\protocolo.o
                0x00008d38                get_estado
 .text.estado_ex
                0x00008d60       0xe8 .\CortexM3\ARM_GCC_493\Debug\protocolo.o
                0x00008d60                estado_ex
 .text.venta    0x00008e48      0x1e8 .\CortexM3\ARM_GCC_493\Debug\protocolo.o
                0x00008e48                venta
 .text.get_totales
                0x00009030     0x370c .\CortexM3\ARM_GCC_493\Debug\protocolo.o
                0x00009030                get_totales
 .text.programar
                0x0000c73c      0x484 .\CortexM3\ARM_GCC_493\Debug\protocolo.o
                0x0000c73c                programar
 .text.cambiar_precio
                0x0000cbc0      0x2c4 .\CortexM3\ARM_GCC_493\Debug\protocolo.o
                0x0000cbc0                cambiar_precio
 .text.set_imagen
                0x0000ce84       0x70 .\CortexM3\ARM_GCC_493\Debug\LCD.o
                0x0000ce84                set_imagen
 .text.write_LCD
                0x0000cef4      0x100 .\CortexM3\ARM_GCC_493\Debug\LCD.o
                0x0000cef4                write_LCD
 .text.Hora_LCD
                0x0000cff4       0xbc .\CortexM3\ARM_GCC_493\Debug\LCD.o
                0x0000cff4                Hora_LCD
 .text.Fecha_LCD
                0x0000d0b0       0xc8 .\CortexM3\ARM_GCC_493\Debug\LCD.o
                0x0000d0b0                Fecha_LCD
 .text.Nombre_LCD
                0x0000d178      0x104 .\CortexM3\ARM_GCC_493\Debug\LCD.o
                0x0000d178                Nombre_LCD
 .text.Precio_LCD
                0x0000d27c       0xc4 .\CortexM3\ARM_GCC_493\Debug\LCD.o
                0x0000d27c                Precio_LCD
 .text.Grado_LCD
                0x0000d340       0xbc .\CortexM3\ARM_GCC_493\Debug\LCD.o
                0x0000d340                Grado_LCD
 .text.direccion_LCD
                0x0000d3fc      0x10c .\CortexM3\ARM_GCC_493\Debug\LCD.o
                0x0000d3fc                direccion_LCD
 .text.lema1_LCD
                0x0000d508      0x10c .\CortexM3\ARM_GCC_493\Debug\LCD.o
                0x0000d508                lema1_LCD
 .text.lema2_LCD
                0x0000d614      0x10c .\CortexM3\ARM_GCC_493\Debug\LCD.o
                0x0000d614                lema2_LCD
 .text.telefono_LCD
                0x0000d720      0x10c .\CortexM3\ARM_GCC_493\Debug\LCD.o
                0x0000d720                telefono_LCD
 .text.nit_LCD  0x0000d82c      0x10c .\CortexM3\ARM_GCC_493\Debug\LCD.o
                0x0000d82c                nit_LCD
 .text.Cuenta_LCD
                0x0000d938      0x104 .\CortexM3\ARM_GCC_493\Debug\LCD.o
                0x0000d938                Cuenta_LCD
 .text.Placa_LCD
                0x0000da3c      0x108 .\CortexM3\ARM_GCC_493\Debug\LCD.o
                0x0000da3c                Placa_LCD
 .text.writemini_LCD
                0x0000db44      0x108 .\CortexM3\ARM_GCC_493\Debug\LCD.o
                0x0000db44                writemini_LCD
 .text.leer_hora
                0x0000dc4c       0x60 .\CortexM3\ARM_GCC_493\Debug\I2C.o
                0x0000dc4c                leer_hora
 .text.leer_fecha
                0x0000dcac       0x60 .\CortexM3\ARM_GCC_493\Debug\I2C.o
                0x0000dcac                leer_fecha
 .text.write_hora
                0x0000dd0c       0x5c .\CortexM3\ARM_GCC_493\Debug\I2C.o
                0x0000dd0c                write_hora
 .text.write_fecha
                0x0000dd68       0x64 .\CortexM3\ARM_GCC_493\Debug\I2C.o
                0x0000dd68                write_fecha
 .text.write_eeprom
                0x0000ddcc       0x7c .\CortexM3\ARM_GCC_493\Debug\I2C.o
                0x0000ddcc                write_eeprom
 .text.leer_eeprom
                0x0000de48       0x94 .\CortexM3\ARM_GCC_493\Debug\I2C.o
                0x0000de48                leer_eeprom
 .text.write_psoc1
                0x0000dedc       0x48 .\CortexM3\ARM_GCC_493\Debug\I2C.o
                0x0000dedc                write_psoc1
 .text.touch_present
                0x0000df24       0xc8 .\CortexM3\ARM_GCC_493\Debug\ibuton.o
                0x0000df24                touch_present
 .text.touch_write
                0x0000dfec       0xd4 .\CortexM3\ARM_GCC_493\Debug\ibuton.o
                0x0000dfec                touch_write
 .text.touch_read_byte
                0x0000e0c0       0x78 .\CortexM3\ARM_GCC_493\Debug\ibuton.o
                0x0000e0c0                touch_read_byte
 .text.read_memory_ibutton
                0x0000e138      0x368 .\CortexM3\ARM_GCC_493\Debug\ibuton.o
                0x0000e138                read_memory_ibutton
 .text.touch_write_memoria
                0x0000e4a0      0x30c .\CortexM3\ARM_GCC_493\Debug\ibuton.o
                0x0000e4a0                touch_write_memoria
 .text.crc_check
                0x0000e7ac       0x20 .\CortexM3\ARM_GCC_493\Debug\ibuton.o
                0x0000e7ac                crc_check
 .text.operacion
                0x0000e7cc      0x128 .\CortexM3\ARM_GCC_493\Debug\Print.o
                0x0000e7cc                operacion
 .text.print_logo_k
                0x0000e8f4      0x234 .\CortexM3\ARM_GCC_493\Debug\Print.o
                0x0000e8f4                print_logo_k
 .text.print_logo_p
                0x0000eb28      0x224 .\CortexM3\ARM_GCC_493\Debug\Print.o
                0x0000eb28                print_logo_p
 .text.print_totales
                0x0000ed4c      0x110 .\CortexM3\ARM_GCC_493\Debug\Print.o
                0x0000ed4c                print_totales
 .text.print_totalesac
                0x0000ee5c      0x114 .\CortexM3\ARM_GCC_493\Debug\Print.o
                0x0000ee5c                print_totalesac
 .text.print_valor
                0x0000ef70       0x50 .\CortexM3\ARM_GCC_493\Debug\Print.o
                0x0000ef70                print_valor
 .text.imprimir
                0x0000efc0     0x14bc .\CortexM3\ARM_GCC_493\Debug\Print.o
                0x0000efc0                imprimir
 .text.imprimir_corte
                0x0001047c      0x84c .\CortexM3\ARM_GCC_493\Debug\Print.o
                0x0001047c                imprimir_corte
 .text.IntDefaultHandler
                0x00010cc8        0x4 .\CortexM3\ARM_GCC_493\Debug\Cm3Start.o
                0x00010cc8                IntDefaultHandler
 .text.Start_c  0x00010ccc       0x4c .\CortexM3\ARM_GCC_493\Debug\Cm3Start.o
                0x00010ccc                Start_c
 .text.initialize_psoc
                0x00010d18       0x74 .\CortexM3\ARM_GCC_493\Debug\Cm3Start.o
                0x00010d18                initialize_psoc
 .text.CyClockStartupError
                0x00010d8c        0x4 .\CortexM3\ARM_GCC_493\Debug\PGRP700.a(cyfitter_cfg.o)
 .text.cfg_write_bytes32
                0x00010d90       0x34 .\CortexM3\ARM_GCC_493\Debug\PGRP700.a(cyfitter_cfg.o)
 .text.AnalogSetDefault
                0x00010dc4       0x28 .\CortexM3\ARM_GCC_493\Debug\PGRP700.a(cyfitter_cfg.o)
 .text.CYMEMZERO
                0x00010dec        0xc .\CortexM3\ARM_GCC_493\Debug\PGRP700.a(cyfitter_cfg.o)
 .text.ClockSetup
                0x00010df8       0xe0 .\CortexM3\ARM_GCC_493\Debug\PGRP700.a(cyfitter_cfg.o)
 .text.CYCONFIGCPY
                0x00010ed8        0x8 .\CortexM3\ARM_GCC_493\Debug\PGRP700.a(cyfitter_cfg.o)
 .text.cyfitter_cfg
                0x00010ee0      0x144 .\CortexM3\ARM_GCC_493\Debug\PGRP700.a(cyfitter_cfg.o)
                0x00010ee0                cyfitter_cfg
 .text.Surtidor_Init
                0x00011024       0x3c .\CortexM3\ARM_GCC_493\Debug\PGRP700.a(Surtidor.o)
                0x00011024                Surtidor_Init
 .text.Surtidor_Enable
                0x00011060       0x3c .\CortexM3\ARM_GCC_493\Debug\PGRP700.a(Surtidor.o)
                0x00011060                Surtidor_Enable
 .text.Surtidor_Start
                0x0001109c       0x1c .\CortexM3\ARM_GCC_493\Debug\PGRP700.a(Surtidor.o)
                0x0001109c                Surtidor_Start
 .text.Surtidor_EnableRxInt
                0x000110b8        0xc .\CortexM3\ARM_GCC_493\Debug\PGRP700.a(Surtidor.o)
                0x000110b8                Surtidor_EnableRxInt
 .text.Surtidor_DisableRxInt
                0x000110c4        0xc .\CortexM3\ARM_GCC_493\Debug\PGRP700.a(Surtidor.o)
                0x000110c4                Surtidor_DisableRxInt
 .text.Surtidor_ReadRxData
                0x000110d0       0x5c .\CortexM3\ARM_GCC_493\Debug\PGRP700.a(Surtidor.o)
                0x000110d0                Surtidor_ReadRxData
 .text.Surtidor_GetRxBufferSize
                0x0001112c       0x60 .\CortexM3\ARM_GCC_493\Debug\PGRP700.a(Surtidor.o)
                0x0001112c                Surtidor_GetRxBufferSize
 .text.Surtidor_ClearRxBuffer
                0x0001118c       0x3c .\CortexM3\ARM_GCC_493\Debug\PGRP700.a(Surtidor.o)
                0x0001118c                Surtidor_ClearRxBuffer
 .text.Surtidor_PutChar
                0x000111c8       0x18 .\CortexM3\ARM_GCC_493\Debug\PGRP700.a(Surtidor.o)
                0x000111c8                Surtidor_PutChar
 .text.Surtidor_RXISR
                0x000111e0       0x80 .\CortexM3\ARM_GCC_493\Debug\PGRP700.a(Surtidor_INT.o)
                0x000111e0                Surtidor_RXISR
 .text.Impresora_Init
                0x00011260       0x3c .\CortexM3\ARM_GCC_493\Debug\PGRP700.a(Impresora.o)
                0x00011260                Impresora_Init
 .text.Impresora_Enable
                0x0001129c       0x44 .\CortexM3\ARM_GCC_493\Debug\PGRP700.a(Impresora.o)
                0x0001129c                Impresora_Enable
 .text.Impresora_Start
                0x000112e0       0x1c .\CortexM3\ARM_GCC_493\Debug\PGRP700.a(Impresora.o)
                0x000112e0                Impresora_Start
 .text.Impresora_ClearTxBuffer
                0x000112fc       0x24 .\CortexM3\ARM_GCC_493\Debug\PGRP700.a(Impresora.o)
                0x000112fc                Impresora_ClearTxBuffer
 .text.Impresora_RXISR
                0x00011320       0x80 .\CortexM3\ARM_GCC_493\Debug\PGRP700.a(Impresora_INT.o)
                0x00011320                Impresora_RXISR
 .text.LCD_1_Init
                0x000113a0       0x3c .\CortexM3\ARM_GCC_493\Debug\PGRP700.a(LCD_1.o)
                0x000113a0                LCD_1_Init
 .text.LCD_1_Enable
                0x000113dc       0x44 .\CortexM3\ARM_GCC_493\Debug\PGRP700.a(LCD_1.o)
                0x000113dc                LCD_1_Enable
 .text.LCD_1_Start
                0x00011420       0x1c .\CortexM3\ARM_GCC_493\Debug\PGRP700.a(LCD_1.o)
                0x00011420                LCD_1_Start
 .text.LCD_1_EnableRxInt
                0x0001143c        0xc .\CortexM3\ARM_GCC_493\Debug\PGRP700.a(LCD_1.o)
                0x0001143c                LCD_1_EnableRxInt
 .text.LCD_1_DisableRxInt
                0x00011448        0xc .\CortexM3\ARM_GCC_493\Debug\PGRP700.a(LCD_1.o)
                0x00011448                LCD_1_DisableRxInt
 .text.LCD_1_GetRxBufferSize
                0x00011454       0x54 .\CortexM3\ARM_GCC_493\Debug\PGRP700.a(LCD_1.o)
                0x00011454                LCD_1_GetRxBufferSize
 .text.LCD_1_ClearRxBuffer
                0x000114a8       0x3c .\CortexM3\ARM_GCC_493\Debug\PGRP700.a(LCD_1.o)
                0x000114a8                LCD_1_ClearRxBuffer
 .text.LCD_1_PutChar
                0x000114e4       0x18 .\CortexM3\ARM_GCC_493\Debug\PGRP700.a(LCD_1.o)
                0x000114e4                LCD_1_PutChar
 .text.LCD_1_RXISR
                0x000114fc       0x80 .\CortexM3\ARM_GCC_493\Debug\PGRP700.a(LCD_1_INT.o)
                0x000114fc                LCD_1_RXISR
 .text.LCD_2_Init
                0x0001157c       0x40 .\CortexM3\ARM_GCC_493\Debug\PGRP700.a(LCD_2.o)
                0x0001157c                LCD_2_Init
 .text.LCD_2_Enable
                0x000115bc       0x48 .\CortexM3\ARM_GCC_493\Debug\PGRP700.a(LCD_2.o)
                0x000115bc                LCD_2_Enable
 .text.LCD_2_Start
                0x00011604       0x1c .\CortexM3\ARM_GCC_493\Debug\PGRP700.a(LCD_2.o)
                0x00011604                LCD_2_Start
 .text.LCD_2_EnableRxInt
                0x00011620        0xc .\CortexM3\ARM_GCC_493\Debug\PGRP700.a(LCD_2.o)
                0x00011620                LCD_2_EnableRxInt
 .text.LCD_2_DisableRxInt
                0x0001162c        0xc .\CortexM3\ARM_GCC_493\Debug\PGRP700.a(LCD_2.o)
                0x0001162c                LCD_2_DisableRxInt
 .text.LCD_2_GetRxBufferSize
                0x00011638       0x54 .\CortexM3\ARM_GCC_493\Debug\PGRP700.a(LCD_2.o)
                0x00011638                LCD_2_GetRxBufferSize
 .text.LCD_2_ClearRxBuffer
                0x0001168c       0x3c .\CortexM3\ARM_GCC_493\Debug\PGRP700.a(LCD_2.o)
                0x0001168c                LCD_2_ClearRxBuffer
 .text.LCD_2_PutChar
                0x000116c8       0x18 .\CortexM3\ARM_GCC_493\Debug\PGRP700.a(LCD_2.o)
                0x000116c8                LCD_2_PutChar
 .text.LCD_2_RXISR
                0x000116e0       0x80 .\CortexM3\ARM_GCC_493\Debug\PGRP700.a(LCD_2_INT.o)
                0x000116e0                LCD_2_RXISR
 .text.Pin_WP_Write
                0x00011760       0x18 .\CortexM3\ARM_GCC_493\Debug\PGRP700.a(Pin_WP.o)
                0x00011760                Pin_WP_Write
 .text.IB1_Write
                0x00011778       0x18 .\CortexM3\ARM_GCC_493\Debug\PGRP700.a(IB1.o)
                0x00011778                IB1_Write
 .text.IB1_Read
                0x00011790       0x10 .\CortexM3\ARM_GCC_493\Debug\PGRP700.a(IB1.o)
                0x00011790                IB1_Read
 .text.IB2_Write
                0x000117a0       0x18 .\CortexM3\ARM_GCC_493\Debug\PGRP700.a(IB2.o)
                0x000117a0                IB2_Write
 .text.IB2_Read
                0x000117b8        0xc .\CortexM3\ARM_GCC_493\Debug\PGRP700.a(IB2.o)
                0x000117b8                IB2_Read
 .text.I2C_1_Init
                0x000117c4       0x58 .\CortexM3\ARM_GCC_493\Debug\PGRP700.a(I2C_1.o)
                0x000117c4                I2C_1_Init
 .text.I2C_1_Enable
                0x0001181c       0x24 .\CortexM3\ARM_GCC_493\Debug\PGRP700.a(I2C_1.o)
                0x0001181c                I2C_1_Enable
 .text.I2C_1_Start
                0x00011840       0x28 .\CortexM3\ARM_GCC_493\Debug\PGRP700.a(I2C_1.o)
                0x00011840                I2C_1_Start
 .text.I2C_1_ISR
                0x00011868      0x2d0 .\CortexM3\ARM_GCC_493\Debug\PGRP700.a(I2C_1_INT.o)
                0x00011868                I2C_1_ISR
 .text.I2C_1_MasterSendStart
                0x00011b38       0x80 .\CortexM3\ARM_GCC_493\Debug\PGRP700.a(I2C_1_MASTER.o)
                0x00011b38                I2C_1_MasterSendStart
 .text.I2C_1_MasterSendStop
                0x00011bb8       0x38 .\CortexM3\ARM_GCC_493\Debug\PGRP700.a(I2C_1_MASTER.o)
                0x00011bb8                I2C_1_MasterSendStop
 .text.I2C_1_MasterWriteByte
                0x00011bf0       0x58 .\CortexM3\ARM_GCC_493\Debug\PGRP700.a(I2C_1_MASTER.o)
                0x00011bf0                I2C_1_MasterWriteByte
 .text.I2C_1_MasterReadByte
                0x00011c48       0x58 .\CortexM3\ARM_GCC_493\Debug\PGRP700.a(I2C_1_MASTER.o)
                0x00011c48                I2C_1_MasterReadByte
 .text.I2C_1_MasterClearStatus
                0x00011ca0       0x10 .\CortexM3\ARM_GCC_493\Debug\PGRP700.a(I2C_1_MASTER.o)
                0x00011ca0                I2C_1_MasterClearStatus
 .text.I2C_1_MasterClearReadBuf
                0x00011cb0       0x1c .\CortexM3\ARM_GCC_493\Debug\PGRP700.a(I2C_1_MASTER.o)
                0x00011cb0                I2C_1_MasterClearReadBuf
 .text.I2C_1_MasterClearWriteBuf
                0x00011ccc       0x1c .\CortexM3\ARM_GCC_493\Debug\PGRP700.a(I2C_1_MASTER.o)
                0x00011ccc                I2C_1_MasterClearWriteBuf
 .text.I2C_1_Workaround
                0x00011ce8        0x4 .\CortexM3\ARM_GCC_493\Debug\PGRP700.a(I2C_1_MASTER.o)
                0x00011ce8                I2C_1_Workaround
 .text.Impresora_IntClock_Start
                0x00011cec       0x1c .\CortexM3\ARM_GCC_493\Debug\PGRP700.a(Impresora_IntClock.o)
                0x00011cec                Impresora_IntClock_Start
 .text.LCD_1_IntClock_Start
                0x00011d08       0x1c .\CortexM3\ARM_GCC_493\Debug\PGRP700.a(LCD_1_IntClock.o)
                0x00011d08                LCD_1_IntClock_Start
 .text.LCD_2_IntClock_Start
                0x00011d24       0x1c .\CortexM3\ARM_GCC_493\Debug\PGRP700.a(LCD_2_IntClock.o)
                0x00011d24                LCD_2_IntClock_Start
 .text          0x00011d40       0x20 .\CortexM3\ARM_GCC_493\Debug\PGRP700.a(CyBootAsmGnu.o)
                0x00011d40                CyDelayCycles
                0x00011d50                CyEnterCriticalSection
                0x00011d58                CyExitCriticalSection
 .text.CyHalt   0x00011d60        0x4 .\CortexM3\ARM_GCC_493\Debug\PGRP700.a(CyLib.o)
                0x00011d60                CyHalt
 .text.CyDelay  0x00011d64       0x2c .\CortexM3\ARM_GCC_493\Debug\PGRP700.a(CyLib.o)
                0x00011d64                CyDelay
 .text.CyDelayUs
                0x00011d90       0x14 .\CortexM3\ARM_GCC_493\Debug\PGRP700.a(CyLib.o)
                0x00011d90                CyDelayUs
 .text.CyIntSetVector
                0x00011da4       0x28 .\CortexM3\ARM_GCC_493\Debug\PGRP700.a(CyLib.o)
                0x00011da4                CyIntSetVector
 .text.CyIntSetPriority
                0x00011dcc       0x30 .\CortexM3\ARM_GCC_493\Debug\PGRP700.a(CyLib.o)
                0x00011dcc                CyIntSetPriority
 .text.__libc_init_array
                0x00011dfc       0x4c c:/program files (x86)/cypress/psoc creator/3.3/psoc creator/import/gnu/arm/4.9.3/bin/../lib/gcc/arm-none-eabi/4.9.3/../../../../arm-none-eabi/lib/armv7-m\libg_nano.a(lib_a-init.o)
                0x00011dfc                __libc_init_array
 .text.memcpy   0x00011e48       0x16 c:/program files (x86)/cypress/psoc creator/3.3/psoc creator/import/gnu/arm/4.9.3/bin/../lib/gcc/arm-none-eabi/4.9.3/../../../../arm-none-eabi/lib/armv7-m\libg_nano.a(lib_a-memcpy.o)
                0x00011e48                memcpy
 .text.memset   0x00011e5e       0x10 c:/program files (x86)/cypress/psoc creator/3.3/psoc creator/import/gnu/arm/4.9.3/bin/../lib/gcc/arm-none-eabi/4.9.3/../../../../arm-none-eabi/lib/armv7-m\libg_nano.a(lib_a-memset.o)
                0x00011e5e                memset
 *(.plt)
 *(.gnu.warning)
 *(.glue_7t)
 .glue_7t       0x00000000        0x0 linker stubs
 *(.glue_7)
 .glue_7        0x00000000        0x0 linker stubs
 *(.vfp11_veneer)
 .vfp11_veneer  0x00000000        0x0 linker stubs
 *(.bootloader)
 *(.ARM.extab* .gnu.linkonce.armextab.*)
 *(.gcc_except_table)

.v4_bx          0x00011e70        0x0
 .v4_bx         0x00000000        0x0 linker stubs

.iplt           0x00011e70        0x0
 .iplt          0x00000000        0x0 c:/program files (x86)/cypress/psoc creator/3.3/psoc creator/import/gnu/arm/4.9.3/bin/../lib/gcc/arm-none-eabi/4.9.3/armv7-m/crtbegin.o

.eh_frame_hdr
 *(.eh_frame_hdr)

.eh_frame       0x00011e70        0x4
 *(.eh_frame)
 .eh_frame      0x00011e70        0x0 c:/program files (x86)/cypress/psoc creator/3.3/psoc creator/import/gnu/arm/4.9.3/bin/../lib/gcc/arm-none-eabi/4.9.3/armv7-m/crtbegin.o
 .eh_frame      0x00011e70        0x4 c:/program files (x86)/cypress/psoc creator/3.3/psoc creator/import/gnu/arm/4.9.3/bin/../lib/gcc/arm-none-eabi/4.9.3/armv7-m/crtend.o
                0x00011e74                PROVIDE (__exidx_start, .)

.ARM.exidx
 *(.ARM.exidx* .gnu.linkonce.armexidx.*)
                0x00011e74                __exidx_end = .

.rodata         0x00011e74     0x84ec
 *(.rodata .rodata.* .gnu.linkonce.r.*)
 .rodata        0x00011e74        0xc .\CortexM3\ARM_GCC_493\Debug\protocolo.o
 .rodata        0x00011e80      0x100 .\CortexM3\ARM_GCC_493\Debug\LCD.o
 .rodata        0x00011f80     0x8370 .\CortexM3\ARM_GCC_493\Debug\Print.o
                0x00011f8c                biomax
                0x00012574                brio
                0x00012b5c                cencosud
                0x00013144                ecospetrol
                0x0001372c                esso
                0x00013d14                exito
                0x000140c8                National
                0x000146b0                mineroil
                0x00014a64                mobil
                0x00014e18                petrobras
                0x00015400                plus
                0x000156f4                terpel
                0x00015cdc                texaco
                0x000162c4                zeus
                0x000165b8                petromil
                0x00016ba0                biomax1
                0x00016f50                brio1
                0x00017300                cencosud1
                0x000176b0                ecospetrol1
                0x00017a60                esso1
                0x00017e10                National1
                0x000181c0                mineroil1
                0x00018570                mobil1
                0x00018920                petrobras1
                0x00018cd0                plus1
                0x00019080                terpel1
                0x00019430                texaco1
                0x000197e0                zeus1
                0x00019b90                petromil1
                0x00019f40                exito1
 .rodata        0x0001a2f0       0x3c .\CortexM3\ARM_GCC_493\Debug\PGRP700.a(cyfitter_cfg.o)
                0x0001a32c                . = ALIGN (0x4)
 *(.init)
 .init          0x0001a32c        0x4 c:/program files (x86)/cypress/psoc creator/3.3/psoc creator/import/gnu/arm/4.9.3/bin/../lib/gcc/arm-none-eabi/4.9.3/armv7-m/crti.o
                0x0001a32c                _init
 .init          0x0001a330        0x8 c:/program files (x86)/cypress/psoc creator/3.3/psoc creator/import/gnu/arm/4.9.3/bin/../lib/gcc/arm-none-eabi/4.9.3/armv7-m/crtn.o
                0x0001a338                . = ALIGN (0x4)
                0x0001a338                __preinit_array_start = .
 *(.preinit_array)
                0x0001a338                __preinit_array_end = .
                0x0001a338                . = ALIGN (0x4)
                0x0001a338                __init_array_start = .
 *(SORT(.init_array.*))
 *(.init_array)
 .init_array    0x0001a338        0x4 c:/program files (x86)/cypress/psoc creator/3.3/psoc creator/import/gnu/arm/4.9.3/bin/../lib/gcc/arm-none-eabi/4.9.3/armv7-m/crtbegin.o
 .init_array    0x0001a33c        0x4 .\CortexM3\ARM_GCC_493\Debug\Cm3Start.o
                0x0001a340                __init_array_end = .
                0x0001a340                . = ALIGN (0x4)
 *(.fini)
 .fini          0x0001a340        0x4 c:/program files (x86)/cypress/psoc creator/3.3/psoc creator/import/gnu/arm/4.9.3/bin/../lib/gcc/arm-none-eabi/4.9.3/armv7-m/crti.o
                0x0001a340                _fini
 .fini          0x0001a344        0x8 c:/program files (x86)/cypress/psoc creator/3.3/psoc creator/import/gnu/arm/4.9.3/bin/../lib/gcc/arm-none-eabi/4.9.3/armv7-m/crtn.o
                0x0001a34c                . = ALIGN (0x4)
                0x0001a34c                __fini_array_start = .
 *(.fini_array)
 .fini_array    0x0001a34c        0x4 c:/program files (x86)/cypress/psoc creator/3.3/psoc creator/import/gnu/arm/4.9.3/bin/../lib/gcc/arm-none-eabi/4.9.3/armv7-m/crtbegin.o
 *(SORT(.fini_array.*))
                0x0001a350                __fini_array_end = .
                0x0001a350                . = ALIGN (0x4)
 *crtbegin.o(.ctors)
 *(EXCLUDE_FILE(*crtend.o) .ctors)
 *(SORT(.ctors.*))
 *crtend.o(.ctors)
                0x0001a350                . = ALIGN (0x4)
 *crtbegin.o(.dtors)
 *(EXCLUDE_FILE(*crtend.o) .dtors)
 *(SORT(.dtors.*))
 *crtend.o(.dtors)
                0x0001a350                . = ALIGN (0x4)
                0x0001a350                __cy_regions = .
                0x0001a350        0x4 LONG 0x1a360 __cy_region_init_ram
                0x0001a354        0x4 LONG 0x1fff8108 __cy_region_start_data
                0x0001a358        0x4 LONG 0x1e8 __cy_region_init_size_ram
                0x0001a35c        0x4 LONG 0x9c8 __cy_region_zero_size_ram
                0x0001a360                __cy_regions_end = .
                0x0001a360                . = ALIGN (0x8)
                0x0001a360                _etext = .

.cy_checksum_exclude
                0x0001a360        0x0
 *(.cy_checksum_exclude)

.ramvectors     0x1fff8000      0x100
                0x1fff8000                __cy_region_start_ram = .
 *(.ramvectors)
 .ramvectors    0x1fff8000      0x100 .\CortexM3\ARM_GCC_493\Debug\Cm3Start.o
                0x1fff8000                CyRamVectors

.noinit         0x1fff8100        0x5
 *(.noinit)
 .noinit        0x1fff8100        0x4 .\CortexM3\ARM_GCC_493\Debug\Cm3Start.o
 .noinit        0x1fff8104        0x1 .\CortexM3\ARM_GCC_493\Debug\PGRP700.a(CyLib.o)
                0x1fff8104                CyResetStatus

.data           0x1fff8108      0x1e8 load address 0x0001a360
                0x1fff8108                __cy_region_start_data = .
 *(.jcr)
 .jcr           0x1fff8108        0x0 c:/program files (x86)/cypress/psoc creator/3.3/psoc creator/import/gnu/arm/4.9.3/bin/../lib/gcc/arm-none-eabi/4.9.3/armv7-m/crtbegin.o
 .jcr           0x1fff8108        0x4 c:/program files (x86)/cypress/psoc creator/3.3/psoc creator/import/gnu/arm/4.9.3/bin/../lib/gcc/arm-none-eabi/4.9.3/armv7-m/crtend.o
 *(.got.plt)
 *(.got)
 *(.shdata)
 *(.data .data.* .gnu.linkonce.d.*)
 .data          0x1fff810c       0x54 .\CortexM3\ARM_GCC_493\Debug\main.o
                0x1fff810c                pasword_corte
                0x1fff8114                letras
                0x1fff8130                puk
                0x1fff8138                test
                0x1fff814c                serial
 .data          0x1fff8160       0x50 .\CortexM3\ARM_GCC_493\Debug\protocolo.o
                0x1fff8160                msn_tc
                0x1fff8168                msn_lecact
                0x1fff8178                msn_lecaan
                0x1fff818c                msn_tventas
                0x1fff81a0                msn_totalcero
 .data          0x1fff81b0      0x12c .\CortexM3\ARM_GCC_493\Debug\Print.o
                0x1fff81b0                msn_din
                0x1fff81c0                msn_vol
                0x1fff81d0                msn_eds
                0x1fff81e4                msn_nit
                0x1fff81e8                msn_tel
                0x1fff81ec                msn_numero
                0x1fff81f4                msn_fecha
                0x1fff81fc                msn_hora
                0x1fff8204                msn_copia
                0x1fff820c                msn_pos
                0x1fff8218                msn_producto
                0x1fff8224                msn_ppu
                0x1fff8234                msn_placa
                0x1fff8240                msn_cuenta
                0x1fff824c                msn_km
                0x1fff8258                msn_id
                0x1fff8264                msn_idcorte
                0x1fff8274                msn_fcorte
                0x1fff8284                msn_hcorte
                0x1fff8294                msn_ufcorte
                0x1fff82ac                msn_uhcorte
                0x1fff82c4                msn_consecutivo
 .data          0x1fff82dc       0x10 .\CortexM3\ARM_GCC_493\Debug\PGRP700.a(CyLib.o)
                0x1fff82dc                cydelay_32k_ms
                0x1fff82e0                cydelay_freq_khz
                0x1fff82e4                cydelay_freq_mhz
                0x1fff82e8                cydelay_freq_hz
                0x1fff82f0                . = ALIGN (0x8)
 *fill*         0x1fff82ec        0x4 
 *(.ram)
                0x1fff82f0                _edata = .

.igot.plt       0x1fff82f0        0x0 load address 0x0001a548
 .igot.plt      0x00000000        0x0 c:/program files (x86)/cypress/psoc creator/3.3/psoc creator/import/gnu/arm/4.9.3/bin/../lib/gcc/arm-none-eabi/4.9.3/armv7-m/crtbegin.o

.bss            0x1fff82f0      0x9c8 load address 0x0001a548
                0x1fff82f0                PROVIDE (__bss_start__, .)
 *(.shbss)
 *(.bss .bss.* .gnu.linkonce.b.*)
 .bss           0x1fff82f0       0x1c c:/program files (x86)/cypress/psoc creator/3.3/psoc creator/import/gnu/arm/4.9.3/bin/../lib/gcc/arm-none-eabi/4.9.3/armv7-m/crtbegin.o
 .bss           0x1fff830c        0xa .\CortexM3\ARM_GCC_493\Debug\PGRP700.a(Surtidor.o)
                0x1fff830c                Surtidor_initVar
                0x1fff830e                Surtidor_rxBufferRead
                0x1fff8310                Surtidor_rxBufferWrite
                0x1fff8312                Surtidor_rxBufferLoopDetect
                0x1fff8313                Surtidor_rxBufferOverflow
 .bss           0x1fff8316        0x6 .\CortexM3\ARM_GCC_493\Debug\PGRP700.a(Impresora.o)
                0x1fff8316                Impresora_initVar
                0x1fff8317                Impresora_rxBufferRead
                0x1fff8318                Impresora_rxBufferWrite
                0x1fff8319                Impresora_rxBufferLoopDetect
                0x1fff831a                Impresora_rxBufferOverflow
 .bss           0x1fff831c        0x6 .\CortexM3\ARM_GCC_493\Debug\PGRP700.a(LCD_1.o)
                0x1fff831c                LCD_1_initVar
                0x1fff831d                LCD_1_rxBufferRead
                0x1fff831e                LCD_1_rxBufferWrite
                0x1fff831f                LCD_1_rxBufferLoopDetect
                0x1fff8320                LCD_1_rxBufferOverflow
 .bss           0x1fff8322        0x6 .\CortexM3\ARM_GCC_493\Debug\PGRP700.a(LCD_2.o)
                0x1fff8322                LCD_2_initVar
                0x1fff8323                LCD_2_rxBufferRead
                0x1fff8324                LCD_2_rxBufferWrite
                0x1fff8325                LCD_2_rxBufferLoopDetect
                0x1fff8326                LCD_2_rxBufferOverflow
 .bss           0x1fff8328        0x1 .\CortexM3\ARM_GCC_493\Debug\PGRP700.a(I2C_1.o)
                0x1fff8328                I2C_1_initVar
 *(COMMON)
 *fill*         0x1fff8329        0x3 
 COMMON         0x1fff832c      0x7e6 .\CortexM3\ARM_GCC_493\Debug\main.o
                0x1fff832c                copia_recibo
                0x1fff832e                producto2c
                0x1fff832f                flujo_LCD
                0x1fff8330                flujo_pos2
                0x1fff8331                venta_activa4
                0x1fff8332                comas1
                0x1fff8334                b
                0x1fff8380                no_imprime2
                0x1fff8384                Buffer_LCD4
                0x1fff841c                decimalD
                0x1fff8420                producto2n
                0x1fff842c                x
                0x1fff8430                modulo
                0x1fff85c0                grado2
                0x1fff85c2                id_corte
                0x1fff85c4                flujo_LCD3
                0x1fff85c5                producto2d
                0x1fff85c6                producto4c
                0x1fff85c7                venta_activa2
                0x1fff85c8                producto1n
                0x1fff85d2                no_imprime
                0x1fff85d3                producto3c
                0x1fff85d4                versurt
                0x1fff85d5                producto1d
                0x1fff85d6                crc_total
                0x1fff85d8                producto4n
                0x1fff85e4                w
                0x1fff85e8                bandera
                0x1fff85ea                seleccion_pos2
                0x1fff85eb                estado_0
                0x1fff85ec                flujo_LCD2
                0x1fff85ed                flujo_pos3
                0x1fff85ee                estado_lcd2
                0x1fff85ef                flujo_pos
                0x1fff85f0                producto4
                0x1fff85f1                teclas1
                0x1fff85f2                comas2
                0x1fff85f3                producto
                0x1fff85f4                z
                0x1fff85f8                buffer_i2c
                0x1fff8638                cont1
                0x1fff8639                teclado2
                0x1fff863a                flujo_LCD4
                0x1fff863b                producto4d
                0x1fff863c                teclado
                0x1fff863d                producto1c
                0x1fff8640                c
                0x1fff868c                producto3d
                0x1fff8690                Buffer_LCD3
                0x1fff8728                pos_ibutton
                0x1fff872c                id_venta
                0x1fff8732                producto1b
                0x1fff8733                venta_activa3
                0x1fff8734                producto4b
                0x1fff8735                ppux10
                0x1fff8736                estado_lcd1
                0x1fff8737                producto2b
                0x1fff8738                y
                0x1fff873c                d
                0x1fff8788                rventa2
                0x1fff8869                flujo_pos4
                0x1fff886c                tipo_imp
                0x1fff886e                grado4
                0x1fff886f                grado3
                0x1fff8870                a_copias
                0x1fff8874                print1
                0x1fff8876                producto2
                0x1fff8877                grado1
                0x1fff8878                Buffer_LCD1
                0x1fff8910                seleccion_pos
                0x1fff8911                teclas2
                0x1fff8914                print2
                0x1fff8916                producto3b
                0x1fff8918                rventa
                0x1fff89fc                fecha_corte
                0x1fff8a04                a
                0x1fff8a50                venta_activa
                0x1fff8a51                imagen
                0x1fff8a52                decimalV
                0x1fff8a53                producto3
                0x1fff8a54                resultado
                0x1fff8a64                no_venta
                0x1fff8a68                copia_recibo2
                0x1fff8a6a                nombreproducto
                0x1fff8a6b                producto1
                0x1fff8a6c                Buffer_LCD2
                0x1fff8b04                n_copias
                0x1fff8b08                producto3n
 *fill*         0x1fff8b12        0x2 
 COMMON         0x1fff8b14      0x100 .\CortexM3\ARM_GCC_493\Debug\PGRP700.a(Surtidor.o)
                0x1fff8b14                Surtidor_rxBuffer
 COMMON         0x1fff8c14       0x64 .\CortexM3\ARM_GCC_493\Debug\PGRP700.a(Impresora.o)
                0x1fff8c14                Impresora_rxBuffer
 COMMON         0x1fff8c78       0x14 .\CortexM3\ARM_GCC_493\Debug\PGRP700.a(LCD_1.o)
                0x1fff8c78                LCD_1_rxBuffer
 COMMON         0x1fff8c8c       0x14 .\CortexM3\ARM_GCC_493\Debug\PGRP700.a(LCD_2.o)
                0x1fff8c8c                LCD_2_rxBuffer
 COMMON         0x1fff8ca0        0x1 .\CortexM3\ARM_GCC_493\Debug\PGRP700.a(I2C_1.o)
                0x1fff8ca0                I2C_1_state
 *fill*         0x1fff8ca1        0x3 
 COMMON         0x1fff8ca4       0x11 .\CortexM3\ARM_GCC_493\Debug\PGRP700.a(I2C_1_MASTER.o)
                0x1fff8ca4                I2C_1_mstrWrBufIndex
                0x1fff8ca5                I2C_1_mstrControl
                0x1fff8ca6                I2C_1_mstrStatus
                0x1fff8ca7                I2C_1_mstrWrBufSize
                0x1fff8ca8                I2C_1_mstrRdBufIndex
                0x1fff8cac                I2C_1_mstrWrBufPtr
                0x1fff8cb0                I2C_1_mstrRdBufPtr
                0x1fff8cb4                I2C_1_mstrRdBufSize
                0x1fff8cb8                . = ALIGN (0x8)
 *fill*         0x1fff8cb5        0x3 
 *(.ram.b)
                0x1fff8cb8                _end = .
                0x1fff8cb8                __end = .
                0x1fff8cb8                PROVIDE (end, .)
                0x1fff8cb8                PROVIDE (__bss_end__, .)
                0x0001a360                __cy_region_init_ram = LOADADDR (.data)
                0x000001e8                __cy_region_init_size_ram = (_edata - ADDR (.data))
                0x000009c8                __cy_region_zero_size_ram = (_end - _edata)

.heap           0x1fff8cb8       0x80 load address 0x0001a548
                0x1fff8cb8                . = _end
                0x1fff8d38                . = (. + 0x80)
 *fill*         0x1fff8cb8       0x80 
                0x1fff8d38                __cy_heap_limit = .

.stack          0x20007800      0x800
                0x20007800                __cy_stack_limit = .
                0x20008000                . = (. + 0x800)
 *fill*         0x20007800      0x800 
                0x00000001                ASSERT ((__cy_stack_limit >= __cy_heap_limit), region RAM overflowed with stack)
                0x00000000                cy_checksum_exclude_size = (CY_APPL_LOADABLE == 0x1)?SIZEOF (.cy_checksum_exclude):0x0
                0x00000001                ASSERT ((cy_checksum_exclude_size <= CY_CHECKSUM_EXCLUDE_SIZE), CY_BOOT: Section .cy_checksum_exclude size exceedes specified limit.)

.cyloadermeta
 *(.cyloadermeta)

.cyloadablemeta
 *(.cyloadablemeta)

.cyconfigecc    0x80000000      0xd68
 *(.cyconfigecc)
 .cyconfigecc   0x80000000      0xd68 .\CortexM3\ARM_GCC_493\Debug\cymetadata.o
                0x80000000                cy_meta_configecc

.cycustnvl      0x90000000        0x4
 *(.cycustnvl)
 .cycustnvl     0x90000000        0x4 .\CortexM3\ARM_GCC_493\Debug\cymetadata.o
                0x90000000                cy_meta_custnvl

.cywolatch      0x90100000        0x4
 *(.cywolatch)
 .cywolatch     0x90100000        0x4 .\CortexM3\ARM_GCC_493\Debug\cymetadata.o
                0x90100000                cy_meta_wonvl

.cyeeprom       0x90200000        0x0
 *(.cyeeprom)
                0x00000001                ASSERT ((. <= ((0x90200000 + ee_offset) + ee_size)), .cyeeprom data will not fit in EEPROM)

.cyflashprotect
                0x90400000      0x100
 *(.cyflashprotect)
 .cyflashprotect
                0x90400000      0x100 .\CortexM3\ARM_GCC_493\Debug\cymetadata.o
                0x90400000                cy_meta_flashprotect

.cymeta         0x90500000        0xc
 *(.cymeta)
 .cymeta        0x90500000        0xc .\CortexM3\ARM_GCC_493\Debug\cymetadata.o
                0x90500000                cy_metadata

.rel.dyn        0x0001a548        0x0 load address 0x9050000c
 .rel.iplt      0x00000000        0x0 c:/program files (x86)/cypress/psoc creator/3.3/psoc creator/import/gnu/arm/4.9.3/bin/../lib/gcc/arm-none-eabi/4.9.3/armv7-m/crtbegin.o

.stab
 *(.stab)

.stabstr
 *(.stabstr)

.debug
 *(.debug)

.line
 *(.line)

.debug_srcinfo
 *(.debug_srcinfo)

.debug_sfnames
 *(.debug_sfnames)

.debug_aranges  0x00000000      0xec0
 *(.debug_aranges)
 .debug_aranges
                0x00000000       0x58 .\CortexM3\ARM_GCC_493\Debug\main.o
 .debug_aranges
                0x00000058       0x58 .\CortexM3\ARM_GCC_493\Debug\protocolo.o
 .debug_aranges
                0x000000b0       0x90 .\CortexM3\ARM_GCC_493\Debug\LCD.o
 .debug_aranges
                0x00000140       0x50 .\CortexM3\ARM_GCC_493\Debug\I2C.o
 .debug_aranges
                0x00000190       0x48 .\CortexM3\ARM_GCC_493\Debug\ibuton.o
 .debug_aranges
                0x000001d8       0x58 .\CortexM3\ARM_GCC_493\Debug\Print.o
 .debug_aranges
                0x00000230       0x18 .\CortexM3\ARM_GCC_493\Debug\cymetadata.o
 .debug_aranges
                0x00000248       0x48 .\CortexM3\ARM_GCC_493\Debug\Cm3Start.o
 .debug_aranges
                0x00000290       0x58 .\CortexM3\ARM_GCC_493\Debug\PGRP700.a(cyfitter_cfg.o)
 .debug_aranges
                0x000002e8      0x100 .\CortexM3\ARM_GCC_493\Debug\PGRP700.a(Surtidor.o)
 .debug_aranges
                0x000003e8       0x20 .\CortexM3\ARM_GCC_493\Debug\PGRP700.a(Surtidor_INT.o)
 .debug_aranges
                0x00000408      0x100 .\CortexM3\ARM_GCC_493\Debug\PGRP700.a(Impresora.o)
 .debug_aranges
                0x00000508       0x20 .\CortexM3\ARM_GCC_493\Debug\PGRP700.a(Impresora_INT.o)
 .debug_aranges
                0x00000528      0x100 .\CortexM3\ARM_GCC_493\Debug\PGRP700.a(LCD_1.o)
 .debug_aranges
                0x00000628       0x20 .\CortexM3\ARM_GCC_493\Debug\PGRP700.a(LCD_1_INT.o)
 .debug_aranges
                0x00000648      0x100 .\CortexM3\ARM_GCC_493\Debug\PGRP700.a(LCD_2.o)
 .debug_aranges
                0x00000748       0x20 .\CortexM3\ARM_GCC_493\Debug\PGRP700.a(LCD_2_INT.o)
 .debug_aranges
                0x00000768       0x38 .\CortexM3\ARM_GCC_493\Debug\PGRP700.a(Pin_WP.o)
 .debug_aranges
                0x000007a0       0x38 .\CortexM3\ARM_GCC_493\Debug\PGRP700.a(IB1.o)
 .debug_aranges
                0x000007d8       0x38 .\CortexM3\ARM_GCC_493\Debug\PGRP700.a(IB2.o)
 .debug_aranges
                0x00000810       0x38 .\CortexM3\ARM_GCC_493\Debug\PGRP700.a(I2C_1.o)
 .debug_aranges
                0x00000848       0x20 .\CortexM3\ARM_GCC_493\Debug\PGRP700.a(I2C_1_INT.o)
 .debug_aranges
                0x00000868       0x38 .\CortexM3\ARM_GCC_493\Debug\PGRP700.a(I2C_1_PM.o)
 .debug_aranges
                0x000008a0       0x88 .\CortexM3\ARM_GCC_493\Debug\PGRP700.a(I2C_1_MASTER.o)
 .debug_aranges
                0x00000928       0x70 .\CortexM3\ARM_GCC_493\Debug\PGRP700.a(Impresora_IntClock.o)
 .debug_aranges
                0x00000998       0x70 .\CortexM3\ARM_GCC_493\Debug\PGRP700.a(LCD_1_IntClock.o)
 .debug_aranges
                0x00000a08       0x70 .\CortexM3\ARM_GCC_493\Debug\PGRP700.a(LCD_2_IntClock.o)
 .debug_aranges
                0x00000a78       0x20 .\CortexM3\ARM_GCC_493\Debug\PGRP700.a(CyBootAsmGnu.o)
 .debug_aranges
                0x00000a98      0x298 .\CortexM3\ARM_GCC_493\Debug\PGRP700.a(CyLib.o)
 .debug_aranges
                0x00000d30       0x98 .\CortexM3\ARM_GCC_493\Debug\PGRP700.a(cyPm.o)
 .debug_aranges
                0x00000dc8       0x80 .\CortexM3\ARM_GCC_493\Debug\PGRP700.a(CyFlash.o)
 .debug_aranges
                0x00000e48       0x78 .\CortexM3\ARM_GCC_493\Debug\PGRP700.a(CySpc.o)

.debug_pubnames
 *(.debug_pubnames)

.debug_info     0x00000000    0x1ab3d
 *(.debug_info .gnu.linkonce.wi.*)
 .debug_info    0x00000000     0x8f61 .\CortexM3\ARM_GCC_493\Debug\main.o
 .debug_info    0x00008f61     0x408d .\CortexM3\ARM_GCC_493\Debug\protocolo.o
 .debug_info    0x0000cfee     0x1570 .\CortexM3\ARM_GCC_493\Debug\LCD.o
 .debug_info    0x0000e55e      0xf62 .\CortexM3\ARM_GCC_493\Debug\I2C.o
 .debug_info    0x0000f4c0     0x1854 .\CortexM3\ARM_GCC_493\Debug\ibuton.o
 .debug_info    0x00010d14     0x312c .\CortexM3\ARM_GCC_493\Debug\Print.o
 .debug_info    0x00013e40      0x13f .\CortexM3\ARM_GCC_493\Debug\cymetadata.o
 .debug_info    0x00013f7f      0x3a5 .\CortexM3\ARM_GCC_493\Debug\Cm3Start.o
 .debug_info    0x00014324      0x60d .\CortexM3\ARM_GCC_493\Debug\PGRP700.a(cyfitter_cfg.o)
 .debug_info    0x00014931      0x78c .\CortexM3\ARM_GCC_493\Debug\PGRP700.a(Surtidor.o)
 .debug_info    0x000150bd      0x13b .\CortexM3\ARM_GCC_493\Debug\PGRP700.a(Surtidor_INT.o)
 .debug_info    0x000151f8      0x7b2 .\CortexM3\ARM_GCC_493\Debug\PGRP700.a(Impresora.o)
 .debug_info    0x000159aa      0x12a .\CortexM3\ARM_GCC_493\Debug\PGRP700.a(Impresora_INT.o)
 .debug_info    0x00015ad4      0x7b2 .\CortexM3\ARM_GCC_493\Debug\PGRP700.a(LCD_1.o)
 .debug_info    0x00016286      0x12a .\CortexM3\ARM_GCC_493\Debug\PGRP700.a(LCD_1_INT.o)
 .debug_info    0x000163b0      0x7b2 .\CortexM3\ARM_GCC_493\Debug\PGRP700.a(LCD_2.o)
 .debug_info    0x00016b62      0x12a .\CortexM3\ARM_GCC_493\Debug\PGRP700.a(LCD_2_INT.o)
 .debug_info    0x00016c8c      0x11f .\CortexM3\ARM_GCC_493\Debug\PGRP700.a(Pin_WP.o)
 .debug_info    0x00016dab      0x11f .\CortexM3\ARM_GCC_493\Debug\PGRP700.a(IB1.o)
 .debug_info    0x00016eca      0x121 .\CortexM3\ARM_GCC_493\Debug\PGRP700.a(IB2.o)
 .debug_info    0x00016feb      0x2d7 .\CortexM3\ARM_GCC_493\Debug\PGRP700.a(I2C_1.o)
 .debug_info    0x000172c2      0x193 .\CortexM3\ARM_GCC_493\Debug\PGRP700.a(I2C_1_INT.o)
 .debug_info    0x00017455      0x1f2 .\CortexM3\ARM_GCC_493\Debug\PGRP700.a(I2C_1_PM.o)
 .debug_info    0x00017647      0x412 .\CortexM3\ARM_GCC_493\Debug\PGRP700.a(I2C_1_MASTER.o)
 .debug_info    0x00017a59      0x283 .\CortexM3\ARM_GCC_493\Debug\PGRP700.a(Impresora_IntClock.o)
 .debug_info    0x00017cdc      0x283 .\CortexM3\ARM_GCC_493\Debug\PGRP700.a(LCD_1_IntClock.o)
 .debug_info    0x00017f5f      0x283 .\CortexM3\ARM_GCC_493\Debug\PGRP700.a(LCD_2_IntClock.o)
 .debug_info    0x000181e2       0x98 .\CortexM3\ARM_GCC_493\Debug\PGRP700.a(CyBootAsmGnu.o)
 .debug_info    0x0001827a     0x1371 .\CortexM3\ARM_GCC_493\Debug\PGRP700.a(CyLib.o)
 .debug_info    0x000195eb      0xa58 .\CortexM3\ARM_GCC_493\Debug\PGRP700.a(cyPm.o)
 .debug_info    0x0001a043      0x60a .\CortexM3\ARM_GCC_493\Debug\PGRP700.a(CyFlash.o)
 .debug_info    0x0001a64d      0x4f0 .\CortexM3\ARM_GCC_493\Debug\PGRP700.a(CySpc.o)

.debug_abbrev   0x00000000     0x2c22
 *(.debug_abbrev)
 .debug_abbrev  0x00000000      0x1dd .\CortexM3\ARM_GCC_493\Debug\main.o
 .debug_abbrev  0x000001dd      0x227 .\CortexM3\ARM_GCC_493\Debug\protocolo.o
 .debug_abbrev  0x00000404      0x1b6 .\CortexM3\ARM_GCC_493\Debug\LCD.o
 .debug_abbrev  0x000005ba      0x221 .\CortexM3\ARM_GCC_493\Debug\I2C.o
 .debug_abbrev  0x000007db      0x201 .\CortexM3\ARM_GCC_493\Debug\ibuton.o
 .debug_abbrev  0x000009dc      0x227 .\CortexM3\ARM_GCC_493\Debug\Print.o
 .debug_abbrev  0x00000c03       0x77 .\CortexM3\ARM_GCC_493\Debug\cymetadata.o
 .debug_abbrev  0x00000c7a      0x20f .\CortexM3\ARM_GCC_493\Debug\Cm3Start.o
 .debug_abbrev  0x00000e89      0x212 .\CortexM3\ARM_GCC_493\Debug\PGRP700.a(cyfitter_cfg.o)
 .debug_abbrev  0x0000109b      0x1d0 .\CortexM3\ARM_GCC_493\Debug\PGRP700.a(Surtidor.o)
 .debug_abbrev  0x0000126b       0x8a .\CortexM3\ARM_GCC_493\Debug\PGRP700.a(Surtidor_INT.o)
 .debug_abbrev  0x000012f5      0x1d0 .\CortexM3\ARM_GCC_493\Debug\PGRP700.a(Impresora.o)
 .debug_abbrev  0x000014c5       0x8a .\CortexM3\ARM_GCC_493\Debug\PGRP700.a(Impresora_INT.o)
 .debug_abbrev  0x0000154f      0x1d0 .\CortexM3\ARM_GCC_493\Debug\PGRP700.a(LCD_1.o)
 .debug_abbrev  0x0000171f       0x8a .\CortexM3\ARM_GCC_493\Debug\PGRP700.a(LCD_1_INT.o)
 .debug_abbrev  0x000017a9      0x1d0 .\CortexM3\ARM_GCC_493\Debug\PGRP700.a(LCD_2.o)
 .debug_abbrev  0x00001979       0x8a .\CortexM3\ARM_GCC_493\Debug\PGRP700.a(LCD_2_INT.o)
 .debug_abbrev  0x00001a03       0x90 .\CortexM3\ARM_GCC_493\Debug\PGRP700.a(Pin_WP.o)
 .debug_abbrev  0x00001a93       0x90 .\CortexM3\ARM_GCC_493\Debug\PGRP700.a(IB1.o)
 .debug_abbrev  0x00001b23       0x90 .\CortexM3\ARM_GCC_493\Debug\PGRP700.a(IB2.o)
 .debug_abbrev  0x00001bb3      0x159 .\CortexM3\ARM_GCC_493\Debug\PGRP700.a(I2C_1.o)
 .debug_abbrev  0x00001d0c       0xdb .\CortexM3\ARM_GCC_493\Debug\PGRP700.a(I2C_1_INT.o)
 .debug_abbrev  0x00001de7      0x12b .\CortexM3\ARM_GCC_493\Debug\PGRP700.a(I2C_1_PM.o)
 .debug_abbrev  0x00001f12      0x13c .\CortexM3\ARM_GCC_493\Debug\PGRP700.a(I2C_1_MASTER.o)
 .debug_abbrev  0x0000204e      0x139 .\CortexM3\ARM_GCC_493\Debug\PGRP700.a(Impresora_IntClock.o)
 .debug_abbrev  0x00002187      0x139 .\CortexM3\ARM_GCC_493\Debug\PGRP700.a(LCD_1_IntClock.o)
 .debug_abbrev  0x000022c0      0x139 .\CortexM3\ARM_GCC_493\Debug\PGRP700.a(LCD_2_IntClock.o)
 .debug_abbrev  0x000023f9       0x14 .\CortexM3\ARM_GCC_493\Debug\PGRP700.a(CyBootAsmGnu.o)
 .debug_abbrev  0x0000240d      0x296 .\CortexM3\ARM_GCC_493\Debug\PGRP700.a(CyLib.o)
 .debug_abbrev  0x000026a3      0x1ed .\CortexM3\ARM_GCC_493\Debug\PGRP700.a(cyPm.o)
 .debug_abbrev  0x00002890      0x1d1 .\CortexM3\ARM_GCC_493\Debug\PGRP700.a(CyFlash.o)
 .debug_abbrev  0x00002a61      0x1c1 .\CortexM3\ARM_GCC_493\Debug\PGRP700.a(CySpc.o)

.debug_line     0x00000000     0x7cd0
 *(.debug_line)
 .debug_line    0x00000000     0x1962 .\CortexM3\ARM_GCC_493\Debug\main.o
 .debug_line    0x00001962     0x1837 .\CortexM3\ARM_GCC_493\Debug\protocolo.o
 .debug_line    0x00003199      0x67b .\CortexM3\ARM_GCC_493\Debug\LCD.o
 .debug_line    0x00003814      0x322 .\CortexM3\ARM_GCC_493\Debug\I2C.o
 .debug_line    0x00003b36      0x46c .\CortexM3\ARM_GCC_493\Debug\ibuton.o
 .debug_line    0x00003fa2      0xe6e .\CortexM3\ARM_GCC_493\Debug\Print.o
 .debug_line    0x00004e10       0x53 .\CortexM3\ARM_GCC_493\Debug\cymetadata.o
 .debug_line    0x00004e63      0x249 .\CortexM3\ARM_GCC_493\Debug\Cm3Start.o
 .debug_line    0x000050ac      0x203 .\CortexM3\ARM_GCC_493\Debug\PGRP700.a(cyfitter_cfg.o)
 .debug_line    0x000052af      0x31b .\CortexM3\ARM_GCC_493\Debug\PGRP700.a(Surtidor.o)
 .debug_line    0x000055ca       0x8e .\CortexM3\ARM_GCC_493\Debug\PGRP700.a(Surtidor_INT.o)
 .debug_line    0x00005658      0x334 .\CortexM3\ARM_GCC_493\Debug\PGRP700.a(Impresora.o)
 .debug_line    0x0000598c       0x90 .\CortexM3\ARM_GCC_493\Debug\PGRP700.a(Impresora_INT.o)
 .debug_line    0x00005a1c      0x32c .\CortexM3\ARM_GCC_493\Debug\PGRP700.a(LCD_1.o)
 .debug_line    0x00005d48       0x88 .\CortexM3\ARM_GCC_493\Debug\PGRP700.a(LCD_1_INT.o)
 .debug_line    0x00005dd0      0x32c .\CortexM3\ARM_GCC_493\Debug\PGRP700.a(LCD_2.o)
 .debug_line    0x000060fc       0x88 .\CortexM3\ARM_GCC_493\Debug\PGRP700.a(LCD_2_INT.o)
 .debug_line    0x00006184       0x95 .\CortexM3\ARM_GCC_493\Debug\PGRP700.a(Pin_WP.o)
 .debug_line    0x00006219       0x92 .\CortexM3\ARM_GCC_493\Debug\PGRP700.a(IB1.o)
 .debug_line    0x000062ab       0x92 .\CortexM3\ARM_GCC_493\Debug\PGRP700.a(IB2.o)
 .debug_line    0x0000633d       0xde .\CortexM3\ARM_GCC_493\Debug\PGRP700.a(I2C_1.o)
 .debug_line    0x0000641b      0x12a .\CortexM3\ARM_GCC_493\Debug\PGRP700.a(I2C_1_INT.o)
 .debug_line    0x00006545       0xc4 .\CortexM3\ARM_GCC_493\Debug\PGRP700.a(I2C_1_PM.o)
 .debug_line    0x00006609      0x203 .\CortexM3\ARM_GCC_493\Debug\PGRP700.a(I2C_1_MASTER.o)
 .debug_line    0x0000680c      0x19a .\CortexM3\ARM_GCC_493\Debug\PGRP700.a(Impresora_IntClock.o)
 .debug_line    0x000069a6      0x196 .\CortexM3\ARM_GCC_493\Debug\PGRP700.a(LCD_1_IntClock.o)
 .debug_line    0x00006b3c      0x196 .\CortexM3\ARM_GCC_493\Debug\PGRP700.a(LCD_2_IntClock.o)
 .debug_line    0x00006cd2       0x68 .\CortexM3\ARM_GCC_493\Debug\PGRP700.a(CyBootAsmGnu.o)
 .debug_line    0x00006d3a      0x806 .\CortexM3\ARM_GCC_493\Debug\PGRP700.a(CyLib.o)
 .debug_line    0x00007540      0x366 .\CortexM3\ARM_GCC_493\Debug\PGRP700.a(cyPm.o)
 .debug_line    0x000078a6      0x1ec .\CortexM3\ARM_GCC_493\Debug\PGRP700.a(CyFlash.o)
 .debug_line    0x00007a92      0x23e .\CortexM3\ARM_GCC_493\Debug\PGRP700.a(CySpc.o)

.debug_frame    0x00000000     0x2644
 *(.debug_frame)
 .debug_frame   0x00000000       0xf4 .\CortexM3\ARM_GCC_493\Debug\main.o
 .debug_frame   0x000000f4      0x124 .\CortexM3\ARM_GCC_493\Debug\protocolo.o
 .debug_frame   0x00000218      0x258 .\CortexM3\ARM_GCC_493\Debug\LCD.o
 .debug_frame   0x00000470       0xfc .\CortexM3\ARM_GCC_493\Debug\I2C.o
 .debug_frame   0x0000056c       0xc4 .\CortexM3\ARM_GCC_493\Debug\ibuton.o
 .debug_frame   0x00000630      0x134 .\CortexM3\ARM_GCC_493\Debug\Print.o
 .debug_frame   0x00000764       0xac .\CortexM3\ARM_GCC_493\Debug\Cm3Start.o
 .debug_frame   0x00000810       0xe4 .\CortexM3\ARM_GCC_493\Debug\PGRP700.a(cyfitter_cfg.o)
 .debug_frame   0x000008f4      0x290 .\CortexM3\ARM_GCC_493\Debug\PGRP700.a(Surtidor.o)
 .debug_frame   0x00000b84       0x20 .\CortexM3\ARM_GCC_493\Debug\PGRP700.a(Surtidor_INT.o)
 .debug_frame   0x00000ba4      0x290 .\CortexM3\ARM_GCC_493\Debug\PGRP700.a(Impresora.o)
 .debug_frame   0x00000e34       0x20 .\CortexM3\ARM_GCC_493\Debug\PGRP700.a(Impresora_INT.o)
 .debug_frame   0x00000e54      0x290 .\CortexM3\ARM_GCC_493\Debug\PGRP700.a(LCD_1.o)
 .debug_frame   0x000010e4       0x20 .\CortexM3\ARM_GCC_493\Debug\PGRP700.a(LCD_1_INT.o)
 .debug_frame   0x00001104      0x290 .\CortexM3\ARM_GCC_493\Debug\PGRP700.a(LCD_2.o)
 .debug_frame   0x00001394       0x20 .\CortexM3\ARM_GCC_493\Debug\PGRP700.a(LCD_2_INT.o)
 .debug_frame   0x000013b4       0x50 .\CortexM3\ARM_GCC_493\Debug\PGRP700.a(Pin_WP.o)
 .debug_frame   0x00001404       0x50 .\CortexM3\ARM_GCC_493\Debug\PGRP700.a(IB1.o)
 .debug_frame   0x00001454       0x50 .\CortexM3\ARM_GCC_493\Debug\PGRP700.a(IB2.o)
 .debug_frame   0x000014a4       0x8c .\CortexM3\ARM_GCC_493\Debug\PGRP700.a(I2C_1.o)
 .debug_frame   0x00001530       0x30 .\CortexM3\ARM_GCC_493\Debug\PGRP700.a(I2C_1_INT.o)
 .debug_frame   0x00001560       0x74 .\CortexM3\ARM_GCC_493\Debug\PGRP700.a(I2C_1_PM.o)
 .debug_frame   0x000015d4      0x120 .\CortexM3\ARM_GCC_493\Debug\PGRP700.a(I2C_1_MASTER.o)
 .debug_frame   0x000016f4       0xe0 .\CortexM3\ARM_GCC_493\Debug\PGRP700.a(Impresora_IntClock.o)
 .debug_frame   0x000017d4       0xe0 .\CortexM3\ARM_GCC_493\Debug\PGRP700.a(LCD_1_IntClock.o)
 .debug_frame   0x000018b4       0xe0 .\CortexM3\ARM_GCC_493\Debug\PGRP700.a(LCD_2_IntClock.o)
 .debug_frame   0x00001994      0x728 .\CortexM3\ARM_GCC_493\Debug\PGRP700.a(CyLib.o)
 .debug_frame   0x000020bc      0x1f8 .\CortexM3\ARM_GCC_493\Debug\PGRP700.a(cyPm.o)
 .debug_frame   0x000022b4      0x174 .\CortexM3\ARM_GCC_493\Debug\PGRP700.a(CyFlash.o)
 .debug_frame   0x00002428      0x160 .\CortexM3\ARM_GCC_493\Debug\PGRP700.a(CySpc.o)
 .debug_frame   0x00002588       0x20 c:/program files (x86)/cypress/psoc creator/3.3/psoc creator/import/gnu/arm/4.9.3/bin/../lib/gcc/arm-none-eabi/4.9.3/../../../../arm-none-eabi/lib/armv7-m\libg_nano.a(lib_a-errno.o)
 .debug_frame   0x000025a8       0x28 c:/program files (x86)/cypress/psoc creator/3.3/psoc creator/import/gnu/arm/4.9.3/bin/../lib/gcc/arm-none-eabi/4.9.3/../../../../arm-none-eabi/lib/armv7-m\libg_nano.a(lib_a-exit.o)
 .debug_frame   0x000025d0       0x2c c:/program files (x86)/cypress/psoc creator/3.3/psoc creator/import/gnu/arm/4.9.3/bin/../lib/gcc/arm-none-eabi/4.9.3/../../../../arm-none-eabi/lib/armv7-m\libg_nano.a(lib_a-init.o)
 .debug_frame   0x000025fc       0x28 c:/program files (x86)/cypress/psoc creator/3.3/psoc creator/import/gnu/arm/4.9.3/bin/../lib/gcc/arm-none-eabi/4.9.3/../../../../arm-none-eabi/lib/armv7-m\libg_nano.a(lib_a-memcpy.o)
 .debug_frame   0x00002624       0x20 c:/program files (x86)/cypress/psoc creator/3.3/psoc creator/import/gnu/arm/4.9.3/bin/../lib/gcc/arm-none-eabi/4.9.3/../../../../arm-none-eabi/lib/armv7-m\libg_nano.a(lib_a-memset.o)

.debug_str      0x00000000     0x3220
 *(.debug_str)
 .debug_str     0x00000000      0x83a .\CortexM3\ARM_GCC_493\Debug\main.o
                                0x8d9 (size before relaxing)
 .debug_str     0x0000083a      0x127 .\CortexM3\ARM_GCC_493\Debug\protocolo.o
                                0x756 (size before relaxing)
 .debug_str     0x00000961        0xd .\CortexM3\ARM_GCC_493\Debug\LCD.o
                                0x68d (size before relaxing)
 .debug_str     0x0000096e       0x8f .\CortexM3\ARM_GCC_493\Debug\I2C.o
                                0x6a3 (size before relaxing)
 .debug_str     0x000009fd       0x44 .\CortexM3\ARM_GCC_493\Debug\ibuton.o
                                0x672 (size before relaxing)
 .debug_str     0x00000a41      0x23a .\CortexM3\ARM_GCC_493\Debug\Print.o
                                0x881 (size before relaxing)
 .debug_str     0x00000c7b       0x77 .\CortexM3\ARM_GCC_493\Debug\cymetadata.o
                                0x1f2 (size before relaxing)
 .debug_str     0x00000cf2      0x160 .\CortexM3\ARM_GCC_493\Debug\Cm3Start.o
                                0x306 (size before relaxing)
 .debug_str     0x00000e52      0x18b .\CortexM3\ARM_GCC_493\Debug\PGRP700.a(cyfitter_cfg.o)
                                0x340 (size before relaxing)
 .debug_str     0x00000fdd      0x37d .\CortexM3\ARM_GCC_493\Debug\PGRP700.a(Surtidor.o)
                                0x5bd (size before relaxing)
 .debug_str     0x0000135a       0x52 .\CortexM3\ARM_GCC_493\Debug\PGRP700.a(Surtidor_INT.o)
                                0x24e (size before relaxing)
 .debug_str     0x000013ac      0x343 .\CortexM3\ARM_GCC_493\Debug\PGRP700.a(Impresora.o)
                                0x612 (size before relaxing)
 .debug_str     0x000016ef       0x39 .\CortexM3\ARM_GCC_493\Debug\PGRP700.a(Impresora_INT.o)
                                0x24e (size before relaxing)
 .debug_str     0x00001728      0x280 .\CortexM3\ARM_GCC_493\Debug\PGRP700.a(LCD_1.o)
                                0x57a (size before relaxing)
 .debug_str     0x000019a8       0x31 .\CortexM3\ARM_GCC_493\Debug\PGRP700.a(LCD_1_INT.o)
                                0x232 (size before relaxing)
 .debug_str     0x000019d9      0x280 .\CortexM3\ARM_GCC_493\Debug\PGRP700.a(LCD_2.o)
                                0x57a (size before relaxing)
 .debug_str     0x00001c59       0x31 .\CortexM3\ARM_GCC_493\Debug\PGRP700.a(LCD_2_INT.o)
                                0x232 (size before relaxing)
 .debug_str     0x00001c8a       0x65 .\CortexM3\ARM_GCC_493\Debug\PGRP700.a(Pin_WP.o)
                                0x1ef (size before relaxing)
 .debug_str     0x00001cef       0x40 .\CortexM3\ARM_GCC_493\Debug\PGRP700.a(IB1.o)
                                0x1e0 (size before relaxing)
 .debug_str     0x00001d2f       0x40 .\CortexM3\ARM_GCC_493\Debug\PGRP700.a(IB2.o)
                                0x1e0 (size before relaxing)
 .debug_str     0x00001d6f       0xd3 .\CortexM3\ARM_GCC_493\Debug\PGRP700.a(I2C_1.o)
                                0x300 (size before relaxing)
 .debug_str     0x00001e42       0xe2 .\CortexM3\ARM_GCC_493\Debug\PGRP700.a(I2C_1_INT.o)
                                0x282 (size before relaxing)
 .debug_str     0x00001f24       0x62 .\CortexM3\ARM_GCC_493\Debug\PGRP700.a(I2C_1_PM.o)
                                0x28e (size before relaxing)
 .debug_str     0x00001f86       0xed .\CortexM3\ARM_GCC_493\Debug\PGRP700.a(I2C_1_MASTER.o)
                                0x3df (size before relaxing)
 .debug_str     0x00002073      0x1b7 .\CortexM3\ARM_GCC_493\Debug\PGRP700.a(Impresora_IntClock.o)
                                0x37a (size before relaxing)
 .debug_str     0x0000222a      0x144 .\CortexM3\ARM_GCC_493\Debug\PGRP700.a(LCD_1_IntClock.o)
                                0x34a (size before relaxing)
 .debug_str     0x0000236e      0x144 .\CortexM3\ARM_GCC_493\Debug\PGRP700.a(LCD_2_IntClock.o)
                                0x34a (size before relaxing)
 .debug_str     0x000024b2      0x7ce .\CortexM3\ARM_GCC_493\Debug\PGRP700.a(CyLib.o)
                                0xa2b (size before relaxing)
 .debug_str     0x00002c80      0x35b .\CortexM3\ARM_GCC_493\Debug\PGRP700.a(cyPm.o)
                                0x723 (size before relaxing)
 .debug_str     0x00002fdb      0x197 .\CortexM3\ARM_GCC_493\Debug\PGRP700.a(CyFlash.o)
                                0x39d (size before relaxing)
 .debug_str     0x00003172       0xae .\CortexM3\ARM_GCC_493\Debug\PGRP700.a(CySpc.o)
                                0x326 (size before relaxing)

.debug_loc      0x00000000     0x54c0
 *(.debug_loc)
 .debug_loc     0x00000000       0x64 .\CortexM3\ARM_GCC_493\Debug\main.o
 .debug_loc     0x00000064      0x91b .\CortexM3\ARM_GCC_493\Debug\protocolo.o
 .debug_loc     0x0000097f      0x3f0 .\CortexM3\ARM_GCC_493\Debug\LCD.o
 .debug_loc     0x00000d6f      0x3f1 .\CortexM3\ARM_GCC_493\Debug\I2C.o
 .debug_loc     0x00001160      0x7bb .\CortexM3\ARM_GCC_493\Debug\ibuton.o
 .debug_loc     0x0000191b      0xb2a .\CortexM3\ARM_GCC_493\Debug\Print.o
 .debug_loc     0x00002445      0x144 .\CortexM3\ARM_GCC_493\Debug\Cm3Start.o
 .debug_loc     0x00002589      0x259 .\CortexM3\ARM_GCC_493\Debug\PGRP700.a(cyfitter_cfg.o)
 .debug_loc     0x000027e2      0x32f .\CortexM3\ARM_GCC_493\Debug\PGRP700.a(Surtidor.o)
 .debug_loc     0x00002b11       0x3e .\CortexM3\ARM_GCC_493\Debug\PGRP700.a(Surtidor_INT.o)
 .debug_loc     0x00002b4f      0x32f .\CortexM3\ARM_GCC_493\Debug\PGRP700.a(Impresora.o)
 .debug_loc     0x00002e7e       0x3e .\CortexM3\ARM_GCC_493\Debug\PGRP700.a(Impresora_INT.o)
 .debug_loc     0x00002ebc      0x32f .\CortexM3\ARM_GCC_493\Debug\PGRP700.a(LCD_1.o)
 .debug_loc     0x000031eb       0x3e .\CortexM3\ARM_GCC_493\Debug\PGRP700.a(LCD_1_INT.o)
 .debug_loc     0x00003229      0x32f .\CortexM3\ARM_GCC_493\Debug\PGRP700.a(LCD_2.o)
 .debug_loc     0x00003558       0x3e .\CortexM3\ARM_GCC_493\Debug\PGRP700.a(LCD_2_INT.o)
 .debug_loc     0x00003596       0x42 .\CortexM3\ARM_GCC_493\Debug\PGRP700.a(Pin_WP.o)
 .debug_loc     0x000035d8       0x42 .\CortexM3\ARM_GCC_493\Debug\PGRP700.a(IB1.o)
 .debug_loc     0x0000361a       0x55 .\CortexM3\ARM_GCC_493\Debug\PGRP700.a(IB2.o)
 .debug_loc     0x0000366f       0x26 .\CortexM3\ARM_GCC_493\Debug\PGRP700.a(I2C_1.o)
 .debug_loc     0x00003695       0x29 .\CortexM3\ARM_GCC_493\Debug\PGRP700.a(I2C_1_INT.o)
 .debug_loc     0x000036be       0x13 .\CortexM3\ARM_GCC_493\Debug\PGRP700.a(I2C_1_PM.o)
 .debug_loc     0x000036d1      0x531 .\CortexM3\ARM_GCC_493\Debug\PGRP700.a(I2C_1_MASTER.o)
 .debug_loc     0x00003c02      0x128 .\CortexM3\ARM_GCC_493\Debug\PGRP700.a(Impresora_IntClock.o)
 .debug_loc     0x00003d2a      0x12c .\CortexM3\ARM_GCC_493\Debug\PGRP700.a(LCD_1_IntClock.o)
 .debug_loc     0x00003e56      0x128 .\CortexM3\ARM_GCC_493\Debug\PGRP700.a(LCD_2_IntClock.o)
 .debug_loc     0x00003f7e      0xa11 .\CortexM3\ARM_GCC_493\Debug\PGRP700.a(CyLib.o)
 .debug_loc     0x0000498f      0x1e4 .\CortexM3\ARM_GCC_493\Debug\PGRP700.a(cyPm.o)
 .debug_loc     0x00004b73      0x300 .\CortexM3\ARM_GCC_493\Debug\PGRP700.a(CyFlash.o)
 .debug_loc     0x00004e73      0x64d .\CortexM3\ARM_GCC_493\Debug\PGRP700.a(CySpc.o)

.debug_macinfo
 *(.debug_macinfo)

.debug_ranges   0x00000000      0xca8
 *(.debug_ranges)
 .debug_ranges  0x00000000       0x48 .\CortexM3\ARM_GCC_493\Debug\main.o
 .debug_ranges  0x00000048       0x48 .\CortexM3\ARM_GCC_493\Debug\protocolo.o
 .debug_ranges  0x00000090       0x80 .\CortexM3\ARM_GCC_493\Debug\LCD.o
 .debug_ranges  0x00000110       0x40 .\CortexM3\ARM_GCC_493\Debug\I2C.o
 .debug_ranges  0x00000150       0x38 .\CortexM3\ARM_GCC_493\Debug\ibuton.o
 .debug_ranges  0x00000188       0x48 .\CortexM3\ARM_GCC_493\Debug\Print.o
 .debug_ranges  0x000001d0       0x38 .\CortexM3\ARM_GCC_493\Debug\Cm3Start.o
 .debug_ranges  0x00000208       0x48 .\CortexM3\ARM_GCC_493\Debug\PGRP700.a(cyfitter_cfg.o)
 .debug_ranges  0x00000250       0xf0 .\CortexM3\ARM_GCC_493\Debug\PGRP700.a(Surtidor.o)
 .debug_ranges  0x00000340       0x10 .\CortexM3\ARM_GCC_493\Debug\PGRP700.a(Surtidor_INT.o)
 .debug_ranges  0x00000350       0xf0 .\CortexM3\ARM_GCC_493\Debug\PGRP700.a(Impresora.o)
 .debug_ranges  0x00000440       0x10 .\CortexM3\ARM_GCC_493\Debug\PGRP700.a(Impresora_INT.o)
 .debug_ranges  0x00000450       0xf0 .\CortexM3\ARM_GCC_493\Debug\PGRP700.a(LCD_1.o)
 .debug_ranges  0x00000540       0x10 .\CortexM3\ARM_GCC_493\Debug\PGRP700.a(LCD_1_INT.o)
 .debug_ranges  0x00000550       0xf0 .\CortexM3\ARM_GCC_493\Debug\PGRP700.a(LCD_2.o)
 .debug_ranges  0x00000640       0x10 .\CortexM3\ARM_GCC_493\Debug\PGRP700.a(LCD_2_INT.o)
 .debug_ranges  0x00000650       0x28 .\CortexM3\ARM_GCC_493\Debug\PGRP700.a(Pin_WP.o)
 .debug_ranges  0x00000678       0x28 .\CortexM3\ARM_GCC_493\Debug\PGRP700.a(IB1.o)
 .debug_ranges  0x000006a0       0x28 .\CortexM3\ARM_GCC_493\Debug\PGRP700.a(IB2.o)
 .debug_ranges  0x000006c8       0x28 .\CortexM3\ARM_GCC_493\Debug\PGRP700.a(I2C_1.o)
 .debug_ranges  0x000006f0       0x10 .\CortexM3\ARM_GCC_493\Debug\PGRP700.a(I2C_1_INT.o)
 .debug_ranges  0x00000700       0x28 .\CortexM3\ARM_GCC_493\Debug\PGRP700.a(I2C_1_PM.o)
 .debug_ranges  0x00000728       0x78 .\CortexM3\ARM_GCC_493\Debug\PGRP700.a(I2C_1_MASTER.o)
 .debug_ranges  0x000007a0       0x60 .\CortexM3\ARM_GCC_493\Debug\PGRP700.a(Impresora_IntClock.o)
 .debug_ranges  0x00000800       0x60 .\CortexM3\ARM_GCC_493\Debug\PGRP700.a(LCD_1_IntClock.o)
 .debug_ranges  0x00000860       0x60 .\CortexM3\ARM_GCC_493\Debug\PGRP700.a(LCD_2_IntClock.o)
 .debug_ranges  0x000008c0      0x288 .\CortexM3\ARM_GCC_493\Debug\PGRP700.a(CyLib.o)
 .debug_ranges  0x00000b48       0x88 .\CortexM3\ARM_GCC_493\Debug\PGRP700.a(cyPm.o)
 .debug_ranges  0x00000bd0       0x70 .\CortexM3\ARM_GCC_493\Debug\PGRP700.a(CyFlash.o)
 .debug_ranges  0x00000c40       0x68 .\CortexM3\ARM_GCC_493\Debug\PGRP700.a(CySpc.o)

.comment        0x00000000       0x70
 .comment       0x00000000       0x70 .\CortexM3\ARM_GCC_493\Debug\main.o
                                 0x71 (size before relaxing)
 .comment       0x00000000       0x71 .\CortexM3\ARM_GCC_493\Debug\protocolo.o
 .comment       0x00000000       0x71 .\CortexM3\ARM_GCC_493\Debug\LCD.o
 .comment       0x00000000       0x71 .\CortexM3\ARM_GCC_493\Debug\I2C.o
 .comment       0x00000000       0x71 .\CortexM3\ARM_GCC_493\Debug\ibuton.o
 .comment       0x00000000       0x71 .\CortexM3\ARM_GCC_493\Debug\Print.o
 .comment       0x00000000       0x71 .\CortexM3\ARM_GCC_493\Debug\cymetadata.o
 .comment       0x00000000       0x71 .\CortexM3\ARM_GCC_493\Debug\Cm3Start.o
 .comment       0x00000000       0x71 .\CortexM3\ARM_GCC_493\Debug\PGRP700.a(cyfitter_cfg.o)
 .comment       0x00000000       0x71 .\CortexM3\ARM_GCC_493\Debug\PGRP700.a(Surtidor.o)
 .comment       0x00000000       0x71 .\CortexM3\ARM_GCC_493\Debug\PGRP700.a(Surtidor_INT.o)
 .comment       0x00000000       0x71 .\CortexM3\ARM_GCC_493\Debug\PGRP700.a(Impresora.o)
 .comment       0x00000000       0x71 .\CortexM3\ARM_GCC_493\Debug\PGRP700.a(Impresora_INT.o)
 .comment       0x00000000       0x71 .\CortexM3\ARM_GCC_493\Debug\PGRP700.a(LCD_1.o)
 .comment       0x00000000       0x71 .\CortexM3\ARM_GCC_493\Debug\PGRP700.a(LCD_1_INT.o)
 .comment       0x00000000       0x71 .\CortexM3\ARM_GCC_493\Debug\PGRP700.a(LCD_2.o)
 .comment       0x00000000       0x71 .\CortexM3\ARM_GCC_493\Debug\PGRP700.a(LCD_2_INT.o)
 .comment       0x00000000       0x71 .\CortexM3\ARM_GCC_493\Debug\PGRP700.a(Pin_WP.o)
 .comment       0x00000000       0x71 .\CortexM3\ARM_GCC_493\Debug\PGRP700.a(IB1.o)
 .comment       0x00000000       0x71 .\CortexM3\ARM_GCC_493\Debug\PGRP700.a(IB2.o)
 .comment       0x00000000       0x71 .\CortexM3\ARM_GCC_493\Debug\PGRP700.a(I2C_1.o)
 .comment       0x00000000       0x71 .\CortexM3\ARM_GCC_493\Debug\PGRP700.a(I2C_1_INT.o)
 .comment       0x00000000       0x71 .\CortexM3\ARM_GCC_493\Debug\PGRP700.a(I2C_1_PM.o)
 .comment       0x00000000       0x71 .\CortexM3\ARM_GCC_493\Debug\PGRP700.a(I2C_1_MASTER.o)
 .comment       0x00000000       0x71 .\CortexM3\ARM_GCC_493\Debug\PGRP700.a(Impresora_IntClock.o)
 .comment       0x00000000       0x71 .\CortexM3\ARM_GCC_493\Debug\PGRP700.a(LCD_1_IntClock.o)
 .comment       0x00000000       0x71 .\CortexM3\ARM_GCC_493\Debug\PGRP700.a(LCD_2_IntClock.o)
 .comment       0x00000000       0x71 .\CortexM3\ARM_GCC_493\Debug\PGRP700.a(CyLib.o)
 .comment       0x00000000       0x71 .\CortexM3\ARM_GCC_493\Debug\PGRP700.a(cyPm.o)
 .comment       0x00000000       0x71 .\CortexM3\ARM_GCC_493\Debug\PGRP700.a(CyFlash.o)
 .comment       0x00000000       0x71 .\CortexM3\ARM_GCC_493\Debug\PGRP700.a(CySpc.o)

.debug_weaknames
 *(.debug_weaknames)

.debug_funcnames
 *(.debug_funcnames)

.debug_typenames
 *(.debug_typenames)

.debug_varnames
 *(.debug_varnames)

.note.gnu.arm.ident
 *(.note.gnu.arm.ident)

.ARM.attributes
                0x00000000       0x29
 *(.ARM.attributes)
 .ARM.attributes
                0x00000000       0x1d c:/program files (x86)/cypress/psoc creator/3.3/psoc creator/import/gnu/arm/4.9.3/bin/../lib/gcc/arm-none-eabi/4.9.3/armv7-m/crti.o
 .ARM.attributes
                0x0000001d       0x2d c:/program files (x86)/cypress/psoc creator/3.3/psoc creator/import/gnu/arm/4.9.3/bin/../lib/gcc/arm-none-eabi/4.9.3/armv7-m/crtbegin.o
 .ARM.attributes
                0x0000004a       0x1b c:/program files (x86)/cypress/psoc creator/3.3/psoc creator/import/gnu/arm/4.9.3/bin/../lib/gcc/arm-none-eabi/4.9.3/../../../../arm-none-eabi/lib/armv7-m/crt0.o
 .ARM.attributes
                0x00000065       0x33 .\CortexM3\ARM_GCC_493\Debug\main.o
 .ARM.attributes
                0x00000098       0x33 .\CortexM3\ARM_GCC_493\Debug\protocolo.o
 .ARM.attributes
                0x000000cb       0x33 .\CortexM3\ARM_GCC_493\Debug\LCD.o
 .ARM.attributes
                0x000000fe       0x33 .\CortexM3\ARM_GCC_493\Debug\I2C.o
 .ARM.attributes
                0x00000131       0x33 .\CortexM3\ARM_GCC_493\Debug\ibuton.o
 .ARM.attributes
                0x00000164       0x33 .\CortexM3\ARM_GCC_493\Debug\Print.o
 .ARM.attributes
                0x00000197       0x33 .\CortexM3\ARM_GCC_493\Debug\cymetadata.o
 .ARM.attributes
                0x000001ca       0x33 .\CortexM3\ARM_GCC_493\Debug\Cm3Start.o
 .ARM.attributes
                0x000001fd       0x33 .\CortexM3\ARM_GCC_493\Debug\PGRP700.a(cyfitter_cfg.o)
 .ARM.attributes
                0x00000230       0x33 .\CortexM3\ARM_GCC_493\Debug\PGRP700.a(Surtidor.o)
 .ARM.attributes
                0x00000263       0x33 .\CortexM3\ARM_GCC_493\Debug\PGRP700.a(Surtidor_INT.o)
 .ARM.attributes
                0x00000296       0x33 .\CortexM3\ARM_GCC_493\Debug\PGRP700.a(Impresora.o)
 .ARM.attributes
                0x000002c9       0x33 .\CortexM3\ARM_GCC_493\Debug\PGRP700.a(Impresora_INT.o)
 .ARM.attributes
                0x000002fc       0x33 .\CortexM3\ARM_GCC_493\Debug\PGRP700.a(LCD_1.o)
 .ARM.attributes
                0x0000032f       0x33 .\CortexM3\ARM_GCC_493\Debug\PGRP700.a(LCD_1_INT.o)
 .ARM.attributes
                0x00000362       0x33 .\CortexM3\ARM_GCC_493\Debug\PGRP700.a(LCD_2.o)
 .ARM.attributes
                0x00000395       0x33 .\CortexM3\ARM_GCC_493\Debug\PGRP700.a(LCD_2_INT.o)
 .ARM.attributes
                0x000003c8       0x33 .\CortexM3\ARM_GCC_493\Debug\PGRP700.a(Pin_WP.o)
 .ARM.attributes
                0x000003fb       0x33 .\CortexM3\ARM_GCC_493\Debug\PGRP700.a(IB1.o)
 .ARM.attributes
                0x0000042e       0x33 .\CortexM3\ARM_GCC_493\Debug\PGRP700.a(IB2.o)
 .ARM.attributes
                0x00000461       0x33 .\CortexM3\ARM_GCC_493\Debug\PGRP700.a(I2C_1.o)
 .ARM.attributes
                0x00000494       0x33 .\CortexM3\ARM_GCC_493\Debug\PGRP700.a(I2C_1_INT.o)
 .ARM.attributes
                0x000004c7       0x33 .\CortexM3\ARM_GCC_493\Debug\PGRP700.a(I2C_1_PM.o)
 .ARM.attributes
                0x000004fa       0x33 .\CortexM3\ARM_GCC_493\Debug\PGRP700.a(I2C_1_MASTER.o)
 .ARM.attributes
                0x0000052d       0x33 .\CortexM3\ARM_GCC_493\Debug\PGRP700.a(Impresora_IntClock.o)
 .ARM.attributes
                0x00000560       0x33 .\CortexM3\ARM_GCC_493\Debug\PGRP700.a(LCD_1_IntClock.o)
 .ARM.attributes
                0x00000593       0x33 .\CortexM3\ARM_GCC_493\Debug\PGRP700.a(LCD_2_IntClock.o)
 .ARM.attributes
                0x000005c6       0x21 .\CortexM3\ARM_GCC_493\Debug\PGRP700.a(CyBootAsmGnu.o)
 .ARM.attributes
                0x000005e7       0x33 .\CortexM3\ARM_GCC_493\Debug\PGRP700.a(CyLib.o)
 .ARM.attributes
                0x0000061a       0x33 .\CortexM3\ARM_GCC_493\Debug\PGRP700.a(cyPm.o)
 .ARM.attributes
                0x0000064d       0x33 .\CortexM3\ARM_GCC_493\Debug\PGRP700.a(CyFlash.o)
 .ARM.attributes
                0x00000680       0x33 .\CortexM3\ARM_GCC_493\Debug\PGRP700.a(CySpc.o)
 .ARM.attributes
                0x000006b3       0x2d c:/program files (x86)/cypress/psoc creator/3.3/psoc creator/import/gnu/arm/4.9.3/bin/../lib/gcc/arm-none-eabi/4.9.3/../../../../arm-none-eabi/lib/armv7-m\libg_nano.a(lib_a-errno.o)
 .ARM.attributes
                0x000006e0       0x2d c:/program files (x86)/cypress/psoc creator/3.3/psoc creator/import/gnu/arm/4.9.3/bin/../lib/gcc/arm-none-eabi/4.9.3/../../../../arm-none-eabi/lib/armv7-m\libg_nano.a(lib_a-exit.o)
 .ARM.attributes
                0x0000070d       0x2d c:/program files (x86)/cypress/psoc creator/3.3/psoc creator/import/gnu/arm/4.9.3/bin/../lib/gcc/arm-none-eabi/4.9.3/../../../../arm-none-eabi/lib/armv7-m\libg_nano.a(lib_a-impure.o)
 .ARM.attributes
                0x0000073a       0x2d c:/program files (x86)/cypress/psoc creator/3.3/psoc creator/import/gnu/arm/4.9.3/bin/../lib/gcc/arm-none-eabi/4.9.3/../../../../arm-none-eabi/lib/armv7-m\libg_nano.a(lib_a-init.o)
 .ARM.attributes
                0x00000767       0x2d c:/program files (x86)/cypress/psoc creator/3.3/psoc creator/import/gnu/arm/4.9.3/bin/../lib/gcc/arm-none-eabi/4.9.3/../../../../arm-none-eabi/lib/armv7-m\libg_nano.a(lib_a-memcpy.o)
 .ARM.attributes
                0x00000794       0x2d c:/program files (x86)/cypress/psoc creator/3.3/psoc creator/import/gnu/arm/4.9.3/bin/../lib/gcc/arm-none-eabi/4.9.3/../../../../arm-none-eabi/lib/armv7-m\libg_nano.a(lib_a-memset.o)
 .ARM.attributes
                0x000007c1       0x2d c:/program files (x86)/cypress/psoc creator/3.3/psoc creator/import/gnu/arm/4.9.3/bin/../lib/gcc/arm-none-eabi/4.9.3/armv7-m/crtend.o
 .ARM.attributes
                0x000007ee       0x1d c:/program files (x86)/cypress/psoc creator/3.3/psoc creator/import/gnu/arm/4.9.3/bin/../lib/gcc/arm-none-eabi/4.9.3/armv7-m/crtn.o

/DISCARD/
 *(.note.GNU-stack)
OUTPUT(.\CortexM3\ARM_GCC_493\Debug\PGRP700.elf elf32-littlearm)
