ARM GAS  C:\Users\RECEPC~1\AppData\Local\Temp\cc085Xjf.s 			page 1


   1              		.syntax unified
   2              		.cpu cortex-m3
   3              		.fpu softvfp
   4              		.eabi_attribute 20, 1
   5              		.eabi_attribute 21, 1
   6              		.eabi_attribute 23, 3
   7              		.eabi_attribute 24, 1
   8              		.eabi_attribute 25, 1
   9              		.eabi_attribute 26, 1
  10              		.eabi_attribute 30, 1
  11              		.eabi_attribute 34, 1
  12              		.eabi_attribute 18, 4
  13              		.thumb
  14              		.file	"Surtidor_INT.c"
  15              		.text
  16              	.Ltext0:
  17              		.cfi_sections	.debug_frame
  18              		.section	.text.Surtidor_RXISR,"ax",%progbits
  19              		.align	2
  20              		.global	Surtidor_RXISR
  21              		.thumb
  22              		.thumb_func
  23              		.type	Surtidor_RXISR, %function
  24              	Surtidor_RXISR:
  25              	.LFB0:
  26              		.file 1 ".\\Generated_Source\\PSoC5\\Surtidor_INT.c"
   1:.\Generated_Source\PSoC5/Surtidor_INT.c **** /*******************************************************************************
   2:.\Generated_Source\PSoC5/Surtidor_INT.c **** * File Name: Surtidor_INT.c
   3:.\Generated_Source\PSoC5/Surtidor_INT.c **** * Version 2.30
   4:.\Generated_Source\PSoC5/Surtidor_INT.c **** *
   5:.\Generated_Source\PSoC5/Surtidor_INT.c **** * Description:
   6:.\Generated_Source\PSoC5/Surtidor_INT.c **** *  This file provides all Interrupt Service functionality of the UART component
   7:.\Generated_Source\PSoC5/Surtidor_INT.c **** *
   8:.\Generated_Source\PSoC5/Surtidor_INT.c **** * Note:
   9:.\Generated_Source\PSoC5/Surtidor_INT.c **** *  Any unusual or non-standard behavior should be noted here. Other-
  10:.\Generated_Source\PSoC5/Surtidor_INT.c **** *  wise, this section should remain blank.
  11:.\Generated_Source\PSoC5/Surtidor_INT.c **** *
  12:.\Generated_Source\PSoC5/Surtidor_INT.c **** ********************************************************************************
  13:.\Generated_Source\PSoC5/Surtidor_INT.c **** * Copyright 2008-2012, Cypress Semiconductor Corporation.  All rights reserved.
  14:.\Generated_Source\PSoC5/Surtidor_INT.c **** * You may use this file only in accordance with the license, terms, conditions,
  15:.\Generated_Source\PSoC5/Surtidor_INT.c **** * disclaimers, and limitations in the end user license agreement accompanying
  16:.\Generated_Source\PSoC5/Surtidor_INT.c **** * the software package with which this file was provided.
  17:.\Generated_Source\PSoC5/Surtidor_INT.c **** *******************************************************************************/
  18:.\Generated_Source\PSoC5/Surtidor_INT.c **** 
  19:.\Generated_Source\PSoC5/Surtidor_INT.c **** #include "Surtidor.h"
  20:.\Generated_Source\PSoC5/Surtidor_INT.c **** #include "CyLib.h"
  21:.\Generated_Source\PSoC5/Surtidor_INT.c **** 
  22:.\Generated_Source\PSoC5/Surtidor_INT.c **** 
  23:.\Generated_Source\PSoC5/Surtidor_INT.c **** /***************************************
  24:.\Generated_Source\PSoC5/Surtidor_INT.c **** * Custom Declratations
  25:.\Generated_Source\PSoC5/Surtidor_INT.c **** ***************************************/
  26:.\Generated_Source\PSoC5/Surtidor_INT.c **** /* `#START CUSTOM_DECLARATIONS` Place your declaration here */
  27:.\Generated_Source\PSoC5/Surtidor_INT.c **** 
  28:.\Generated_Source\PSoC5/Surtidor_INT.c **** /* `#END` */
  29:.\Generated_Source\PSoC5/Surtidor_INT.c **** 
  30:.\Generated_Source\PSoC5/Surtidor_INT.c **** #if( (Surtidor_RX_ENABLED || Surtidor_HD_ENABLED) && \
  31:.\Generated_Source\PSoC5/Surtidor_INT.c ****      (Surtidor_RXBUFFERSIZE > Surtidor_FIFO_LENGTH))
ARM GAS  C:\Users\RECEPC~1\AppData\Local\Temp\cc085Xjf.s 			page 2


  32:.\Generated_Source\PSoC5/Surtidor_INT.c **** 
  33:.\Generated_Source\PSoC5/Surtidor_INT.c **** 
  34:.\Generated_Source\PSoC5/Surtidor_INT.c ****     /*******************************************************************************
  35:.\Generated_Source\PSoC5/Surtidor_INT.c ****     * Function Name: Surtidor_RXISR
  36:.\Generated_Source\PSoC5/Surtidor_INT.c ****     ********************************************************************************
  37:.\Generated_Source\PSoC5/Surtidor_INT.c ****     *
  38:.\Generated_Source\PSoC5/Surtidor_INT.c ****     * Summary:
  39:.\Generated_Source\PSoC5/Surtidor_INT.c ****     *  Interrupt Service Routine for RX portion of the UART
  40:.\Generated_Source\PSoC5/Surtidor_INT.c ****     *
  41:.\Generated_Source\PSoC5/Surtidor_INT.c ****     * Parameters:
  42:.\Generated_Source\PSoC5/Surtidor_INT.c ****     *  None.
  43:.\Generated_Source\PSoC5/Surtidor_INT.c ****     *
  44:.\Generated_Source\PSoC5/Surtidor_INT.c ****     * Return:
  45:.\Generated_Source\PSoC5/Surtidor_INT.c ****     *  None.
  46:.\Generated_Source\PSoC5/Surtidor_INT.c ****     *
  47:.\Generated_Source\PSoC5/Surtidor_INT.c ****     * Global Variables:
  48:.\Generated_Source\PSoC5/Surtidor_INT.c ****     *  Surtidor_rxBuffer - RAM buffer pointer for save received data.
  49:.\Generated_Source\PSoC5/Surtidor_INT.c ****     *  Surtidor_rxBufferWrite - cyclic index for write to rxBuffer,
  50:.\Generated_Source\PSoC5/Surtidor_INT.c ****     *     increments after each byte saved to buffer.
  51:.\Generated_Source\PSoC5/Surtidor_INT.c ****     *  Surtidor_rxBufferRead - cyclic index for read from rxBuffer,
  52:.\Generated_Source\PSoC5/Surtidor_INT.c ****     *     checked to detect overflow condition.
  53:.\Generated_Source\PSoC5/Surtidor_INT.c ****     *  Surtidor_rxBufferOverflow - software overflow flag. Set to one
  54:.\Generated_Source\PSoC5/Surtidor_INT.c ****     *     when Surtidor_rxBufferWrite index overtakes
  55:.\Generated_Source\PSoC5/Surtidor_INT.c ****     *     Surtidor_rxBufferRead index.
  56:.\Generated_Source\PSoC5/Surtidor_INT.c ****     *  Surtidor_rxBufferLoopDetect - additional variable to detect overflow.
  57:.\Generated_Source\PSoC5/Surtidor_INT.c ****     *     Set to one when Surtidor_rxBufferWrite is equal to
  58:.\Generated_Source\PSoC5/Surtidor_INT.c ****     *    Surtidor_rxBufferRead
  59:.\Generated_Source\PSoC5/Surtidor_INT.c ****     *  Surtidor_rxAddressMode - this variable contains the Address mode,
  60:.\Generated_Source\PSoC5/Surtidor_INT.c ****     *     selected in customizer or set by UART_SetRxAddressMode() API.
  61:.\Generated_Source\PSoC5/Surtidor_INT.c ****     *  Surtidor_rxAddressDetected - set to 1 when correct address received,
  62:.\Generated_Source\PSoC5/Surtidor_INT.c ****     *     and analysed to store following addressed data bytes to the buffer.
  63:.\Generated_Source\PSoC5/Surtidor_INT.c ****     *     When not correct address received, set to 0 to skip following data bytes.
  64:.\Generated_Source\PSoC5/Surtidor_INT.c ****     *
  65:.\Generated_Source\PSoC5/Surtidor_INT.c ****     *******************************************************************************/
  66:.\Generated_Source\PSoC5/Surtidor_INT.c ****     CY_ISR(Surtidor_RXISR)
  67:.\Generated_Source\PSoC5/Surtidor_INT.c ****     {
  27              		.loc 1 67 0
  28              		.cfi_startproc
  29              		@ args = 0, pretend = 0, frame = 0
  30              		@ frame_needed = 0, uses_anonymous_args = 0
  31              		@ link register save eliminated.
  32              	.LVL0:
  68:.\Generated_Source\PSoC5/Surtidor_INT.c ****         uint8 readData;
  69:.\Generated_Source\PSoC5/Surtidor_INT.c ****         uint8 increment_pointer = 0u;
  70:.\Generated_Source\PSoC5/Surtidor_INT.c ****         #if(CY_PSOC3)
  71:.\Generated_Source\PSoC5/Surtidor_INT.c ****             uint8 int_en;
  72:.\Generated_Source\PSoC5/Surtidor_INT.c ****         #endif /* CY_PSOC3 */
  73:.\Generated_Source\PSoC5/Surtidor_INT.c **** 
  74:.\Generated_Source\PSoC5/Surtidor_INT.c ****         /* User code required at start of ISR */
  75:.\Generated_Source\PSoC5/Surtidor_INT.c ****         /* `#START Surtidor_RXISR_START` */
  76:.\Generated_Source\PSoC5/Surtidor_INT.c **** 
  77:.\Generated_Source\PSoC5/Surtidor_INT.c ****         /* `#END` */
  78:.\Generated_Source\PSoC5/Surtidor_INT.c **** 
  79:.\Generated_Source\PSoC5/Surtidor_INT.c ****         #if(CY_PSOC3)   /* Make sure nested interrupt is enabled */
  80:.\Generated_Source\PSoC5/Surtidor_INT.c ****             int_en = EA;
  81:.\Generated_Source\PSoC5/Surtidor_INT.c ****             CyGlobalIntEnable;
  82:.\Generated_Source\PSoC5/Surtidor_INT.c ****         #endif /* CY_PSOC3 */
ARM GAS  C:\Users\RECEPC~1\AppData\Local\Temp\cc085Xjf.s 			page 3


  83:.\Generated_Source\PSoC5/Surtidor_INT.c **** 
  84:.\Generated_Source\PSoC5/Surtidor_INT.c ****         readData = Surtidor_RXSTATUS_REG;
  33              		.loc 1 84 0
  34 0000 184B     		ldr	r3, .L7
  35 0002 1B78     		ldrb	r3, [r3]	@ zero_extendqisi2
  36 0004 DBB2     		uxtb	r3, r3
  37              	.LVL1:
  85:.\Generated_Source\PSoC5/Surtidor_INT.c **** 
  86:.\Generated_Source\PSoC5/Surtidor_INT.c ****         if((readData & (Surtidor_RX_STS_BREAK | Surtidor_RX_STS_PAR_ERROR |
  87:.\Generated_Source\PSoC5/Surtidor_INT.c ****                         Surtidor_RX_STS_STOP_ERROR | Surtidor_RX_STS_OVERRUN)) != 0u)
  88:.\Generated_Source\PSoC5/Surtidor_INT.c ****         {
  89:.\Generated_Source\PSoC5/Surtidor_INT.c ****             /* ERROR handling. */
  90:.\Generated_Source\PSoC5/Surtidor_INT.c ****             /* `#START Surtidor_RXISR_ERROR` */
  91:.\Generated_Source\PSoC5/Surtidor_INT.c **** 
  92:.\Generated_Source\PSoC5/Surtidor_INT.c ****             /* `#END` */
  93:.\Generated_Source\PSoC5/Surtidor_INT.c ****         }
  94:.\Generated_Source\PSoC5/Surtidor_INT.c **** 
  95:.\Generated_Source\PSoC5/Surtidor_INT.c ****         while((readData & Surtidor_RX_STS_FIFO_NOTEMPTY) != 0u)
  38              		.loc 1 95 0
  39 0006 29E0     		b	.L2
  40              	.LVL2:
  41              	.L6:
  96:.\Generated_Source\PSoC5/Surtidor_INT.c ****         {
  97:.\Generated_Source\PSoC5/Surtidor_INT.c **** 
  98:.\Generated_Source\PSoC5/Surtidor_INT.c ****             #if (Surtidor_RXHW_ADDRESS_ENABLED)
  99:.\Generated_Source\PSoC5/Surtidor_INT.c ****                 if(Surtidor_rxAddressMode == (uint8)Surtidor__B_UART__AM_SW_DETECT_TO_BUFFER)
 100:.\Generated_Source\PSoC5/Surtidor_INT.c ****                 {
 101:.\Generated_Source\PSoC5/Surtidor_INT.c ****                     if((readData & Surtidor_RX_STS_MRKSPC) != 0u)
 102:.\Generated_Source\PSoC5/Surtidor_INT.c ****                     {
 103:.\Generated_Source\PSoC5/Surtidor_INT.c ****                         if ((readData & Surtidor_RX_STS_ADDR_MATCH) != 0u)
 104:.\Generated_Source\PSoC5/Surtidor_INT.c ****                         {
 105:.\Generated_Source\PSoC5/Surtidor_INT.c ****                             Surtidor_rxAddressDetected = 1u;
 106:.\Generated_Source\PSoC5/Surtidor_INT.c ****                         }
 107:.\Generated_Source\PSoC5/Surtidor_INT.c ****                         else
 108:.\Generated_Source\PSoC5/Surtidor_INT.c ****                         {
 109:.\Generated_Source\PSoC5/Surtidor_INT.c ****                             Surtidor_rxAddressDetected = 0u;
 110:.\Generated_Source\PSoC5/Surtidor_INT.c ****                         }
 111:.\Generated_Source\PSoC5/Surtidor_INT.c ****                     }
 112:.\Generated_Source\PSoC5/Surtidor_INT.c **** 
 113:.\Generated_Source\PSoC5/Surtidor_INT.c ****                     readData = Surtidor_RXDATA_REG;
 114:.\Generated_Source\PSoC5/Surtidor_INT.c ****                     if(Surtidor_rxAddressDetected != 0u)
 115:.\Generated_Source\PSoC5/Surtidor_INT.c ****                     {   /* store only addressed data */
 116:.\Generated_Source\PSoC5/Surtidor_INT.c ****                         Surtidor_rxBuffer[Surtidor_rxBufferWrite] = readData;
 117:.\Generated_Source\PSoC5/Surtidor_INT.c ****                         increment_pointer = 1u;
 118:.\Generated_Source\PSoC5/Surtidor_INT.c ****                     }
 119:.\Generated_Source\PSoC5/Surtidor_INT.c ****                 }
 120:.\Generated_Source\PSoC5/Surtidor_INT.c ****                 else /* without software addressing */
 121:.\Generated_Source\PSoC5/Surtidor_INT.c ****                 {
 122:.\Generated_Source\PSoC5/Surtidor_INT.c ****                     Surtidor_rxBuffer[Surtidor_rxBufferWrite] = Surtidor_RXDATA_REG;
 123:.\Generated_Source\PSoC5/Surtidor_INT.c ****                     increment_pointer = 1u;
 124:.\Generated_Source\PSoC5/Surtidor_INT.c ****                 }
 125:.\Generated_Source\PSoC5/Surtidor_INT.c ****             #else  /* without addressing */
 126:.\Generated_Source\PSoC5/Surtidor_INT.c ****                 Surtidor_rxBuffer[Surtidor_rxBufferWrite] = Surtidor_RXDATA_REG;
  42              		.loc 1 126 0
  43 0008 174B     		ldr	r3, .L7+4
  44              	.LVL3:
  45 000a 1B88     		ldrh	r3, [r3]
ARM GAS  C:\Users\RECEPC~1\AppData\Local\Temp\cc085Xjf.s 			page 4


  46 000c 9BB2     		uxth	r3, r3
  47 000e 174A     		ldr	r2, .L7+8
  48 0010 1278     		ldrb	r2, [r2]	@ zero_extendqisi2
  49 0012 D2B2     		uxtb	r2, r2
  50 0014 1649     		ldr	r1, .L7+12
  51 0016 CA54     		strb	r2, [r1, r3]
  52              	.LVL4:
 127:.\Generated_Source\PSoC5/Surtidor_INT.c ****                 increment_pointer = 1u;
 128:.\Generated_Source\PSoC5/Surtidor_INT.c ****             #endif /* End SW_DETECT_TO_BUFFER */
 129:.\Generated_Source\PSoC5/Surtidor_INT.c **** 
 130:.\Generated_Source\PSoC5/Surtidor_INT.c ****             /* do not increment buffer pointer when skip not adderessed data */
 131:.\Generated_Source\PSoC5/Surtidor_INT.c ****             if( increment_pointer != 0u )
 132:.\Generated_Source\PSoC5/Surtidor_INT.c ****             {
 133:.\Generated_Source\PSoC5/Surtidor_INT.c ****                 if(Surtidor_rxBufferLoopDetect != 0u)
  53              		.loc 1 133 0
  54 0018 164B     		ldr	r3, .L7+16
  55 001a 1B78     		ldrb	r3, [r3]	@ zero_extendqisi2
  56 001c 13F0FF0F 		tst	r3, #255
  57 0020 02D0     		beq	.L3
 134:.\Generated_Source\PSoC5/Surtidor_INT.c ****                 {   /* Set Software Buffer status Overflow */
 135:.\Generated_Source\PSoC5/Surtidor_INT.c ****                     Surtidor_rxBufferOverflow = 1u;
  58              		.loc 1 135 0
  59 0022 0122     		movs	r2, #1
  60 0024 144B     		ldr	r3, .L7+20
  61 0026 1A70     		strb	r2, [r3]
  62              	.L3:
 136:.\Generated_Source\PSoC5/Surtidor_INT.c ****                 }
 137:.\Generated_Source\PSoC5/Surtidor_INT.c ****                 /* Set next pointer. */
 138:.\Generated_Source\PSoC5/Surtidor_INT.c ****                 Surtidor_rxBufferWrite++;
  63              		.loc 1 138 0
  64 0028 0F4A     		ldr	r2, .L7+4
  65 002a 1388     		ldrh	r3, [r2]
  66 002c 0133     		adds	r3, r3, #1
  67 002e 9BB2     		uxth	r3, r3
  68 0030 1380     		strh	r3, [r2]	@ movhi
 139:.\Generated_Source\PSoC5/Surtidor_INT.c **** 
 140:.\Generated_Source\PSoC5/Surtidor_INT.c ****                 /* Check pointer for a loop condition */
 141:.\Generated_Source\PSoC5/Surtidor_INT.c ****                 if(Surtidor_rxBufferWrite >= Surtidor_RXBUFFERSIZE)
  69              		.loc 1 141 0
  70 0032 1388     		ldrh	r3, [r2]
  71 0034 9BB2     		uxth	r3, r3
  72 0036 FF2B     		cmp	r3, #255
  73 0038 02D9     		bls	.L4
 142:.\Generated_Source\PSoC5/Surtidor_INT.c ****                 {
 143:.\Generated_Source\PSoC5/Surtidor_INT.c ****                     Surtidor_rxBufferWrite = 0u;
  74              		.loc 1 143 0
  75 003a 0022     		movs	r2, #0
  76 003c 0A4B     		ldr	r3, .L7+4
  77 003e 1A80     		strh	r2, [r3]	@ movhi
  78              	.L4:
 144:.\Generated_Source\PSoC5/Surtidor_INT.c ****                 }
 145:.\Generated_Source\PSoC5/Surtidor_INT.c ****                 /* Detect pre-overload condition and set flag */
 146:.\Generated_Source\PSoC5/Surtidor_INT.c ****                 if(Surtidor_rxBufferWrite == Surtidor_rxBufferRead)
  79              		.loc 1 146 0
  80 0040 094B     		ldr	r3, .L7+4
  81 0042 1A88     		ldrh	r2, [r3]
  82 0044 92B2     		uxth	r2, r2
ARM GAS  C:\Users\RECEPC~1\AppData\Local\Temp\cc085Xjf.s 			page 5


  83 0046 0D4B     		ldr	r3, .L7+24
  84 0048 1B88     		ldrh	r3, [r3]
  85 004a 9BB2     		uxth	r3, r3
  86 004c 9A42     		cmp	r2, r3
  87 004e 02D1     		bne	.L5
 147:.\Generated_Source\PSoC5/Surtidor_INT.c ****                 {
 148:.\Generated_Source\PSoC5/Surtidor_INT.c ****                     Surtidor_rxBufferLoopDetect = 1u;
  88              		.loc 1 148 0
  89 0050 0122     		movs	r2, #1
  90 0052 084B     		ldr	r3, .L7+16
  91 0054 1A70     		strb	r2, [r3]
  92              	.L5:
 149:.\Generated_Source\PSoC5/Surtidor_INT.c ****                     /* When Hardware Flow Control selected */
 150:.\Generated_Source\PSoC5/Surtidor_INT.c ****                     #if(Surtidor_FLOW_CONTROL != 0u)
 151:.\Generated_Source\PSoC5/Surtidor_INT.c ****                     /* Disable RX interrupt mask, it will be enabled when user read data from the b
 152:.\Generated_Source\PSoC5/Surtidor_INT.c ****                         Surtidor_RXSTATUS_MASK_REG  &= (uint8)~Surtidor_RX_STS_FIFO_NOTEMPTY;
 153:.\Generated_Source\PSoC5/Surtidor_INT.c ****                         CyIntClearPending(Surtidor_RX_VECT_NUM);
 154:.\Generated_Source\PSoC5/Surtidor_INT.c ****                         break; /* Break the reading of the FIFO loop, leave the data there for gene
 155:.\Generated_Source\PSoC5/Surtidor_INT.c ****                     #endif /* End Surtidor_FLOW_CONTROL != 0 */
 156:.\Generated_Source\PSoC5/Surtidor_INT.c ****                 }
 157:.\Generated_Source\PSoC5/Surtidor_INT.c ****             }
 158:.\Generated_Source\PSoC5/Surtidor_INT.c **** 
 159:.\Generated_Source\PSoC5/Surtidor_INT.c ****             /* Check again if there is data. */
 160:.\Generated_Source\PSoC5/Surtidor_INT.c ****             readData = Surtidor_RXSTATUS_REG;
  93              		.loc 1 160 0
  94 0056 034B     		ldr	r3, .L7
  95 0058 1B78     		ldrb	r3, [r3]	@ zero_extendqisi2
  96 005a DBB2     		uxtb	r3, r3
  97              	.LVL5:
  98              	.L2:
  95:.\Generated_Source\PSoC5/Surtidor_INT.c ****         {
  99              		.loc 1 95 0
 100 005c 13F0200F 		tst	r3, #32
 101 0060 D2D1     		bne	.L6
 161:.\Generated_Source\PSoC5/Surtidor_INT.c ****         }
 162:.\Generated_Source\PSoC5/Surtidor_INT.c **** 
 163:.\Generated_Source\PSoC5/Surtidor_INT.c ****         /* User code required at end of ISR (Optional) */
 164:.\Generated_Source\PSoC5/Surtidor_INT.c ****         /* `#START Surtidor_RXISR_END` */
 165:.\Generated_Source\PSoC5/Surtidor_INT.c **** 
 166:.\Generated_Source\PSoC5/Surtidor_INT.c ****         /* `#END` */
 167:.\Generated_Source\PSoC5/Surtidor_INT.c **** 
 168:.\Generated_Source\PSoC5/Surtidor_INT.c ****         #if(CY_PSOC3)
 169:.\Generated_Source\PSoC5/Surtidor_INT.c ****             EA = int_en;
 170:.\Generated_Source\PSoC5/Surtidor_INT.c ****         #endif /* CY_PSOC3 */
 171:.\Generated_Source\PSoC5/Surtidor_INT.c **** 
 172:.\Generated_Source\PSoC5/Surtidor_INT.c ****     }
 102              		.loc 1 172 0
 103 0062 7047     		bx	lr
 104              	.L8:
 105              		.align	2
 106              	.L7:
 107 0064 6D640040 		.word	1073767533
 108 0068 00000000 		.word	Surtidor_rxBufferWrite
 109 006c 4E640040 		.word	1073767502
 110 0070 00000000 		.word	Surtidor_rxBuffer
 111 0074 00000000 		.word	Surtidor_rxBufferLoopDetect
 112 0078 00000000 		.word	Surtidor_rxBufferOverflow
ARM GAS  C:\Users\RECEPC~1\AppData\Local\Temp\cc085Xjf.s 			page 6


 113 007c 00000000 		.word	Surtidor_rxBufferRead
 114              		.cfi_endproc
 115              	.LFE0:
 116              		.size	Surtidor_RXISR, .-Surtidor_RXISR
 117              		.text
 118              	.Letext0:
 119              		.file 2 ".\\Generated_Source\\PSoC5\\cytypes.h"
 120              		.file 3 ".\\Generated_Source\\PSoC5\\Surtidor.h"
 121              		.section	.debug_info,"",%progbits
 122              	.Ldebug_info0:
 123 0000 37010000 		.4byte	0x137
 124 0004 0400     		.2byte	0x4
 125 0006 00000000 		.4byte	.Ldebug_abbrev0
 126 000a 04       		.byte	0x4
 127 000b 01       		.uleb128 0x1
 128 000c E3000000 		.4byte	.LASF23
 129 0010 01       		.byte	0x1
 130 0011 BB000000 		.4byte	.LASF24
 131 0015 43000000 		.4byte	.LASF25
 132 0019 00000000 		.4byte	.Ldebug_ranges0+0
 133 001d 00000000 		.4byte	0
 134 0021 00000000 		.4byte	.Ldebug_line0
 135 0025 02       		.uleb128 0x2
 136 0026 01       		.byte	0x1
 137 0027 06       		.byte	0x6
 138 0028 A7010000 		.4byte	.LASF0
 139 002c 02       		.uleb128 0x2
 140 002d 01       		.byte	0x1
 141 002e 08       		.byte	0x8
 142 002f 71010000 		.4byte	.LASF1
 143 0033 02       		.uleb128 0x2
 144 0034 02       		.byte	0x2
 145 0035 05       		.byte	0x5
 146 0036 01020000 		.4byte	.LASF2
 147 003a 02       		.uleb128 0x2
 148 003b 02       		.byte	0x2
 149 003c 07       		.byte	0x7
 150 003d 94010000 		.4byte	.LASF3
 151 0041 02       		.uleb128 0x2
 152 0042 04       		.byte	0x4
 153 0043 05       		.byte	0x5
 154 0044 84010000 		.4byte	.LASF4
 155 0048 02       		.uleb128 0x2
 156 0049 04       		.byte	0x4
 157 004a 07       		.byte	0x7
 158 004b 92000000 		.4byte	.LASF5
 159 004f 02       		.uleb128 0x2
 160 0050 08       		.byte	0x8
 161 0051 05       		.byte	0x5
 162 0052 00000000 		.4byte	.LASF6
 163 0056 02       		.uleb128 0x2
 164 0057 08       		.byte	0x8
 165 0058 07       		.byte	0x7
 166 0059 A4000000 		.4byte	.LASF7
 167 005d 03       		.uleb128 0x3
 168 005e 04       		.byte	0x4
 169 005f 05       		.byte	0x5
ARM GAS  C:\Users\RECEPC~1\AppData\Local\Temp\cc085Xjf.s 			page 7


 170 0060 696E7400 		.ascii	"int\000"
 171 0064 02       		.uleb128 0x2
 172 0065 04       		.byte	0x4
 173 0066 07       		.byte	0x7
 174 0067 0E000000 		.4byte	.LASF8
 175 006b 04       		.uleb128 0x4
 176 006c 8C000000 		.4byte	.LASF9
 177 0070 02       		.byte	0x2
 178 0071 3801     		.2byte	0x138
 179 0073 2C000000 		.4byte	0x2c
 180 0077 04       		.uleb128 0x4
 181 0078 0B020000 		.4byte	.LASF10
 182 007c 02       		.byte	0x2
 183 007d 3901     		.2byte	0x139
 184 007f 3A000000 		.4byte	0x3a
 185 0083 02       		.uleb128 0x2
 186 0084 04       		.byte	0x4
 187 0085 04       		.byte	0x4
 188 0086 FB010000 		.4byte	.LASF11
 189 008a 02       		.uleb128 0x2
 190 008b 08       		.byte	0x8
 191 008c 04       		.byte	0x4
 192 008d 8D010000 		.4byte	.LASF12
 193 0091 02       		.uleb128 0x2
 194 0092 01       		.byte	0x1
 195 0093 08       		.byte	0x8
 196 0094 7F010000 		.4byte	.LASF13
 197 0098 04       		.uleb128 0x4
 198 0099 87000000 		.4byte	.LASF14
 199 009d 02       		.byte	0x2
 200 009e E201     		.2byte	0x1e2
 201 00a0 A4000000 		.4byte	0xa4
 202 00a4 05       		.uleb128 0x5
 203 00a5 6B000000 		.4byte	0x6b
 204 00a9 05       		.uleb128 0x5
 205 00aa 77000000 		.4byte	0x77
 206 00ae 02       		.uleb128 0x2
 207 00af 04       		.byte	0x4
 208 00b0 07       		.byte	0x7
 209 00b1 41020000 		.4byte	.LASF15
 210 00b5 06       		.uleb128 0x6
 211 00b6 29020000 		.4byte	.LASF26
 212 00ba 01       		.byte	0x1
 213 00bb 42       		.byte	0x42
 214 00bc 00000000 		.4byte	.LFB0
 215 00c0 80000000 		.4byte	.LFE0-.LFB0
 216 00c4 01       		.uleb128 0x1
 217 00c5 9C       		.byte	0x9c
 218 00c6 E9000000 		.4byte	0xe9
 219 00ca 07       		.uleb128 0x7
 220 00cb 38020000 		.4byte	.LASF16
 221 00cf 01       		.byte	0x1
 222 00d0 44       		.byte	0x44
 223 00d1 6B000000 		.4byte	0x6b
 224 00d5 00000000 		.4byte	.LLST0
 225 00d9 07       		.uleb128 0x7
 226 00da 1B000000 		.4byte	.LASF17
ARM GAS  C:\Users\RECEPC~1\AppData\Local\Temp\cc085Xjf.s 			page 8


 227 00de 01       		.byte	0x1
 228 00df 45       		.byte	0x45
 229 00e0 6B000000 		.4byte	0x6b
 230 00e4 1E000000 		.4byte	.LLST1
 231 00e8 00       		.byte	0
 232 00e9 08       		.uleb128 0x8
 233 00ea 6B000000 		.4byte	0x6b
 234 00ee F9000000 		.4byte	0xf9
 235 00f2 09       		.uleb128 0x9
 236 00f3 AE000000 		.4byte	0xae
 237 00f7 FF       		.byte	0xff
 238 00f8 00       		.byte	0
 239 00f9 0A       		.uleb128 0xa
 240 00fa E9010000 		.4byte	.LASF18
 241 00fe 03       		.byte	0x3
 242 00ff 5201     		.2byte	0x152
 243 0101 05010000 		.4byte	0x105
 244 0105 05       		.uleb128 0x5
 245 0106 E9000000 		.4byte	0xe9
 246 010a 0A       		.uleb128 0xa
 247 010b 2D000000 		.4byte	.LASF19
 248 010f 03       		.byte	0x3
 249 0110 5301     		.2byte	0x153
 250 0112 A9000000 		.4byte	0xa9
 251 0116 0A       		.uleb128 0xa
 252 0117 12020000 		.4byte	.LASF20
 253 011b 03       		.byte	0x3
 254 011c 5401     		.2byte	0x154
 255 011e A9000000 		.4byte	0xa9
 256 0122 0A       		.uleb128 0xa
 257 0123 CD010000 		.4byte	.LASF21
 258 0127 03       		.byte	0x3
 259 0128 5501     		.2byte	0x155
 260 012a A4000000 		.4byte	0xa4
 261 012e 0A       		.uleb128 0xa
 262 012f B3010000 		.4byte	.LASF22
 263 0133 03       		.byte	0x3
 264 0134 5601     		.2byte	0x156
 265 0136 A4000000 		.4byte	0xa4
 266 013a 00       		.byte	0
 267              		.section	.debug_abbrev,"",%progbits
 268              	.Ldebug_abbrev0:
 269 0000 01       		.uleb128 0x1
 270 0001 11       		.uleb128 0x11
 271 0002 01       		.byte	0x1
 272 0003 25       		.uleb128 0x25
 273 0004 0E       		.uleb128 0xe
 274 0005 13       		.uleb128 0x13
 275 0006 0B       		.uleb128 0xb
 276 0007 03       		.uleb128 0x3
 277 0008 0E       		.uleb128 0xe
 278 0009 1B       		.uleb128 0x1b
 279 000a 0E       		.uleb128 0xe
 280 000b 55       		.uleb128 0x55
 281 000c 17       		.uleb128 0x17
 282 000d 11       		.uleb128 0x11
 283 000e 01       		.uleb128 0x1
ARM GAS  C:\Users\RECEPC~1\AppData\Local\Temp\cc085Xjf.s 			page 9


 284 000f 10       		.uleb128 0x10
 285 0010 17       		.uleb128 0x17
 286 0011 00       		.byte	0
 287 0012 00       		.byte	0
 288 0013 02       		.uleb128 0x2
 289 0014 24       		.uleb128 0x24
 290 0015 00       		.byte	0
 291 0016 0B       		.uleb128 0xb
 292 0017 0B       		.uleb128 0xb
 293 0018 3E       		.uleb128 0x3e
 294 0019 0B       		.uleb128 0xb
 295 001a 03       		.uleb128 0x3
 296 001b 0E       		.uleb128 0xe
 297 001c 00       		.byte	0
 298 001d 00       		.byte	0
 299 001e 03       		.uleb128 0x3
 300 001f 24       		.uleb128 0x24
 301 0020 00       		.byte	0
 302 0021 0B       		.uleb128 0xb
 303 0022 0B       		.uleb128 0xb
 304 0023 3E       		.uleb128 0x3e
 305 0024 0B       		.uleb128 0xb
 306 0025 03       		.uleb128 0x3
 307 0026 08       		.uleb128 0x8
 308 0027 00       		.byte	0
 309 0028 00       		.byte	0
 310 0029 04       		.uleb128 0x4
 311 002a 16       		.uleb128 0x16
 312 002b 00       		.byte	0
 313 002c 03       		.uleb128 0x3
 314 002d 0E       		.uleb128 0xe
 315 002e 3A       		.uleb128 0x3a
 316 002f 0B       		.uleb128 0xb
 317 0030 3B       		.uleb128 0x3b
 318 0031 05       		.uleb128 0x5
 319 0032 49       		.uleb128 0x49
 320 0033 13       		.uleb128 0x13
 321 0034 00       		.byte	0
 322 0035 00       		.byte	0
 323 0036 05       		.uleb128 0x5
 324 0037 35       		.uleb128 0x35
 325 0038 00       		.byte	0
 326 0039 49       		.uleb128 0x49
 327 003a 13       		.uleb128 0x13
 328 003b 00       		.byte	0
 329 003c 00       		.byte	0
 330 003d 06       		.uleb128 0x6
 331 003e 2E       		.uleb128 0x2e
 332 003f 01       		.byte	0x1
 333 0040 3F       		.uleb128 0x3f
 334 0041 19       		.uleb128 0x19
 335 0042 03       		.uleb128 0x3
 336 0043 0E       		.uleb128 0xe
 337 0044 3A       		.uleb128 0x3a
 338 0045 0B       		.uleb128 0xb
 339 0046 3B       		.uleb128 0x3b
 340 0047 0B       		.uleb128 0xb
ARM GAS  C:\Users\RECEPC~1\AppData\Local\Temp\cc085Xjf.s 			page 10


 341 0048 27       		.uleb128 0x27
 342 0049 19       		.uleb128 0x19
 343 004a 11       		.uleb128 0x11
 344 004b 01       		.uleb128 0x1
 345 004c 12       		.uleb128 0x12
 346 004d 06       		.uleb128 0x6
 347 004e 40       		.uleb128 0x40
 348 004f 18       		.uleb128 0x18
 349 0050 9742     		.uleb128 0x2117
 350 0052 19       		.uleb128 0x19
 351 0053 01       		.uleb128 0x1
 352 0054 13       		.uleb128 0x13
 353 0055 00       		.byte	0
 354 0056 00       		.byte	0
 355 0057 07       		.uleb128 0x7
 356 0058 34       		.uleb128 0x34
 357 0059 00       		.byte	0
 358 005a 03       		.uleb128 0x3
 359 005b 0E       		.uleb128 0xe
 360 005c 3A       		.uleb128 0x3a
 361 005d 0B       		.uleb128 0xb
 362 005e 3B       		.uleb128 0x3b
 363 005f 0B       		.uleb128 0xb
 364 0060 49       		.uleb128 0x49
 365 0061 13       		.uleb128 0x13
 366 0062 02       		.uleb128 0x2
 367 0063 17       		.uleb128 0x17
 368 0064 00       		.byte	0
 369 0065 00       		.byte	0
 370 0066 08       		.uleb128 0x8
 371 0067 01       		.uleb128 0x1
 372 0068 01       		.byte	0x1
 373 0069 49       		.uleb128 0x49
 374 006a 13       		.uleb128 0x13
 375 006b 01       		.uleb128 0x1
 376 006c 13       		.uleb128 0x13
 377 006d 00       		.byte	0
 378 006e 00       		.byte	0
 379 006f 09       		.uleb128 0x9
 380 0070 21       		.uleb128 0x21
 381 0071 00       		.byte	0
 382 0072 49       		.uleb128 0x49
 383 0073 13       		.uleb128 0x13
 384 0074 2F       		.uleb128 0x2f
 385 0075 0B       		.uleb128 0xb
 386 0076 00       		.byte	0
 387 0077 00       		.byte	0
 388 0078 0A       		.uleb128 0xa
 389 0079 34       		.uleb128 0x34
 390 007a 00       		.byte	0
 391 007b 03       		.uleb128 0x3
 392 007c 0E       		.uleb128 0xe
 393 007d 3A       		.uleb128 0x3a
 394 007e 0B       		.uleb128 0xb
 395 007f 3B       		.uleb128 0x3b
 396 0080 05       		.uleb128 0x5
 397 0081 49       		.uleb128 0x49
ARM GAS  C:\Users\RECEPC~1\AppData\Local\Temp\cc085Xjf.s 			page 11


 398 0082 13       		.uleb128 0x13
 399 0083 3F       		.uleb128 0x3f
 400 0084 19       		.uleb128 0x19
 401 0085 3C       		.uleb128 0x3c
 402 0086 19       		.uleb128 0x19
 403 0087 00       		.byte	0
 404 0088 00       		.byte	0
 405 0089 00       		.byte	0
 406              		.section	.debug_loc,"",%progbits
 407              	.Ldebug_loc0:
 408              	.LLST0:
 409 0000 06000000 		.4byte	.LVL1
 410 0004 0A000000 		.4byte	.LVL3
 411 0008 0100     		.2byte	0x1
 412 000a 53       		.byte	0x53
 413 000b 5C000000 		.4byte	.LVL5
 414 000f 80000000 		.4byte	.LFE0
 415 0013 0100     		.2byte	0x1
 416 0015 53       		.byte	0x53
 417 0016 00000000 		.4byte	0
 418 001a 00000000 		.4byte	0
 419              	.LLST1:
 420 001e 00000000 		.4byte	.LVL0
 421 0022 08000000 		.4byte	.LVL2
 422 0026 0200     		.2byte	0x2
 423 0028 30       		.byte	0x30
 424 0029 9F       		.byte	0x9f
 425 002a 18000000 		.4byte	.LVL4
 426 002e 5C000000 		.4byte	.LVL5
 427 0032 0200     		.2byte	0x2
 428 0034 31       		.byte	0x31
 429 0035 9F       		.byte	0x9f
 430 0036 00000000 		.4byte	0
 431 003a 00000000 		.4byte	0
 432              		.section	.debug_aranges,"",%progbits
 433 0000 1C000000 		.4byte	0x1c
 434 0004 0200     		.2byte	0x2
 435 0006 00000000 		.4byte	.Ldebug_info0
 436 000a 04       		.byte	0x4
 437 000b 00       		.byte	0
 438 000c 0000     		.2byte	0
 439 000e 0000     		.2byte	0
 440 0010 00000000 		.4byte	.LFB0
 441 0014 80000000 		.4byte	.LFE0-.LFB0
 442 0018 00000000 		.4byte	0
 443 001c 00000000 		.4byte	0
 444              		.section	.debug_ranges,"",%progbits
 445              	.Ldebug_ranges0:
 446 0000 00000000 		.4byte	.LFB0
 447 0004 80000000 		.4byte	.LFE0
 448 0008 00000000 		.4byte	0
 449 000c 00000000 		.4byte	0
 450              		.section	.debug_line,"",%progbits
 451              	.Ldebug_line0:
 452 0000 8A000000 		.section	.debug_str,"MS",%progbits,1
 452      02005900 
 452      00000201 
ARM GAS  C:\Users\RECEPC~1\AppData\Local\Temp\cc085Xjf.s 			page 12


 452      FB0E0D00 
 452      01010101 
 453              	.LASF6:
 454 0000 6C6F6E67 		.ascii	"long long int\000"
 454      206C6F6E 
 454      6720696E 
 454      7400
 455              	.LASF8:
 456 000e 756E7369 		.ascii	"unsigned int\000"
 456      676E6564 
 456      20696E74 
 456      00
 457              	.LASF17:
 458 001b 696E6372 		.ascii	"increment_pointer\000"
 458      656D656E 
 458      745F706F 
 458      696E7465 
 458      7200
 459              	.LASF19:
 460 002d 53757274 		.ascii	"Surtidor_rxBufferRead\000"
 460      69646F72 
 460      5F727842 
 460      75666665 
 460      72526561 
 461              	.LASF25:
 462 0043 433A5C55 		.ascii	"C:\\Users\\Recepcion\\Documents\\Prime GRP700\\Work"
 462      73657273 
 462      5C526563 
 462      65706369 
 462      6F6E5C44 
 463 0071 73706163 		.ascii	"space01\\PGRP700.cydsn\000"
 463      6530315C 
 463      50475250 
 463      3730302E 
 463      63796473 
 464              	.LASF14:
 465 0087 72656738 		.ascii	"reg8\000"
 465      00
 466              	.LASF9:
 467 008c 75696E74 		.ascii	"uint8\000"
 467      3800
 468              	.LASF5:
 469 0092 6C6F6E67 		.ascii	"long unsigned int\000"
 469      20756E73 
 469      69676E65 
 469      6420696E 
 469      7400
 470              	.LASF7:
 471 00a4 6C6F6E67 		.ascii	"long long unsigned int\000"
 471      206C6F6E 
 471      6720756E 
 471      7369676E 
 471      65642069 
 472              	.LASF24:
 473 00bb 2E5C4765 		.ascii	".\\Generated_Source\\PSoC5\\Surtidor_INT.c\000"
 473      6E657261 
 473      7465645F 
ARM GAS  C:\Users\RECEPC~1\AppData\Local\Temp\cc085Xjf.s 			page 13


 473      536F7572 
 473      63655C50 
 474              	.LASF23:
 475 00e3 474E5520 		.ascii	"GNU C 4.9.3 20150303 (release) [ARM/embedded-4_9-br"
 475      4320342E 
 475      392E3320 
 475      32303135 
 475      30333033 
 476 0116 616E6368 		.ascii	"anch revision 221220] -mcpu=cortex-m3 -mthumb -g -O"
 476      20726576 
 476      6973696F 
 476      6E203232 
 476      31323230 
 477 0149 67202D66 		.ascii	"g -ffunction-sections -ffat-lto-objects\000"
 477      66756E63 
 477      74696F6E 
 477      2D736563 
 477      74696F6E 
 478              	.LASF1:
 479 0171 756E7369 		.ascii	"unsigned char\000"
 479      676E6564 
 479      20636861 
 479      7200
 480              	.LASF13:
 481 017f 63686172 		.ascii	"char\000"
 481      00
 482              	.LASF4:
 483 0184 6C6F6E67 		.ascii	"long int\000"
 483      20696E74 
 483      00
 484              	.LASF12:
 485 018d 646F7562 		.ascii	"double\000"
 485      6C6500
 486              	.LASF3:
 487 0194 73686F72 		.ascii	"short unsigned int\000"
 487      7420756E 
 487      7369676E 
 487      65642069 
 487      6E7400
 488              	.LASF0:
 489 01a7 7369676E 		.ascii	"signed char\000"
 489      65642063 
 489      68617200 
 490              	.LASF22:
 491 01b3 53757274 		.ascii	"Surtidor_rxBufferOverflow\000"
 491      69646F72 
 491      5F727842 
 491      75666665 
 491      724F7665 
 492              	.LASF21:
 493 01cd 53757274 		.ascii	"Surtidor_rxBufferLoopDetect\000"
 493      69646F72 
 493      5F727842 
 493      75666665 
 493      724C6F6F 
 494              	.LASF18:
 495 01e9 53757274 		.ascii	"Surtidor_rxBuffer\000"
ARM GAS  C:\Users\RECEPC~1\AppData\Local\Temp\cc085Xjf.s 			page 14


 495      69646F72 
 495      5F727842 
 495      75666665 
 495      7200
 496              	.LASF11:
 497 01fb 666C6F61 		.ascii	"float\000"
 497      7400
 498              	.LASF2:
 499 0201 73686F72 		.ascii	"short int\000"
 499      7420696E 
 499      7400
 500              	.LASF10:
 501 020b 75696E74 		.ascii	"uint16\000"
 501      313600
 502              	.LASF20:
 503 0212 53757274 		.ascii	"Surtidor_rxBufferWrite\000"
 503      69646F72 
 503      5F727842 
 503      75666665 
 503      72577269 
 504              	.LASF26:
 505 0229 53757274 		.ascii	"Surtidor_RXISR\000"
 505      69646F72 
 505      5F525849 
 505      535200
 506              	.LASF16:
 507 0238 72656164 		.ascii	"readData\000"
 507      44617461 
 507      00
 508              	.LASF15:
 509 0241 73697A65 		.ascii	"sizetype\000"
 509      74797065 
 509      00
 510              		.ident	"GCC: (GNU Tools for ARM Embedded Processors) 4.9.3 20150303 (release) [ARM/embedded-4_9-br
